Picked up JAVA_TOOL_OPTIONS:  -Duser.home=/backups/disk2/blent-mutation-evidence/t652-bounded/kotlin/home
To honour the JVM settings for this build a single-use Daemon process will be forked. For more on this, please refer to https://docs.gradle.org/8.5/userguide/gradle_daemon.html#sec:disabling_the_daemon in the Gradle documentation.
Daemon will be stopped at the end of the build

> Configure project :app
WARNING: The option setting 'android.experimental.lint.version=8.3.2' is experimental.
Warning: SDK processing. This version only understands SDK XML versions up to 3 but an SDK XML file of version 4 was encountered. This can happen if you use versions of Android Studio and the command-line tools that were released at different times.

> Task :app:checkKotlinGradlePluginConfigurationErrors
> Task :app:generateDebugProfileIdentity
> Task :app:preBuild UP-TO-DATE
> Task :app:preDebugBuild
> Task :app:checkDebugAarMetadata UP-TO-DATE
> Task :app:generateDebugResValues UP-TO-DATE
> Task :app:mapDebugSourceSetPaths UP-TO-DATE
> Task :app:generateDebugResources UP-TO-DATE
> Task :app:mergeDebugResources UP-TO-DATE
> Task :app:packageDebugResources UP-TO-DATE
> Task :app:parseDebugLocalResources UP-TO-DATE
> Task :app:createDebugCompatibleScreenManifests UP-TO-DATE
> Task :app:extractDeepLinksDebug UP-TO-DATE
> Task :app:processDebugMainManifest UP-TO-DATE
> Task :app:processDebugManifest UP-TO-DATE
> Task :app:processDebugManifestForPackage UP-TO-DATE
> Task :app:processDebugResources UP-TO-DATE
> Task :app:javaPreCompileDebug UP-TO-DATE
> Task :app:compileDebugKotlin
> Task :app:compileDebugJavaWithJavac NO-SOURCE
> Task :app:bundleDebugClassesToCompileJar
> Task :app:compileDebugUnitTestKotlin

BUILD SUCCESSFUL in 9s
18 actionable tasks: 5 executed, 13 up-to-date
