
> Configure project :app
WARNING: The option setting 'android.experimental.lint.version=8.3.2' is experimental.

> Task :app:checkKotlinGradlePluginConfigurationErrors
> Task :app:preBuild UP-TO-DATE
> Task :app:preDebugBuild UP-TO-DATE
> Task :app:generateDebugResValues
> Task :app:checkDebugAarMetadata
> Task :app:mapDebugSourceSetPaths
> Task :app:generateDebugResources
> Task :app:packageDebugResources
> Task :app:createDebugCompatibleScreenManifests
> Task :app:extractDeepLinksDebug
> Task :app:processDebugMainManifest
> Task :app:processDebugManifest
> Task :app:preDebugUnitTestBuild UP-TO-DATE
> Task :app:javaPreCompileDebug
> Task :app:javaPreCompileDebugUnitTest
> Task :app:mergeDebugShaders
> Task :app:compileDebugShaders NO-SOURCE
> Task :app:generateDebugAssets UP-TO-DATE
> Task :app:mergeDebugResources
> Task :app:mergeDebugAssets
> Task :app:extractProguardFiles
> Task :app:preDebugAndroidTestBuild SKIPPED
> Task :app:generateDebugAndroidTestResValues
> Task :app:processDebugManifestForPackage
> Task :app:parseDebugLocalResources
> Task :app:processDebugResources
> Task :app:packageDebugUnitTestForUnitTest
> Task :app:generateDebugUnitTestConfig

> Task :app:compileDebugKotlin
w: file:///tmp/uscreen-t399-review-tree/android/app/src/main/java/com/uscreen/VideoTiming.kt:88:31 Variable 'report' initializer is redundant

> Task :app:compileDebugJavaWithJavac NO-SOURCE
> Task :app:processDebugJavaRes
> Task :app:bundleDebugClassesToRuntimeJar
> Task :app:bundleDebugClassesToCompileJar
> Task :app:generateDebugLintReportModel

> Task :app:compileDebugUnitTestKotlin
w: file:///tmp/uscreen-t399-review-tree/android/app/src/test/java/com/uscreen/OrientationTest.kt:18:32 'ShadowSensor' is deprecated. Deprecated in Java
w: file:///tmp/uscreen-t399-review-tree/android/app/src/test/java/com/uscreen/SettingsLayoutTest.kt:158:62 'addResolveInfoForIntent(Intent!, ResolveInfo!): Unit' is deprecated. Deprecated in Java

> Task :app:compileDebugUnitTestJavaWithJavac NO-SOURCE
> Task :app:processDebugUnitTestJavaRes
> Task :app:lintAnalyzeDebug
> Task :app:testDebugUnitTest

> Task :app:lintReportDebug
Wrote HTML report to file:///tmp/uscreen-t399-review-tree/android/app/build/reports/lint-results-debug.html

> Task :app:lintDebug

BUILD SUCCESSFUL in 24s
32 actionable tasks: 32 executed
