   Compiling proc-macro2 v1.0.106
   Compiling unicode-ident v1.0.24
   Compiling quote v1.0.45
   Compiling cfg-if v1.0.4
   Compiling windows-link v0.2.1
   Compiling stable_deref_trait v1.2.1
   Compiling windows-sys v0.61.2
   Compiling smallvec v1.15.1
   Compiling serde_core v1.0.228
   Compiling version_check v0.9.5
   Compiling generic-array v0.14.7
   Compiling litemap v0.8.2
   Compiling syn v2.0.117
   Compiling serde v1.0.228
   Compiling writeable v0.6.3
   Compiling utf8_iter v1.0.4
   Compiling icu_properties_data v2.2.0
   Compiling icu_normalizer_data v2.2.0
   Compiling typenum v1.20.1
   Compiling synstructure v0.13.2
   Compiling pin-project-lite v0.2.17
   Compiling zerofrom-derive v0.1.7
   Compiling yoke-derive v0.8.2
   Compiling zerovec-derive v0.11.3
   Compiling displaydoc v0.2.6
   Compiling serde_derive v1.0.228
   Compiling once_cell v1.21.4
   Compiling zerofrom v0.1.8
   Compiling zerocopy v0.8.52
   Compiling parking_lot_core v0.9.12
   Compiling yoke v0.8.3
   Compiling scopeguard v1.2.0
   Compiling itoa v1.0.18
   Compiling log v0.4.32
   Compiling bytes v1.11.1
   Compiling lock_api v0.4.14
   Compiling zerovec v0.11.6
   Compiling zerotrie v0.2.4
   Compiling tracing-core v0.1.36
   Compiling crypto-common v0.1.7
   Compiling block-buffer v0.10.4
   Compiling getrandom v0.2.17
   Compiling tinystr v0.8.3
   Compiling potential_utf v0.1.5
   Compiling utf8parse v0.2.2
   Compiling icu_locale_core v2.2.0
   Compiling icu_collections v2.2.0
   Compiling zmij v1.0.21
   Compiling once_cell_polyfill v1.70.2
   Compiling anstyle v1.0.14
   Compiling anstyle-wincon v3.0.11
   Compiling icu_provider v2.2.0
   Compiling icu_normalizer v2.2.0
   Compiling icu_properties v2.2.0
   Compiling ppv-lite86 v0.2.21
   Compiling anstyle-parse v1.0.0
   Compiling rand_core v0.6.4
   Compiling digest v0.10.7
   Compiling parking_lot v0.12.5
   Compiling tokio-macros v2.7.0
   Compiling anstyle-query v1.1.5
   Compiling mio v1.2.1
   Compiling idna_adapter v1.2.2
   Compiling socket2 v0.6.4
   Compiling cpufeatures v0.2.17
   Compiling thiserror v1.0.69
   Compiling serde_json v1.0.150
   Compiling getrandom v0.4.2
   Compiling colorchoice v1.0.5
   Compiling hashbrown v0.17.1
   Compiling equivalent v1.0.2
   Compiling is_terminal_polyfill v1.70.2
   Compiling percent-encoding v2.3.2
   Compiling httparse v1.10.1
   Compiling form_urlencoded v1.2.2
   Compiling indexmap v2.14.0
   Compiling anstream v1.0.0
   Compiling tokio v1.52.3
   Compiling idna v1.1.0
   Compiling rand_chacha v0.3.1
   Compiling toml_datetime v0.6.11
   Compiling serde_spanned v0.6.9
   Compiling thiserror-impl v1.0.69
   Compiling tracing-attributes v0.1.31
   Compiling getrandom v0.3.4
   Compiling winnow v0.7.15
   Compiling strsim v0.11.1
   Compiling regex-syntax v0.8.11
   Compiling toml_write v0.1.2
   Compiling memchr v2.8.1
   Compiling anyhow v1.0.102
   Compiling futures-core v0.3.32
   Compiling heck v0.5.0
   Compiling clap_lex v1.1.0
   Compiling futures-sink v0.3.32
   Compiling clap_derive v4.6.1
   Compiling clap_builder v4.6.0
   Compiling regex-automata v0.4.14
   Compiling toml_edit v0.22.27
   Compiling tracing v0.1.44
   Compiling url v2.5.8
   Compiling rand v0.8.6
   Compiling sha1 v0.10.6
   Compiling http v1.4.2
   Compiling futures-macro v0.3.32
   Compiling utf-8 v0.7.6
   Compiling byteorder v1.5.0
   Compiling fastrand v2.4.1
   Compiling data-encoding v2.11.0
   Compiling futures-task v0.3.32
   Compiling lazy_static v1.5.0
   Compiling slab v0.4.12
   Compiling sharded-slab v0.1.7
   Compiling futures-util v0.3.32
   Compiling tungstenite v0.21.0
   Compiling tempfile v3.27.0
   Compiling toml v0.8.23
   Compiling matchers v0.2.0
   Compiling clap v4.6.1
   Compiling tracing-log v0.2.0
   Compiling tracing-serde v0.2.0
   Compiling nu-ansi-term v0.50.3
   Compiling thread_local v1.1.9
   Compiling semver v1.0.28
   Compiling tracing-subscriber v0.3.23
   Compiling tokio-util v0.7.18
   Compiling blent-config v1.2.3 (C:\Users\blentdev\AppData\Local\Temp\blent-t652-bounded-final\tray\source\common)
   Compiling sha2 v0.10.9
   Compiling tokio-tungstenite v0.21.0
   Compiling simd-adler32 v0.3.9
   Compiling blent v1.2.3 (C:\Users\blentdev\AppData\Local\Temp\blent-t652-bounded-final\tray\source\host)
    Finished `test` profile [unoptimized + debuginfo] target(s) in 47.80s
  Executable unittests src\lib.rs (C:\Users\blentdev\AppData\Local\Temp\blent-t652-bounded-final\tray\target\debug\deps\blent-354c6cfb4cf373ff.exe)
