   Compiling blent v1.2.3 (/backups/disk2/projects/blent/host)
warning: unused import: `blent::ffmpeg_args::TEE_OUTPUT`
  --> host/src/framed_annex_b.rs:12:16
   |
12 | pub(crate) use blent::ffmpeg_args::TEE_OUTPUT;
   |                ^^^^^^^^^^^^^^^^^^^^^^^^^^^^^^
   |
   = note: `#[warn(unused_imports)]` (part of `#[warn(unused)]`) on by default

warning: method `encoder_quality_args` is never used
   --> host/src/capture/cli_encoder.rs:102:19
    |
 30 | impl CliEncoder<'_> {
    | ------------------- method in this implementation
...
102 |     pub(super) fn encoder_quality_args(
    |                   ^^^^^^^^^^^^^^^^^^^^
    |
    = note: `#[warn(dead_code)]` (part of `#[warn(unused)]`) on by default

warning: `blent` (bin "blent") generated 2 warnings (run `cargo fix --bin "blent" -p blent` to apply 1 suggestion)
    Finished `test` profile [unoptimized + debuginfo] target(s) in 0.38s
     Running tests/tooling.rs (target/debug/deps/tooling-e9d500f59a2a1ff5)

running 2 tests
test t711_make_setup_preserves_existing_capacity_and_options ... FAILED
test t711_make_setup_preserves_managed_and_dangling_links ... FAILED

failures:

---- t711_make_setup_preserves_existing_capacity_and_options stdout ----

thread 't711_make_setup_preserves_existing_capacity_and_options' (1422218) panicked at host/tests/tooling.rs:626:9:
assertion `left == right` failed: T711: existing configuration overwritten
  left: "options evdi initial_device_count=2\n"
 right: "# administrator managed\noptions evdi initial_device_count=1 loglevel=3\n"
note: run with `RUST_BACKTRACE=1` environment variable to display a backtrace

---- t711_make_setup_preserves_managed_and_dangling_links stdout ----

thread 't711_make_setup_preserves_managed_and_dangling_links' (1422240) panicked at host/tests/tooling.rs:646:13:
assertion `left == right` failed: T711: managed target overwritten
  left: "options evdi initial_device_count=2\n"
 right: "# external manager\noptions evdi initial_device_count=4 loglevel=3\n"


failures:
    t711_make_setup_preserves_existing_capacity_and_options
    t711_make_setup_preserves_managed_and_dangling_links

test result: FAILED. 0 passed; 2 failed; 0 ignored; 0 measured; 36 filtered out; finished in 0.04s

error: test failed, to rerun pass `-p blent --test tooling`
