info: cargo-llvm-cov currently setting cfg(coverage); you can opt-out it by passing --no-cfg-coverage
   Compiling proc-macro2 v1.0.106
   Compiling quote v1.0.45
   Compiling unicode-ident v1.0.24
   Compiling libc v0.2.186
   Compiling serde_core v1.0.228
   Compiling cfg-if v1.0.4
   Compiling pin-project-lite v0.2.17
   Compiling serde v1.0.228
   Compiling equivalent v1.0.2
   Compiling hashbrown v0.17.1
   Compiling winnow v1.0.3
   Compiling futures-core v0.3.32
   Compiling crossbeam-utils v0.8.21
   Compiling indexmap v2.14.0
   Compiling syn v2.0.117
   Compiling stable_deref_trait v1.2.1
   Compiling parking v2.2.1
   Compiling toml_datetime v1.1.1+spec-1.1.0
   Compiling toml_parser v1.1.2+spec-1.1.0
   Compiling concurrent-queue v2.5.0
   Compiling fastrand v2.4.1
   Compiling futures-io v0.3.32
   Compiling smallvec v1.15.1
   Compiling autocfg v1.5.1
   Compiling toml_edit v0.25.12+spec-1.1.0
   Compiling version_check v0.9.5
   Compiling rustix v1.1.4
   Compiling bitflags v2.13.0
   Compiling generic-array v0.14.7
   Compiling errno v0.3.14
   Compiling event-listener v5.4.1
   Compiling endi v1.1.1
   Compiling once_cell v1.21.4
   Compiling linux-raw-sys v0.12.1
   Compiling proc-macro-crate v3.5.0
   Compiling event-listener-strategy v0.5.4
   Compiling signal-hook-registry v1.4.8
   Compiling futures-lite v2.6.1
   Compiling slab v0.4.12
   Compiling typenum v1.20.1
   Compiling log v0.4.32
   Compiling writeable v0.6.3
   Compiling litemap v0.8.2
   Compiling tracing-core v0.1.36
   Compiling icu_normalizer_data v2.2.0
   Compiling zerocopy v0.8.52
   Compiling parking_lot_core v0.9.12
   Compiling icu_properties_data v2.2.0
   Compiling utf8_iter v1.0.4
   Compiling async-io v2.6.0
   Compiling scopeguard v1.2.0
   Compiling memchr v2.8.1
   Compiling bytes v1.11.1
   Compiling async-task v4.7.1
   Compiling lock_api v0.4.14
   Compiling crypto-common v0.1.7
   Compiling block-buffer v0.10.4
   Compiling async-channel v2.5.0
   Compiling getrandom v0.2.17
   Compiling itoa v1.0.18
   Compiling atomic-waker v1.1.2
   Compiling rand_core v0.6.4
   Compiling parking_lot v0.12.5
   Compiling piper v0.2.5
   Compiling synstructure v0.13.2
   Compiling zvariant_utils v2.1.0
   Compiling digest v0.10.7
   Compiling async-lock v3.4.2
   Compiling socket2 v0.6.4
   Compiling mio v1.2.1
   Compiling utf8parse v0.2.2
   Compiling zmij v1.0.21
   Compiling cpufeatures v0.2.17
   Compiling futures-sink v0.3.32
   Compiling anstyle-parse v1.0.0
   Compiling blocking v1.6.2
   Compiling memoffset v0.9.1
   Compiling anstyle-query v1.1.5
   Compiling anstyle v1.0.14
   Compiling serde_json v1.0.150
   Compiling serde_derive v1.0.228
   Compiling zerofrom-derive v0.1.7
   Compiling yoke-derive v0.8.2
   Compiling zerovec-derive v0.11.3
   Compiling zerofrom v0.1.8
   Compiling yoke v0.8.3
   Compiling displaydoc v0.2.6
   Compiling enumflags2_derive v0.7.12
   Compiling zerovec v0.11.6
   Compiling zerotrie v0.2.4
   Compiling polling v3.11.0
   Compiling tracing-attributes v0.1.31
   Compiling tinystr v0.8.3
   Compiling icu_locale_core v2.2.0
   Compiling potential_utf v0.1.5
   Compiling icu_collections v2.2.0
   Compiling ppv-lite86 v0.2.21
   Compiling tokio-macros v2.7.0
   Compiling tracing v0.1.44
   Compiling enumflags2 v0.7.12
   Compiling zvariant_utils v3.4.0
   Compiling icu_provider v2.2.0
   Compiling rand_chacha v0.3.1
   Compiling tokio v1.52.3
   Compiling icu_properties v2.2.0
   Compiling icu_normalizer v2.2.0
   Compiling zvariant_derive v5.12.0
   Compiling futures-macro v0.3.32
   Compiling getrandom v0.4.2
   Compiling futures-task v0.3.32
   Compiling thiserror v1.0.69
   Compiling zvariant v5.12.0
   Compiling idna_adapter v1.2.2
   Compiling is_terminal_polyfill v1.70.2
   Compiling percent-encoding v2.3.2
   Compiling httparse v1.10.1
   Compiling cfg_aliases v0.2.1
   Compiling colorchoice v1.0.5
   Compiling form_urlencoded v1.2.2
   Compiling anstream v1.0.0
   Compiling nix v0.29.0
   Compiling futures-util v0.3.32
   Compiling idna v1.1.0
   Compiling rand v0.8.6
   Compiling serde_spanned v0.6.9
   Compiling toml_datetime v0.6.11
   Compiling async-signal v0.2.14
   Compiling async-trait v0.1.89
   Compiling thiserror-impl v1.0.69
   Compiling zbus_names v4.3.2
   Compiling serde_repr v0.1.20
   Compiling zvariant_derive v4.2.0
   Compiling sha1 v0.10.6
   Compiling async-executor v1.14.0
   Compiling async-broadcast v0.7.2
   Compiling ordered-stream v0.2.0
   Compiling hex v0.4.3
   Compiling static_assertions v1.1.0
   Compiling strsim v0.11.1
   Compiling heck v0.5.0
   Compiling clap_lex v1.1.0
   Compiling anyhow v1.0.102
   Compiling toml_write v0.1.2
   Compiling regex-syntax v0.8.11
   Compiling winnow v0.7.15
   Compiling getrandom v0.3.4
   Compiling clap_derive v4.6.1
   Compiling clap_builder v4.6.0
   Compiling zvariant v4.2.0
   Compiling toml_edit v0.22.27
   Compiling regex-automata v0.4.14
   Compiling zbus_macros v5.16.0
   Compiling async-process v2.5.0
   Compiling url v2.5.8
   Compiling async-recursion v1.1.1
   Compiling http v1.4.2
   Compiling uuid v1.23.3
   Compiling lazy_static v1.5.0
   Compiling utf-8 v0.7.6
   Compiling data-encoding v2.11.0
   Compiling byteorder v1.5.0
   Compiling sharded-slab v0.1.7
   Compiling zbus v5.16.0
   Compiling tungstenite v0.21.0
   Compiling tempfile v3.27.0
   Compiling matchers v0.2.0
   Compiling toml v0.8.23
   Compiling zbus_names v3.0.0
   Compiling clap v4.6.1
   Compiling tracing-serde v0.2.0
   Compiling zbus_macros v4.4.0
   Compiling async-fs v2.2.0
   Compiling tracing-log v0.2.0
   Compiling xdg-home v1.3.0
   Compiling futures-channel v0.3.32
   Compiling task-local v0.1.1
   Compiling thread_local v1.1.9
   Compiling semver v1.0.28
   Compiling nu-ansi-term v0.50.3
   Compiling pastey v0.2.3
   Compiling tracing-subscriber v0.3.23
   Compiling blent-config v1.2.3 (/backups/disk2/projects/blent/common)
   Compiling tokio-tungstenite v0.21.0
   Compiling tokio-util v0.7.18
   Compiling sha2 v0.10.9
   Compiling simd-adler32 v0.3.9
   Compiling zbus v4.4.0
   Compiling ksni v0.3.6
   Compiling blent v1.2.3 (/backups/disk2/projects/blent/host)
warning: unused import: `blent::ffmpeg_args::TEE_OUTPUT`
  --> host/src/framed_annex_b.rs:12:16
   |
12 | pub(crate) use blent::ffmpeg_args::TEE_OUTPUT;
   |                ^^^^^^^^^^^^^^^^^^^^^^^^^^^^^^
   |
   = note: `#[warn(unused_imports)]` (part of `#[warn(unused)]`) on by default

warning: method `encoder_quality_args` is never used
   --> host/src/capture/cli_encoder.rs:102:19
    |
 30 | impl CliEncoder<'_> {
    | ------------------- method in this implementation
...
102 |     pub(super) fn encoder_quality_args(
    |                   ^^^^^^^^^^^^^^^^^^^^
    |
    = note: `#[warn(dead_code)]` (part of `#[warn(unused)]`) on by default

warning: `blent` (bin "blent") generated 2 warnings (run `cargo fix --bin "blent" -p blent` to apply 1 suggestion)
    Finished `test` profile [unoptimized + debuginfo] target(s) in 23.76s
     Running tests/portable_usb.rs (/backups/disk2/blent-batch-evidence/t525/native-command-target/debug/deps/portable_usb-2908f3a916f5035d)

running 1 test
test t525_native_adb_argv_stdin_bounds_and_owned_routes ... ok

test result: ok. 1 passed; 0 failed; 0 ignored; 0 measured; 0 filtered out; finished in 0.11s


    Finished report saved to /backups/disk2/blent-batch-evidence/t525/native-command.lcov
