   Compiling blent-config v1.2.3 (/backups/disk2/projects/blent/common)
    Finished `test` profile [unoptimized + debuginfo] target(s) in 1.81s
     Running unittests src/lib.rs (target/debug/deps/blent_config-1cf28d13db8e5cfe)

running 134 tests
test adb::tests::t278_mdns_service_and_domain_forms_are_network_routes ... ok
test adb_reverse::tests::t557_bounded_malformed_listing_fuzz_fails_closed ... ok
test adb_reverse::tests::t557_only_absent_routes_are_repaired_without_stealing_destinations ... ok
test android::tests::t250_fork_components_keep_original_class_namespace ... ok
test camera::preview::tests::t543_preview_bounds_colours_and_shape_preserve_exported_pixels ... ok
test camera::tests::t539_profile_limits_and_bounded_invalid_inputs ... ok
test camera::tests::t616_freshness_budget_is_bounded ... ok
test camera::tests::t618_adaptive_rate_bounds_and_fixed_override ... ok
test cli::camera_tests::t539_camera_command_is_separate_from_display_startup ... ok
test cli::camera_tests::t612_worker_cli_bounds_and_auto_are_explicit ... ok
test commands::tests::t094_async_command_is_bounded_and_reaped ... ok
test commands::tests::t094_cancelled_command_is_reaped ... ok
test commands::tests::t094_sync_command_is_bounded_and_reaped ... ok
test commands::tests::t268_lifecycle_deadlines_cover_cli_and_shipped_service_budgets ... ok
test commands::tests::t328_denied_signal_does_not_extend_deadline ...
running 1 test
test commands::tests::t496_fixture_process ... ok

test result: ok. 1 passed; 0 failed; 0 ignored; 0 measured; 133 filtered out; finished in 0.40s

ok
test commands::tests::t496_fixture_process ... ok
test commands::tests::t590_denied_group_signal_reports_unretired_work ... ok
test commands::tests::t609_cancelled_stdin_writer_is_reaped ... ok
test commands::tests::t609_stdin_delivery_closes_input_and_preserves_bytes ... ok
test commands::tests::t609_timeout_covers_blocked_stdin_write ... ok
test credentials::tests::t523_entropy_failure_never_becomes_an_empty_credential ... ok
test diagnostics::native::tests::t533_command_fixture ... ok
test diagnostics::native::tests::t533_native_discovery_and_failure_keep_process_contracts ... ok
test display::tests::t321_invalid_and_boundary_numeric_corpus_never_wraps_or_admits_low_clock ... ok
test display::tests::t321_low_clock_is_rejected_with_supported_refresh_alternative ... ok
test display::tests::t321_minimum_refresh_and_rounded_clock_boundaries_agree ... ok
test display::tests::t321_saved_low_clock_preserves_geometry_and_raises_refresh ... ok
test encoder_workers::tests::t612_budget_order_manual_override_and_bounds ... ok
test encoder_workers::tests::t612_effective_count_is_evidence_not_requested_capacity ... ok
test encoder_workers::tests::t665_worker_fields_require_the_exact_x264_marker ... ok
test encoding::tests::t373_registry_preserves_aliases_and_adapter_capabilities ... ok
test encoding::tests::t400_low_latency_vaapi_is_distinct_from_stock_encoder_name ... ok
test encoding::tests::t433_av1_profiles_use_framed_stock_cli_and_reject_inproc ... ok
test encoding::tests::t612_manual_workers_use_shared_policy_and_preserve_default ... ok
test encoding::tests::t613_x264_defaults_to_one_worker_in_both_adapters ... ok
test idle::tests::t492_active_epoch_rejects_regression_and_sequence_wrap_is_valid ... ok
test idle::tests::t492_busy_or_unmeasured_stream_remains_at_compatible_cadence ... ok
test idle::tests::t492_current_profile_needs_measured_baseline_and_sparse_trial ... ok
test idle::tests::t492_missing_frames_keys_and_invalid_samples_cannot_certify_idle ... ok
test idle::tests::t492_slow_ack_encoder_queue_growth_and_clock_steps_restore_compatibility ... ok
test idle::tests::t492_timestamp_conversion_is_bounded_and_preserves_wall_time_gaps ... ok
test idle::tests::t667_ack_limit_is_independent_of_relative_cost_margin ... ok
test idle::tests::t667_baseline_ack_limit_is_inclusive_and_never_admits_slow_frames ... ok
test idle::tests::t667_pending_cadence_grace_expires_at_one_second ... ok
test idle::tests::t667_percentile_uses_the_ordered_window_and_exact_cost_margin ... ok
test idle::tests::t667_tick_preserves_baseline_and_exact_sparse_deadline ... ok
test idle::tests::t667_trial_waits_for_the_complete_sample_window ... ok
test lifecycle::tests::t524_transition_bounds_errors_and_restart_order ... ok
test linux::appimage::tests::t308_stable_launcher_requires_absolute_executable_and_literal_unit_binding ... ok
test linux::autostart::tests::t231_hidden_and_incomplete_entries_do_not_report_enabled ... ok
test linux::autostart::tests::t231_shell_and_gui_entries_agree_and_launch_literal_paths ... ok
test linux::daemon::status::tests::t409_changed_pid_file_precedes_still_valid_cached_daemon ... ok
test linux::daemon::status::tests::t409_stale_pid_and_identity_changes_force_discovery ... ok
test linux::daemon::status::tests::t409_status_revalidates_one_pid_without_repeated_inventory ... ok
test linux::pipe::report::tests::t415_status_rejects_stale_processes_replaced_fifos_and_malformed_reports ... ok
test linux::pipe::tests::t415_inspection_never_consumes_frames_or_opens_a_reader ... ok
test linux::pipe::tests::t415_requests_are_atomic_private_validated_and_do_not_follow_links ... ok
test linux::pipe::tests::t415_status_does_not_wake_a_reader_waiting_for_the_capture_writer ... ok
test linux::pipe::tests::t463_failed_publication_keeps_preference_for_startup_retry ... ok
test linux::pipe::tests::t463_save_waits_for_startup_publication_before_publishing_new_value ... ok
test linux::pipe::tests::t463_startup_reads_latest_preference_instead_of_old_snapshot ... ok
test linux::processes::coverage_tests::t497_pinned_signals_reject_invalid_inputs_and_accept_retired_children ... ok
test linux::processes::tests::t245_process_matching_preserves_ownership_and_native_arguments ... ok
test linux::processes::tests::t409_inventory_filters_before_full_reads_and_rechecks_uid ... ok
test linux::runtime::tests::runtime_dir_is_private ... ok
test linux::runtime::tests::t099_session_snapshot_is_private_current_and_removed_on_exit ... ok
test linux::runtime::tests::t242_fake_tablet_runtime_fixture_matches_the_host ... ok
test linux::runtime::tests::t252_base_permissions_and_symlink_policy_are_explicit ... ok
test linux::runtime::tests::t252_directory_owner_must_match_the_calling_user ... ok
test linux::runtime::tests::t252_fallback_selection_preserves_native_home_and_order ... ok
test linux::runtime::tests::t252_foreign_owner_cannot_receive_runtime_files ... ok
test linux::runtime::tests::t252_foreign_owner_child ... ok
test linux::runtime::tests::t252_runtime_child ... ok
test linux::runtime::tests::t252_runtime_paths_reject_unsafe_state ... ok
test linux::runtime::tests::t436_runtime_fixture_survives_shared_umask ... ok
test linux::runtime::tests::t444_random_tokens_are_fresh_fixed_width_and_reject_mutations ... ok
test linux::runtime::tests::token_comparison_is_exact ... ok
test model::merge::tests::t703_changed_value_types_are_atomic_and_absent_removal_is_safe ... ok
test model::merge::tests::t703_nested_fields_and_atomic_arrays_preserve_unedited_latest_values ... ok
test model::tests::t017_merge_preserves_external_changes_and_applies_only_user_edits ... ok
test model::tests::t061_dimensions_fit_edid_active_pixel_fields ... ok
test model::tests::t063_unknown_encoder_is_not_persisted_as_valid_configuration ... ok
test model::tests::t093_all_slot_ports_are_unique_nonzero_and_representable ... ok
test model::tests::t415_pipe_capacity_round_trips_and_invalid_values_fall_back ... ok
test model::tests::t434_auto_is_default_but_explicit_choices_survive ... ok
test model::tests::t474_conversion_capacity_defaults_round_trips_and_rejects_invalid_values ... ok
test model::tests::t474_conversion_edit_merges_and_requires_explicit_restart ... ok
test model::tests::t480_profile_cache_is_opt_in_and_persists ... ok
test model::tests::t492_adaptive_idle_preference_round_trips_without_changing_motion_rate ... ok
test model::tests::t543_camera_preferences_round_trip_without_starting_or_restarting_display ... ok
test model::tests::t612_worker_capacity_roundtrip_and_sanitize ... ok
test negotiation::tests::t478_avc_level_one_b_orders_between_one_and_one_one ... ok
test negotiation::tests::t478_old_peer_and_duplicate_identity_are_not_rich_support ... ok
test negotiation::tests::t478_scope_format_version_and_bounds_are_validated ... ok
test negotiation::tests::t478_shared_report_round_trips_and_intersects_exact_profiles ... ok
test negotiation::tests::t478_unknown_unsupported_depth_level_and_profile_never_authorize ... ok
test negotiation::tests::t480_software_fingerprint_is_bounded_and_optional_for_older_peers ... ok
test negotiation::tests::t484_decoder_receipt_matches_shared_android_vector_and_changes_with_hints ... ok
test negotiation::tests::t668_codec_families_and_hardware_subset_are_validated ... ok
test negotiation::tests::t668_codec_profile_depth_and_level_contracts_are_independent ... ok
test negotiation::tests::t668_hardware_choices_precede_software_without_losing_identity ... ok
test negotiation::tests::t668_invalid_reports_and_streams_cannot_offer_decoder_choices ... ok
test negotiation::tests::t668_legacy_reports_reject_either_rich_extension ... ok
test negotiation::tests::t668_report_dimensions_and_rate_are_independently_bounded ... ok
test platform::tests::t493_capabilities_never_imply_an_unimplemented_backend ... ok
test raw_frame::tests::t418_descriptor_layout_roundtrips_with_bounded_arithmetic ... ok
test raw_frame::tests::t418_malformed_descriptors_and_bounded_mutation_fuzz_never_escape_layout ... ok
test raw_frame::tests::t418_raw_transport_settings_are_explicit_and_round_trip ... ok
test raw_frame::tests::t669_slot_offsets_partition_the_allocation_without_overlap ... ok
test release::tests::t374_shared_release_response_contract ... ok
test scheduling::linux::tests::t582_async_scope_start_is_verified_with_a_bounded_wait ... ok
test scheduling::linux::tests::t582_group_input_and_effective_weight_are_validated ... ok
test scheduling::linux::tests::t582_native_scope_keeps_all_threads_and_new_children_together ... ok
test scheduling::linux::tests::t582_only_the_same_user_and_exact_adb_server_are_eligible ... ok
test scheduling::linux::tests::t582_requests_cover_owned_groups_without_boosting_an_editor ... ok
test scheduling::tests::t582_high_default_and_normal_override_round_trip_and_merge ... ok
test storage::diff::tests::t559_diffs_semantic_paths_and_added_removed_values ... ok
test storage::diff::tests::t559_malformed_and_bounded_nested_input_never_fabricates_changes ... ok
test storage::merge_tests::t703_optional_serial_removal_and_addition_preserve_other_edits ... ok
test storage::merge_tests::t703_same_camera_field_keeps_last_edited_save_wins ... ok
test storage::merge_tests::t703_two_camera_snapshots_preserve_independent_edits_in_both_orders ... ok
test storage::tests::t104_concurrent_config_transactions ... ok
test storage::tests::t137_partial_updates_preserve_invalid_existing_config ... ok
test storage::tests::t140_xdg_config_isolation ... ok
test storage::tests::t264_position_aliases_round_trip_as_one_canonical_choice ... ok
test storage::tests::t288_invalid_pen_mode_save_preserves_previous_file ... ok
test storage::tests::t321_explicit_edit_rejects_low_clock_without_overwriting_preferences ... ok
test storage::tests::t321_missing_or_malformed_saved_configuration_has_supported_default_timing ... ok
test storage::tests::t332_invalid_joint_mode_save_preserves_last_valid_configuration ... ok
test storage::write_tests::t566_failed_persistence_never_reports_a_successful_change ... ok
test storage::write_tests::t566_success_reports_only_committed_changes_and_noop_stays_quiet ... ok
test version::tests::t123_shared_release_version_contract ... ok
test video::tests::t670_codec_labels_preserve_the_public_names ... ok
test video::tests::t670_vp9_encoder_aliases_keep_their_bitstream_identity ... ok

test result: ok. 134 passed; 0 failed; 0 ignored; 0 measured; 0 filtered out; finished in 2.28s
