   Compiling blent-config v1.2.3 (/backups/disk2/projects/blent/common)
    Finished `test` profile [unoptimized + debuginfo] target(s) in 2.91s
     Running unittests src/lib.rs (target/debug/deps/blent_config-1cf28d13db8e5cfe)

running 3 tests
test storage::merge_tests::t703_optional_serial_removal_and_addition_preserve_other_edits ... FAILED
test storage::merge_tests::t703_same_camera_field_keeps_last_edited_save_wins ... ok
test storage::merge_tests::t703_two_camera_snapshots_preserve_independent_edits_in_both_orders ... FAILED

failures:

---- storage::merge_tests::t703_optional_serial_removal_and_addition_preserve_other_edits stdout ----

thread 'storage::merge_tests::t703_optional_serial_removal_and_addition_preserve_other_edits' (1065737) panicked at common/src/storage/merge_tests.rs:58:13:
assertion `left == right` failed: T703: optional field and independent edit interfered
  left: FileConfig { scheduling_priority: High, camera: CameraSettings { options: CameraProfile { lens: Front, background: false, serial: None, width: 1280, height: 720, fps: 30, bitrate: 3000, adaptive_bitrate: true, min_bitrate: 1000, freshness_ms: 150, rotation: 90, mirror: false } }, encoder: "auto", profile_cache: true, adaptive_idle: false, raw_transport: Auto, raw_slots: 4, vaapi_device: "/dev/dri/renderD128", fps: 60, bitrate: 20000, width: 2960, height: 1848, quality: 18, stream_scale: 1, pipe_capacity_mib: 1, conversion_threads: 0, encoder_workers: 0, pen_only: false, position: "right", ten_bit: false, require_token: true, check_updates: true, max_tablets: 1, wifi_address: "", auto_resolution: true, video_port: 8890, input_port: 8891, auto_launch_app: true, input_touch: true, input_pen: true, input_pointer: true }
 right: FileConfig { scheduling_priority: High, camera: CameraSettings { options: CameraProfile { lens: Front, background: false, serial: Some("USB-B"), width: 1280, height: 720, fps: 30, bitrate: 3000, adaptive_bitrate: true, min_bitrate: 1000, freshness_ms: 150, rotation: 90, mirror: false } }, encoder: "auto", profile_cache: true, adaptive_idle: false, raw_transport: Auto, raw_slots: 4, vaapi_device: "/dev/dri/renderD128", fps: 60, bitrate: 20000, width: 2960, height: 1848, quality: 18, stream_scale: 1, pipe_capacity_mib: 1, conversion_threads: 0, encoder_workers: 0, pen_only: false, position: "right", ten_bit: false, require_token: true, check_updates: true, max_tablets: 1, wifi_address: "", auto_resolution: true, video_port: 8890, input_port: 8891, auto_launch_app: true, input_touch: true, input_pen: true, input_pointer: true }
note: run with `RUST_BACKTRACE=1` environment variable to display a backtrace

---- storage::merge_tests::t703_two_camera_snapshots_preserve_independent_edits_in_both_orders stdout ----

thread 'storage::merge_tests::t703_two_camera_snapshots_preserve_independent_edits_in_both_orders' (1065739) panicked at common/src/storage/merge_tests.rs:19:9:
assertion `left == right` failed: T703: lost an independent camera edit
  left: FileConfig { scheduling_priority: High, camera: CameraSettings { options: CameraProfile { lens: Front, background: false, serial: None, width: 1280, height: 720, fps: 15, bitrate: 3000, adaptive_bitrate: true, min_bitrate: 1000, freshness_ms: 150, rotation: 0, mirror: false } }, encoder: "auto", profile_cache: false, adaptive_idle: false, raw_transport: Auto, raw_slots: 4, vaapi_device: "/dev/dri/renderD128", fps: 60, bitrate: 20000, width: 2960, height: 1848, quality: 18, stream_scale: 1, pipe_capacity_mib: 1, conversion_threads: 0, encoder_workers: 0, pen_only: false, position: "right", ten_bit: false, require_token: true, check_updates: true, max_tablets: 1, wifi_address: "", auto_resolution: true, video_port: 8890, input_port: 8891, auto_launch_app: true, input_touch: true, input_pen: true, input_pointer: true }
 right: FileConfig { scheduling_priority: High, camera: CameraSettings { options: CameraProfile { lens: Front, background: false, serial: None, width: 1280, height: 720, fps: 15, bitrate: 3000, adaptive_bitrate: true, min_bitrate: 1000, freshness_ms: 150, rotation: 0, mirror: true } }, encoder: "auto", profile_cache: false, adaptive_idle: false, raw_transport: Auto, raw_slots: 4, vaapi_device: "/dev/dri/renderD128", fps: 60, bitrate: 20000, width: 2960, height: 1848, quality: 18, stream_scale: 1, pipe_capacity_mib: 1, conversion_threads: 0, encoder_workers: 0, pen_only: false, position: "right", ten_bit: false, require_token: true, check_updates: true, max_tablets: 1, wifi_address: "", auto_resolution: true, video_port: 8890, input_port: 8891, auto_launch_app: true, input_touch: true, input_pen: true, input_pointer: true }


failures:
    storage::merge_tests::t703_optional_serial_removal_and_addition_preserve_other_edits
    storage::merge_tests::t703_two_camera_snapshots_preserve_independent_edits_in_both_orders

test result: FAILED. 1 passed; 2 failed; 0 ignored; 0 measured; 129 filtered out; finished in 0.06s

error: test failed, to rerun pass `-p blent-config --lib`
