Error processing line 1 of /home/netto/.local/lib/python3.12/site-packages/a1_coverage.pth:

  Traceback (most recent call last):
    File "<frozen site>", line 201, in addpackage
    File "<string>", line 1, in <module>
    File "<string>", line 9, in <module>
    File "/home/netto/.local/lib/python3.12/site-packages/coverage/control.py", line 1488, in process_startup
      cov = Coverage(config_file=config_file)
            ^^^^^^^^^^^^^^^^^^^^^^^^^^^^^^^^^
    File "/home/netto/.local/lib/python3.12/site-packages/coverage/control.py", line 324, in __init__
      self.config = read_coverage_config(
                    ^^^^^^^^^^^^^^^^^^^^^
    File "/home/netto/.local/lib/python3.12/site-packages/coverage/config.py", line 702, in read_coverage_config
      raise ConfigError(f"Couldn't read {fname!r} as a config file")
  coverage.exceptions.ConfigError: Couldn't read '/not-used' as a config file

Remainder of file ignored
Traceback (most recent call last):
  File "<string>", line 1, in <module>
AssertionError
E
======================================================================
ERROR: test_t652_namespace_protects_external_file_and_allows_private_output (test_bounded_mutation.BoundedEvidenceTest.test_t652_namespace_protects_external_file_and_allows_private_output)
----------------------------------------------------------------------
Traceback (most recent call last):
  File "/backups/disk2/projects/blent/scripts/tests/test_bounded_mutation.py", line 144, in test_t652_namespace_protects_external_file_and_allows_private_output
    subprocess.run(isolation.command([sys.executable, '-c', code, str(output/'writable')], output),
  File "/usr/lib/python3.12/subprocess.py", line 571, in run
    raise CalledProcessError(retcode, process.args,
subprocess.CalledProcessError: Command '['bwrap', '--unshare-user', '--unshare-pid', '--unshare-net', '--ro-bind', '/', '/', '--dev', '/dev', '--proc', '/proc', '--tmpfs', '/tmp', '--bind', '/tmp/tmp_476_l9l/owned', '/tmp/tmp_476_l9l/owned', '--', '/usr/bin/python3', '-c', 'import os,pathlib,sys; assert not any(k in os.environ for k in ["COVERAGE_PROCESS_START","BLENT_PYTHON_CALLS","BASH_ENV"]); pathlib.Path(sys.argv[1]).write_text("changed")', '/tmp/tmp_476_l9l/owned/writable']' returned non-zero exit status 1.

----------------------------------------------------------------------
Ran 1 test in 0.224s

FAILED (errors=1)
