    Finished `test` profile [unoptimized + debuginfo] target(s) in 0.16s
     Running unittests src/main.rs (target/debug/deps/blent-fe4d675ee06359fb)

running 386 tests
test annex_b::decode_tests::t407_owned_capacity_and_slow_consumers_remain_bounded ... ok
test annex_b::decode_tests::t407_real_h264_hevc_decode_equivalence_after_fragmented_reads_and_retirement ... ok
test annex_b::profile::t384_fragmentation_keeps_access_units_and_immutable_headers ... ok
test annex_b::profile::t384_large_fragmented_nals_preserve_every_payload_byte ... ok
test annex_b::profile::t384_packetizer_profile ... ok
test annex_b::profile::t384_three_and_four_byte_prefixes_survive_every_tail_boundary ... ok
test annex_b::read_profile::t407_read_boundary_profile ... ignored, isolated synthetic read-boundary benchmark; invoke explicitly
test annex_b::tests::hevc_cra_counts_as_a_join_point ... ok
test annex_b::tests::hevc_parameter_sets_and_keyframes_are_recognised ... ok
test annex_b::tests::hevc_splits_pictures_on_the_first_slice_flag ... ok
test annex_b::tests::packetizer_does_not_emit_partial_nals ... ok
test annex_b::tests::packetizer_handles_start_code_split_across_reads ... ok
test annex_b::tests::packetizer_prepends_sps_pps_to_idr ... ok
test annex_b::tests::packetizer_splits_multiple_access_units_in_one_buffer ... ok
test annex_b::tests::t079_parameter_sets_replace_without_growing_or_resending ... ok
test annex_b::tests::t080_next_picture_header_releases_complete_previous_picture ... ok
test annex_b::tests::t285_prefix_sei_belongs_to_next_picture_across_fragmentation ... ok
test annex_b::tests::t285_prefix_sei_header_releases_previous_picture_promptly ... ok
test capture::card_allocation_tests::t330_daemon_slots_share_free_card_leases_across_restarts ... ok
test capture::cli_encoder::encoder_policy_tests::t373_cli_color_depth_and_periodic_idr_remain_explicit ... ok
test capture::cli_encoder::encoder_policy_tests::t373_cli_quality_profiles_keep_adapter_contracts ... ok
test capture::cli_encoder::encoder_policy_tests::t400_baseline_profile_reaches_stock_vaapi_command ... ok
test capture::cli_encoder::encoder_policy_tests::t400_optional_control_uses_successful_encoder_help ... ok
test capture::cli_encoder::encoder_policy_tests::t400_unsupported_vaapi_omits_optional_depth ... ok
test capture::cli_encoder::frame_timing_tests::t561_frame_logs_correlate_packets_and_only_accepted_acks ... ok
test capture::cli_encoder::framed_tests::t432_stock_cli_emits_sparse_vp9_without_next_frame_or_eof ... ok
test capture::cli_encoder::framed_tests::t433_stock_cli_emits_sparse_av1_without_next_frame_or_eof ... ok
test capture::cli_encoder::framing_profile::t448_packet_framing_profile ... ignored, Opt-in T448/T416 timing experiment; deterministic regressions run normally
test capture::cli_encoder::packetizer_limits_tests::t407_cancellation_retires_queued_generation_with_partial_next_nal ... ok
test capture::cli_encoder::packetizer_limits_tests::t407_combined_parameter_sets_are_bounded ... ok
test capture::cli_encoder::packetizer_limits_tests::t407_exact_frame_limit_survives_eof_and_read_boundaries ... ok
test capture::cli_encoder::packetizer_limits_tests::t407_idr_with_prepended_configuration_obeys_wire_limit ... ok
test capture::cli_encoder::packetizer_limits_tests::t407_prefix_only_access_unit_is_bounded ... ok
test capture::cli_encoder::packetizer_limits_tests::t407_stdout_read_avoids_scratch_to_parser_payload_copy ... ok
test capture::cli_encoder::packetizer_limits_tests::t407_unfinished_nal_is_bounded_before_queue_admission ... ok
test capture::cli_encoder::startup_packet_tests::t447_all_supplied_raw_pictures_survive_startup ... ok
test capture::cli_encoder::startup_packet_tests::t447_av1_outputs_first_picture_with_stdin_open ... ok
test capture::cli_encoder::startup_packet_tests::t447_h264_encoder_outputs_first_picture_with_stdin_open ... ok
test capture::cli_encoder::startup_packet_tests::t447_vp9_outputs_first_picture_with_stdin_open ... ok
test capture::cli_encoder::startup_packet_tests::t448_h264_publishes_each_sparse_picture_before_the_next_input ... ok
test capture::cli_encoder::tests::t228_sequences_survive_encoder_restarts_before_ack ... ok
test capture::cli_encoder::tests::t306_nvenc_preserves_kilobit_bitrate_limits ... ok
test capture::cli_encoder::tests::t307_encoder_throughput_uses_displayed_decimal_units ... ok
test capture::cli_encoder::tests::t465_output_health_survives_missing_video_subscriber_and_reader_eof ... ok
test capture::cli_encoder::tests::t497_throughput_accounting_keeps_frames_until_the_log_deadline ... ok
test capture::cli_encoder::tests::t590_dimension_logs_distinguish_scaling_from_wrong_geometry ... ok
test capture::cli_encoder::timestamp_tests::t421_stock_cli_preserves_pictures_and_wall_time_keys_with_monotonic_timestamps ... ok
test capture::cli_encoder::timestamp_tests::t421_vp9_and_av1_keep_monotonic_picture_timing ... ok
test capture::cli_encoder::timestamp_tests::t588_vp9_timing_fixture_preserves_every_luma_sample ... ok
test capture::closed_settings_tests::t437_closed_settings_stops_idle_capture ... ok
test capture::config::tests::t418_auto_selects_only_measured_capability_and_preserves_fifo_override ... ok
test capture::coverage_tests::t497_supervisor_distinguishes_notifications_restarts_and_failures ... ok
test capture::fifo::tests::t498_reset_parser_bounds_and_mutation_corpus ... ok
test capture::fifo::tests::t498_rotation_preserves_replacements_and_rejects_missing_ownership ... ok
test capture::fifo_tests::t226_partial_frame_recovers_without_display_hotplug ... ok
test capture::fifo_tests::t429_encoder_changes_survive_unstarted_manager_cleanup ... ok
test capture::gpu::tests::t575_capture_supervisor_starts_gpu_with_owned_monitor_identity ... ok
test capture::gpu::tests::t575_gpu_adapter_requires_owned_supported_capture ... ok
test capture::gpu::tests::t575_gpu_child_is_killed_when_its_owner_is_cancelled ... ok
test capture::gpu::tests::t575_gpu_command_preserves_user_settings_without_shell_parsing ... ok
test capture::gpu::tests::t575_gpu_failure_falls_back_once_without_detaching_monitor ... ok
test capture::gpu::tests::t575_native_stock_ffmpeg_packets_use_the_existing_wire_contract ... ok
test capture::gpu::tests::t575_successful_gpu_spawn_and_failed_retry_preserve_adapter_state ... ok
test capture::helper::coverage_tests::t497_helper_command_prepares_private_edid_and_respects_card_priority ... ok
test capture::helper::coverage_tests::t497_helper_handshake_reports_eof_bad_numbers_and_invalid_utf8 ... ok
test capture::helper::coverage_tests::t497_malformed_helper_reports_never_replace_the_last_valid_geometry ... ok
test capture::helper::tests::evdi_problem_reports_a_missing_module ... ok
test capture::helper::tests::evdi_problem_reports_a_module_with_no_devices ... ok
test capture::helper::tests::evdi_problem_stays_quiet_when_a_device_exists ... ok
test capture::helper::tests::t418_unavailable_or_invalid_transport_fails_before_resources ... ok
test capture::idle::tests::t492_completed_packets_retain_their_own_timing_before_broadcast ... ok
test capture::idle::tests::t492_control_publish_error_stops_the_controller ... ok
test capture::idle::tests::t492_controller_trials_current_receipts_then_restores_cadence_on_stall ... ok
test capture::idle::tests::t492_helper_and_encoder_share_explicit_idle_option ... ok
test capture::idle::tests::t492_late_join_missing_timestamps_and_bounded_history_fail_closed ... ok
test capture::idle::tests::t492_lease_files_are_private_bounded_expiring_and_inode_scoped ... ok
test capture::idle::tests::t492_new_viewer_invalidates_sparse_admission_even_without_missing_frames ... ok
test capture::idle::tests::t492_retired_stream_and_cancellation_cannot_publish_into_successor ... ok
test capture::idle::tests::t492_unknown_decoder_disabled_setting_and_invalid_fifo_never_start ... ok
test capture::native_path_tests::t348_native_runtime_paths_agree_across_capture_resources ... ok
test capture::orphan_tests::t245_changed_or_foreign_process_identity_is_never_signalled ... ok
test capture::orphan_tests::t245_orphan_cleanup_matches_literal_fifo_arguments_and_programs ... ok
test capture::orphan_tests::t245_retirement_waits_for_term_resistant_children ... ok
test capture::ownership_tests::t429_ownership_does_not_hold_fifo_endpoints_open ... ok
test capture::ownership_tests::t429_retired_owner_preserves_replacement_paths ... ok
test capture::ownership_tests::t429_shutdown_releases_fifo_ownership_once ... ok
test capture::ownership_tests::t429_unstarted_managers_preserve_live_fifo ... ok
test capture::ownership_tests::t498_encoder_restart_retires_reader_and_queued_frame_suffix ... ok
test capture::ownership_tests::t499_helper_restart_keeps_its_new_fifo ... ok
test capture::placement::tests::t224_kde_wayland_still_enables_positions_and_disables_output ... ok
test capture::placement::tests::t224_non_kde_sessions_skip_placement_commands_and_retries ... ok
test capture::placement::tests::t497_placement_handles_absence_retries_and_failed_commands ... ok
test capture::probe::tests::t434_absent_encoder_and_missing_gpu_are_rejected ... ok
test capture::probe::tests::t434_cancelling_probe_reaps_its_isolated_ffmpeg ... ok
test capture::probe::tests::t434_probe_statistics_exclude_warmup_and_reject_lost_frames ... ok
test capture::probe::tests::t434_production_profiles_measure_stock_encoders_without_capture ... ok
test capture::probe_format::tests::t478_hevc_level_cannot_silently_treat_high_tier_as_main ... ok
test capture::probe_format::tests::t478_unknown_mismatched_and_non_420_output_cannot_authorize_profiles ... ok
test capture::probe_quality::tests::t479_quality_gate_includes_chroma_and_preserves_lossless_order ... ok
test capture::raw_transport_tests::t418_encoder_change_reconfigures_automatic_raw_transport ... ok
test capture::tests::t018_waits_past_stale_none_until_stream_dimensions_arrive ... ok
test capture::tests::t019_encoder_setup_failure_preserves_live_helper ... ok
test capture::tests::t020_encoder_records_the_dimensions_passed_to_its_process ... ok
test capture::tests::t021_helper_exit_restarts_session_while_encoder_is_still_alive ... ok
test capture::tests::t022_helper_disconnects_cleanly_on_display_off_mode_change_and_crash ... ok
test capture::tests::t054_vaapi_uses_the_configured_render_node ... ok
test capture::tests::t055_hevc_vaapi_supports_eight_and_ten_bit_output ... ok
test capture::tests::t091_setup_stages_cancel_on_shutdown_or_detach ... ok
test capture::tests::t091_shutdown_interrupts_real_capture_retry ... ok
test capture::tests::t116_idle_stream_provides_regular_decodable_join_points ... ok
test capture::tests::t223_initial_attach_waits_for_geometry_on_each_daemon_start ... ok
test capture::tests::t223_setup_observes_settings_without_hotplug_for_encoder_only_changes ... ok
test capture::tests::t275_manual_geometry_opens_capture_gate_for_a_larger_native_panel ... ok
test capture::tests::t281_replacement_cannot_start_helper_with_old_geometry ... ok
test capture::tests::t347_helper_receives_the_original_edid_filename ... ok
test capture::tests::t432_capability_metadata_restarts_only_when_effective_stream_changes ... ok
test capture::tests::t436_capture_fixtures_survive_shared_umask ... ok
test capture::tests::t474_helper_command_forwards_conversion_capacity ... ok
test capture::tests::t484_decoder_only_change_restarts_encoder_without_restarting_helper ... ok
test capture::tests::t612_budget_restarts_only_encoder_and_expires_with_geometry_or_peer ... ok
test capture::tests::t612_capture_budget_prefers_manual_and_falls_back_to_one ... ok
test cli_tests::t030_pid_reuse_does_not_mistake_another_process_for_blent ... ok
test cli_tests::t031_server_bind_failure_prevents_successful_startup ... ok
test cli_tests::t032_extra_tablets_exclude_the_selected_primary_not_the_first_entry ... ok
test cli_tests::t033_stop_waits_for_daemon_cleanup ... ok
test cli_tests::t039_host_sends_tokens_only_to_the_protected_activity ... ok
test cli_tests::t065_dead_flags_are_rejected_instead_of_silently_ignored ... ok
test cli_tests::t066_cli_overrides_use_the_same_limits_as_saved_settings ... ok
test cli_tests::t067_manual_forwarding_uses_custom_host_ports ... ok
test cli_tests::t068_extra_session_waits_for_capture_cleanup ... ok
test cli_tests::t069_each_disappearance_allows_a_new_wifi_announcement ... ok
test cli_tests::t072_launched_children_are_reaped_after_exit ... ok
test cli_tests::t105_live_wifi_off_and_address_changes_reach_adb ... ok
test cli_tests::t106_usb_migration_preserves_physical_tablet_identity ... ok
test cli_tests::t107_dual_transports_use_one_physical_slot ... ok
test cli_tests::t108_t330_extra_slots_do_not_inherit_card_pins ... ok
test cli_tests::t110_extra_token_delivery_is_targeted_and_rate_limited ... ok
test cli_tests::t122_cli_distinguishes_omitted_helper_from_explicit_override ... ok
test cli_tests::t122_explicit_missing_helper_cannot_fall_back ... ok
test cli_tests::t142_every_slot_and_wifi_setup_require_the_app ... ok
test cli_tests::t143_t445_process_loss_stays_manual_across_retry_boundaries ... ok
test cli_tests::t144_primary_and_extra_wait_for_both_reverse_mappings_and_retry ... ok
test cli_tests::t200_runtime_persistence_preserves_cli_and_unchanged_fields ... ok
test cli_tests::t237_discovery_recognizes_default_and_explicit_daemons ... ok
test cli_tests::t237_stop_recovers_missing_and_stale_pid_files_without_touching_other_commands ... ok
test cli_tests::t244_status_recovers_daemon_despite_stale_pid_file ... ok
test cli_tests::t250_activity_and_token_targets_use_fork_package_and_original_classes ... ok
test cli_tests::t250_discovery_requires_the_fork_even_when_upstream_is_installed ... ok
test cli_tests::t278_network_serial_forms_do_not_claim_usb_transport ... ok
test cli_tests::t278_usb_replaces_current_mdns_without_guessing_unknown_identities ... ok
test cli_tests::t278_wifi_setup_never_uses_mdns_as_the_usb_prerequisite ... ok
test cli_tests::t281_attachment_identity_requires_proven_transport_equivalence ... ok
test cli_tests::t288_start_rejects_cli_and_saved_pen_mode_before_resources ... ok
test cli_tests::t292_queued_first_settings_update_is_persisted ... ok
test cli_tests::t296_mode_changes_before_writer_start_are_persisted ... ok
test cli_tests::t297_failed_settings_save_is_retried_on_next_update ... ok
test cli_tests::t305_shutdown_already_requested_is_not_lost ... ok
test cli_tests::t305_shutdown_waits_for_true_or_channel_closure ... ok
test cli_tests::t321_explicit_cli_low_clock_is_not_silently_repaired ... ok
test cli_tests::t332_start_rejects_cli_and_saved_invalid_modes_before_resources ... ok
test cli_tests::t385_mode_persistence_does_not_block_runtime ... ok
test cli_tests::t385_settings_persistence_does_not_block_runtime ... ok
test cli_tests::t474_cli_overrides_saved_capacity_and_reaches_every_slot ... ok
test cli_tests::t474_conversion_capacity_cli_accepts_auto_and_bounds ... ok
test cli_tests::t612_cli_worker_override_preserves_saved_preference ... ok
test device_tasks::coverage_tests::t497_dropping_scheduler_cancels_started_work_and_never_starts_the_queue ... ok
test discovery_tests::t390_device_jobs_cancel_without_ever_starting_queued_work ... ok
test discovery_tests::t390_device_jobs_complete_independently_and_bound_concurrency ... ok
test discovery_tests::t390_initial_discovery_connects_fast_tablet_before_slow_probe ... ok
test discovery_tests::t390_one_two_four_tablets_connect_and_stop_while_probe_is_stalled ... ok
test discovery_tests::t390_slow_token_delivery_cannot_delay_another_tablet ... ok
test discovery_tests::t435_shared_umask_keeps_monitor_fixture_private ... ok
test discovery_tests::t511_tablet_routes_require_valid_non_loopback_ipv4 ... ok
test doctor::codecs::tests::t438_auto_inventory_does_not_require_every_optional_codec ... ok
test doctor::codecs::tests::t438_observed_profiles_and_duplicate_inventory_are_not_guessed ... ok
test doctor::codecs::tests::t438_unknown_encoder_does_not_claim_an_h264_selection ... ok
test doctor::coverage_tests::t497_capacity_adapter_reports_requested_multiple_slots ... ok
test doctor::coverage_tests::t497_colour_profiles_apply_only_to_confirmed_virtual_outputs ... ok
test doctor::coverage_tests::t497_connector_and_autostart_reports_preserve_unknown_states ... ok
test doctor::coverage_tests::t497_disabled_input_and_missing_capacity_are_diagnostics_not_system_changes ... ok
test doctor::coverage_tests::t497_display_report_follows_mode_position_and_actual_dimensions ... ok
test doctor::coverage_tests::t497_helper_probe_accepts_usage_and_reports_process_failures ... ok
test doctor::coverage_tests::t497_input_report_distinguishes_disabled_and_dependent_devices ... ok
test doctor::coverage_tests::t497_live_adapters_read_only_private_command_fixtures ... ok
test doctor::coverage_tests::t497_module_diagnostics_use_supplied_files_without_loading_drivers ... ok
test doctor::coverage_tests::t497_process_inventory_failure_is_unknown_not_an_empty_success ... ok
test doctor::coverage_tests::t497_virtual_output_diagnostics_tolerate_missing_and_malformed_inventories ... ok
test doctor::regression_tests::t513_keyboard_report_requires_an_exact_supported_mode ... ok
test doctor::regression_tests::t515_failed_diagnostic_commands_cannot_supply_successful_settings ... ok
test doctor::tests::t023_missing_or_unloadable_helper_is_reported ... ok
test doctor::tests::t024_one_helper_per_tablet_is_healthy ... ok
test doctor::tests::t025_auto_resolution_does_not_report_a_working_mode_as_corrupt ... ok
test doctor::tests::t026_colour_queries_target_the_selected_tablet ... ok
test doctor::tests::t058_packaged_udev_hint_works_outside_a_source_checkout ... ok
test doctor::tests::t060_missing_service_is_distinguished_from_disabled_service ... ok
test doctor::tests::t076_forwarding_checks_exact_app_to_host_ports_and_hints_selected_tablet ... ok
test doctor::tests::t098_codec_report_requires_decoder_evidence ... ok
test doctor::tests::t099_doctor_targets_active_sessions_and_actual_ports ... ok
test doctor::tests::t149_config_health_distinguishes_invalid_missing_and_valid_files ... ok
test doctor::tests::t232_executable_discovery_without_which ... ok
test doctor::tests::t234_input_diagnostics_follow_desktop_and_requested_devices ... ok
test doctor::tests::t251_doctor_ignores_diagnostic_commands_and_unrelated_helpers ... ok
test doctor::tests::t251_doctor_recovers_daemons_without_broad_orphan_matches ... ok
test doctor::tests::t251_inventory_filters_foreign_owners_before_classification ... ok
test doctor::tests::t251_orphan_remediation_uses_validated_lifecycle_commands ... ok
test doctor::tests::t278_doctor_uses_the_same_mdns_network_classification ... ok
test doctor::tests::t301_saved_bitrate_warnings_cover_both_limits ... ok
test doctor::tests::t301_saved_fps_warnings_cover_both_limits ... ok
test doctor::tests::t313_doctor_accepts_the_cli_vaapi_alias ... ok
test doctor::tests::t372_diagnostics_read_raw_dimensions_from_the_shared_inventory ... ok
test doctor::tests::t436_doctor_fixture_ignores_unrelated_live_daemon ... ok
test doctor::tests::t438_auto_is_a_policy_not_a_missing_ffmpeg_encoder ... ok
test doctor::tests::t438_codec_report_follows_requested_family_and_legacy_scope ... ok
test doctor::tests::t440_system_refresh_setting_is_separate_from_app_preference ... ok
test edid::tests::edid_checksum_is_valid ... ok
test edid::tests::t061_rejects_unrepresentable_edid_modes ... ok
test edid::tests::t114_old_edid_cache_is_not_reused ... ok
test edid::tests::t114_python_dtd_reports_exact_physical_size ... ok
test edid::tests::t114_rust_dtd_reports_exact_physical_size ... ok
test edid::tests::t115_both_generators_reject_unrepresentable_or_unsupported_values ... ok
test edid::tests::t115_generators_agree_on_boundaries_color_and_ranges ... ok
test edid::tests::t115_old_range_cache_is_not_reused ... ok
test edid::tests::t246_cache_directory_is_not_returned_as_an_edid ... ok
test edid::tests::t246_repairs_incomplete_and_wrong_generated_edids ... ok
test edid::tests::t320_python_unused_descriptor_is_valid ... ok
test edid::tests::t320_rust_unused_descriptor_is_valid ... ok
test edid::tests::t321_python_rejects_low_clock_modes ... ok
test edid::tests::t321_range_minimum_tracks_supported_geometry ... ok
test edid::tests::t321_rust_rejects_low_clock_modes ... ok
test edid::tests::t332_shared_mode_validation_agrees_with_both_generators_at_clock_boundary ... ok
test edid::tests::t585_blent_monitor_descriptor_has_fixed_width_and_checksum ... ok
test encoder_io::fifo::tests::t405_cancellation_latches_before_wait_and_descriptors_are_owned ... ok
test encoder_io::fifo::tests::t405_empty_fifo_waits_for_readiness_instead_of_repeated_eagain_reads ... ok
test encoder_io::fifo::tests::t405_inode_move_falls_back_without_losing_live_writer_data ... ok
test encoder_io::fifo::tests::t405_no_inotify_fallback_reconnects_and_still_cancels ... ok
test encoder_io::fifo::tests::t405_no_writer_fifo_waits_for_an_event_instead_of_repeated_eof_reads ... ok
test encoder_io::fifo::tests::t405_partial_eof_discards_old_bytes_before_writer_reconnect ... ok
test encoder_io::fifo::tests::t405_partial_frame_cancellation_needs_no_more_input ... ok
test encoder_io::fifo::tests::t405_writer_notifications_follow_opened_inode_after_path_replacement ... ok
test encoder_io::fifo::tests::t497_cancellation_survives_a_full_event_counter_and_missing_fifo_watch ... ok
test encoder_io::fifo::tests::t497_poll_retries_interrupted_waits_and_preserves_kernel_errors ... ok
test encoder_io::fifo::tests::t497_retired_event_sources_are_not_treated_as_live_fifo_notifications ... ok
test encoder_io::tests::t027_discards_partial_frame_when_fifo_writer_disconnects ... ok
test encoder_io::tests::t028_extracts_hevc_vps_sps_pps ... ok
test encoder_io::tests::t028_preserves_h264_parameter_sets ... ok
test framed_annex_b::batch_profile::t416_dense_packets_publish_singly_before_slow_consumer_admission ... ok
test framed_annex_b::batch_profile::t416_packet_batch_profile ... ignored, Opt-in T416 synthetic metadata/allocation measurement
test framed_annex_b::tests::t448_bounds_lines_headers_packet_sizes_and_duplicate_timestamps ... ok
test framed_annex_b::tests::t448_cancellation_retires_published_generation_mid_packet ... ok
test framed_annex_b::tests::t448_checksum_uses_ffmpeg_zero_seed ... ok
test framed_annex_b::tests::t448_fragmented_packets_keep_configuration_sequence_and_generation ... ok
test framed_annex_b::tests::t448_large_packet_on_tiny_pipe_needs_no_successor_or_eof ... ok
test framed_annex_b::tests::t448_metadata_only_packet_keeps_prefix_for_the_following_picture ... ok
test framed_annex_b::tests::t448_rejects_corruption_truncation_and_malformed_metadata ... ok
test framed_annex_b::tests::t448_stock_h264_hevc_framing_preserves_decoded_pictures_and_join_points ... ok
test framed_annex_b::tests::t492_annex_b_exposes_only_unreordered_packet_timing ... ok
test framed_annex_b::tests::t497_extradata_bounds_and_malformed_numbers_are_rejected ... ok
test ivf::av1::tests::t433_av1_keyframes_repeat_current_sequence_after_delimiter ... ok
test ivf::av1::tests::t433_av1_rejects_invalid_bounds_profiles_and_ambiguous_units ... ok
test ivf::av1::tests::t433_av1_split_frame_headers_and_still_picture ... ok
test ivf::tests::t432_ivf_fragmentation_and_eof_do_not_drop_or_join_frames ... ok
test ivf::tests::t432_ivf_preserves_packet_flags_configuration_and_retirement ... ok
test ivf::tests::t432_ivf_rejects_truncation_bad_codec_and_sizes ... ok
test ivf::tests::t432_stock_vp9_ivf_roundtrip ... ok
test ivf::tests::t433_stock_av1_preserves_decode_hashes_and_late_join_points ... ok
test ivf::tests::t492_ivf_timestamps_preserve_sparse_gaps_and_reject_unknown_timebase ... ok
test ivf::tests::t497_ivf_configuration_is_absent_until_validated_and_survives_frames ... ok
test monitor::coverage_tests::t497_reconnected_inventory_and_failed_extra_admission_preserve_state ... ok
test monitor::credential_tests::t444_auth_retry_uses_current_key_with_bounded_background_delivery ... ok
test monitor::credential_tests::t444_changed_physical_identity_on_same_serial_retires_credentials ... ok
test monitor::credential_tests::t444_delivery_rotation_retry_and_known_route_migration_preserve_focus ... ok
test monitor::credential_tests::t444_failed_credential_delivery_retries_before_first_launch ... ok
test monitor::credential_tests::t444_failed_owned_job_retires_pending_route_and_rejects_late_completion ... ok
test monitor::credential_tests::t444_inflight_route_is_cancelled_before_replacement ... ok
test monitor::credential_tests::t444_replacement_removes_both_old_routes_before_slot_reuse ... ok
test monitor::credential_tests::t444_unwritable_token_publication_never_prepares_a_route ... ok
test monitor::credentials::tests::t444_slot_files_are_atomic_private_distinct_and_validate_input ... ok
test monitor::forwarding::tests::t557_conflicts_malformed_lists_and_backend_failures_never_rebind ... ok
test monitor::forwarding::tests::t557_extra_repair_uses_its_existing_slot_ports ... ok
test monitor::forwarding::tests::t557_periodic_repair_preserves_assignment_and_joins_existing_mutations ... ok
test monitor::forwarding::tests::t557_repairs_only_missing_routes_and_uses_no_rebind ... ok
test monitor::inventory_tests::t443_confirmed_empty_inventory_retires_assignment ... ok
test monitor::inventory_tests::t443_failed_exit_never_publishes_plausible_partial_inventory ... ok
test monitor::inventory_tests::t443_failed_inventory_preserves_assignment_and_accepted_lease ... ok
test monitor::launch_policy::tests::t445_aliases_replacement_and_late_jobs_have_distinct_launch_lifetimes ... ok
test monitor::launch_policy::tests::t445_missing_route_cancels_launch_before_pending_probes_finish ... ok
test monitor::launch_policy::tests::t445_pending_unknown_alias_observes_later_identity_without_double_launch ... ok
test monitor::launch_policy::tests::t445_registry_bounds_preserve_manual_fallback_and_existing_routes ... ok
test monitor::launch_tests::t445_forwarding_retry_keeps_the_first_launch_and_disabled_stays_manual ... ok
test monitor::launch_tests::t445_new_route_probe_preserves_launch_history_until_identity_is_known ... ok
test monitor::launch_tests::t445_same_attachment_never_reopens_after_route_repair_or_process_loss ... ok
test monitor::launch_tests::t445_synthetic_attachment_never_launches_a_real_android_activity ... ok
test monitor::launch_tests::t557_ready_attachment_repairs_lost_mappings_without_reopening_android ... ok
test monitor::launch_tests::t609_display_command_reports_spawn_and_exit_failure ... ok
test monitor::probe_tests::t413_package_probe_requires_known_exit_and_response_shape ... ok
test monitor::probe_tests::t413_unknown_initial_probe_is_not_eligible_and_absence_is_confirmed ... ok
test monitor::probe_tests::t413_unknown_package_probe_preserves_assignment_and_geometry ... ok
test monitor::test_support::t420_token_retry_does_not_launch_over_another_foreground_app ... ok
test monitor::test_support::t431_inflight_mutation_does_not_consume_token_backoff ... ok
test monitor::test_support::t431_reassignment_rejects_late_recovery_and_cancels_work ... ok
test monitor::tests::t388_route_follows_adb_transport_not_physical_identity ... ok
test monitor::tests::t390_promoting_an_extra_retires_its_previous_slot ... ok
test persistence::tests::t385_settings_and_mode_transactions_share_one_ordered_worker ... ok
test persistence::tests::t385_shutdown_cancels_lock_wait_and_queued_work_then_joins ... ok
test runtime_coverage_tests::t497_private_runtime_failures_and_transport_recovery ... ok
test runtime_coverage_tests::t497_stop_timeout_leaves_a_nonresponsive_owned_daemon_reported ... ok
test runtime_coverage_tests::t590_extra_session_releases_idle_ports_without_opening_devices ... ok
test selection::health::tests::t465_idle_content_and_isolated_frames_do_not_indicate_failure ... ok
test selection::health::tests::t465_progress_before_monitor_subscription_and_decoder_recovery_are_observed ... ok
test selection::health::tests::t465_repeated_encoder_restarts_without_output_do_not_reset_recovery_deadline ... ok
test selection::health::tests::t465_retired_ack_cannot_hide_failed_replacement ... ok
test selection::health::tests::t568_delayed_ack_cannot_disable_watchdog_after_output_stops ... ok
test selection::resources::linux::tests::t612_linux_counters_keep_process_identity_and_reject_invalid_bounds ... ok
test selection::resources::tests::t612_resources_are_generation_bound_and_unknown_never_zero ... ok
test selection::trial::tests::t479_measured_tail_improves_over_a_host_only_winner ... ok
test selection::trial::tests::t479_noise_unmatched_rates_and_worse_tail_do_not_displace_incumbent ... ok
test selection::trial::tests::t479_restarted_generation_needs_its_own_warmup_and_window ... ok
test selection::trial::tests::t479_sparse_stalled_dropped_and_too_short_trials_are_not_speed_proof ... ok
test selection::trial::tests::t479_tablet_interaction_cancels_work_and_quiet_wait_is_bounded ... ok
test selection::trial::tests::t627_capture_readiness_rejects_missing_retired_and_wrong_format_output ... ok
test selection::worker::cache::tests::t480_age_context_future_time_and_manual_preference_invalidate ... ok
test selection::worker::cache::tests::t480_atomic_private_roundtrip_ignores_interrupted_writes ... ok
test selection::worker::cache::tests::t480_cache_requires_opt_in_and_fresh_software_context ... ok
test selection::worker::cache::tests::t480_decoder_alternative_hints_are_rechecked ... ok
test selection::worker::cache::tests::t480_historical_choice_is_not_ranked_as_this_session_and_requires_fresh_acks ... ok
test selection::worker::cache::tests::t480_invalid_and_out_of_bounds_observations_never_load ... ok
test selection::worker::cache::tests::t480_invalid_record_schema_quality_and_unknown_fields_are_rejected ... ok
test selection::worker::cache::tests::t480_malformed_oversized_and_symlinked_cache_is_ignored ... ok
test selection::worker::cache::tests::t480_profile_must_pass_fresh_encoder_quality_capacity_and_decoder_support ... ok
test selection::worker::cache::tests::t480_proven_identity_and_attachment_retirement_bound_cache_use ... ok
test selection::worker::cache::tests::t480_seeded_corruption_is_bounded_and_never_panics ... ok
test selection::worker::cache::tests::t480_unknown_software_caps_format_host_route_and_capture_invalidate ... ok
test selection::worker::cache::tests::t612_cached_worker_and_requested_budget_must_match ... ok
test selection::worker::coverage_tests::t497_calibration_respects_geometry_peer_support_and_cancellation ... ok
test selection::worker::measured::tests::t479_benchmark_compares_later_trials_and_retains_success_after_deadline ... ok
test selection::worker::measured::tests::t479_latency_tie_prefers_materially_better_measured_fidelity ... ok
test selection::worker::measured::tests::t479_render_latency_beats_host_probe_order_without_switching_for_noise ... ok
test selection::worker::measured::tests::t479_trials_bound_work_and_require_measured_quality_and_capacity ... ok
test selection::worker::measured::tests::t497_hint_and_decoder_variants_require_new_measurements ... ok
test selection::worker::measured::tests::t612_failed_one_worker_baseline_cannot_certify_higher_auto_budget ... ok
test selection::worker::measured::tests::t612_worker_quality_uses_one_worker_even_when_probe_rank_differs ... ok
test selection::worker::measured::tests::t612_worker_trials_start_with_one_and_require_resource_evidence ... ok
test selection::worker::measured::tests::t627_live_trials_wait_for_matching_capture_output_before_spending_window ... ok
test selection::worker::preparation::tests::t480_failed_fresh_render_check_discards_cache_and_preserves_fallback ... ok
test selection::worker::preparation::tests::t480_interaction_cancels_calibration_without_claiming_success ... ok
test selection::worker::preparation::tests::t480_legacy_peers_use_uncached_host_path_and_optional_save_failures_do_not_escape ... ok
test selection::worker::preparation::tests::t480_reused_profile_failure_releases_admission_and_restarts_measurements ... ok
test selection::worker::tests::t434_closed_display_watch_terminates_selector ... ok
test selection::worker::tests::t434_failed_render_trials_fall_through_and_preserve_fallback ... ok
test selection::worker::tests::t434_old_peers_stale_formats_and_explicit_choices_do_not_select_candidates ... ok
test selection::worker::tests::t434_only_fresh_acks_from_matching_encoder_certify_a_trial ... ok
test selection::worker::tests::t434_peer_change_cancels_pending_work_but_selection_updates_do_not ... ok
test selection::worker::tests::t434_ranking_uses_measured_capacity_then_decoder_class_and_tail_cadence ... ok
test selection::worker::tests::t434_unverified_candidate_is_never_a_rollback_target ... ok
test selection::worker::tests::t465_exhaustion_keeps_fallback_without_retrying_failed_candidates ... ok
test selection::worker::tests::t465_retired_encoder_cannot_certify_a_trial_after_late_acks ... ok
test selection::worker::tests::t465_verified_stream_failure_advances_without_control_reconnect ... ok
test selection::worker::tests::t478_rich_selection_requires_actual_profile_and_conversion_intersection ... ok
test selection::worker::tests::t484_old_decoder_acks_cannot_certify_a_new_decoder_only_trial ... ok
test selection::worker::tests::t612_legacy_peer_keeps_one_worker_and_manual_budget_is_fixed ... ok
test selection::worker::tests::t612_previous_worker_receipts_cannot_verify_a_new_budget ... ok
test session::credential_tests::t444_current_credential_reconnects_and_same_identity_migrates ... ok
test session::credential_tests::t444_invalid_and_out_of_bounds_auth_corpus_is_rejected ... ok
test session::credential_tests::t444_late_control_cannot_use_replaced_tablet_token ... ok
test session::credential_tests::t444_late_video_cannot_use_replaced_tablet_token ... ok
test session::credential_tests::t444_replacement_retires_already_authenticated_video ... ok
test session::credential_tests::t444_slots_with_same_bootstrap_seed_do_not_share_credentials ... ok
test session::credential_tests::t444_stalled_accepted_work_never_polls_after_replacement ... ok
test session::t497_server_task_errors_keep_the_service_name_and_do_not_escape ... ok
test session::tests::t281_coalesced_detach_attach_cannot_reuse_previous_geometry ... ok
test session::tests::t281_current_metadata_survives_delayed_gate_and_transport_migration ... ok
test session::tests::t368_runtime_owns_listeners_and_queued_initial_settings ... ok
test session::tests::t368_second_bind_failure_releases_first_listener ... ok
test session::tests::t450_false_update_keeps_capture_alive_until_true_or_channel_close ... ok
test session::tests::t450_initial_or_already_seen_stop_is_forwarded ... ok
test tray::tests::t497_icons_and_tooltips_follow_connection_mode_and_update ... ok
test tray::tests::t497_menu_uses_authoritative_mode_and_prevents_penless_transition ... ok
test tray::tests::t497_tray_actions_and_watch_updates_use_private_services ... ok
test tray::tests::t537_normal_and_cancelled_owners_retire_native_tray_services ... ok
test tray::tests::t537_owner_then_private_bus_exit_does_not_panic ... ok
test tray::tests::t550_appimage_tray_uses_updated_stable_launcher ... ok
test update::coverage_tests::t497_polling_retains_last_release_during_network_failure ... ok
test update::tests::t123_update_versions_follow_shared_validation_and_precedence ... ok
test update::tests::t374_release_json_contract ... ok
test update::tests::tag_is_read_from_release_json ... ok
test update::tests::version_comparison ... ok

test result: ok. 383 passed; 0 failed; 3 ignored; 0 measured; 0 filtered out; finished in 65.12s
