2026-09-20T22:30:04.032197+02:00 morpheus env[463503]: [724B blob data]
2026-09-20T22:30:04.032197+02:00 morpheus env[463278]: 2026-09-20T20:30:04.032171Z  INFO uscreen::stream: 118: Client connected: 127.0.0.1:49289
2026-09-20T22:30:04.034300+02:00 morpheus env[463278]: 2026-09-20T20:30:04.034293Z  INFO uscreen::stream: 385: Sending codec config to client (40 bytes)
2026-09-20T22:30:04.133548+02:00 morpheus env[463376]: [evdi-helper] 50.3 grabs/s (total 7682), mode:1 dpms:1 pending:1
2026-09-20T22:30:04.133548+02:00 morpheus env[463376]: [evdi-helper] cycle: request→ready avg 18.8ms (252 waited, 0 immediate), grab avg 0.9ms (252, 0 empty)
2026-09-20T22:30:04.133548+02:00 morpheus env[463376]: [evdi-helper] capture→fifo p50 42.7ms p95 65.3ms (150 frames)
2026-09-20T22:30:04.642967+02:00 morpheus env[463503]: frame= 6641 fps= 29 q=-0.0 size=N/A time=00:03:45.53 bitrate=N/A speed=   1x
2026-09-20T22:30:04.642967+02:00 morpheus env[463278]: 2026-09-20T20:30:04.642902Z  INFO uscreen::capture::cli_encoder: 355: Encoder: 151 access units in 5.0s, 0.3 MB/s (2554 kbps)
2026-09-20T22:30:04.909563+02:00 morpheus env[463503]: frame= 6656 fps= 29 q=-0.0 size=N/A time=00:03:46.03 bitrate=N/A speed=   1x
2026-09-20T22:30:04.909563+02:00 morpheus env[463278]: 2026-09-20T20:30:04.909489Z  INFO uscreen::stream: 464: Resumed at IDR after dropping 26 frames
2026-09-20T22:30:04.922088+02:00 morpheus env[463278]: 2026-09-20T20:30:04.922063Z  INFO uscreen::input: 225: Input client: 127.0.0.1:41009
2026-09-20T22:30:04.930266+02:00 morpheus env[463278]: 2026-09-20T20:30:04.930252Z  INFO uscreen_config::storage: 226: Config written: bitrate = 60000 (was 3000), height = 800 (was 720)
2026-09-20T22:30:04.931428+02:00 morpheus env[463278]: 2026-09-20T20:30:04.931417Z  INFO uscreen::input::settings: 132: Tablet reports native resolution: 1280x800 (218x136 mm)
2026-09-20T22:30:04.936233+02:00 morpheus env[463278]: 2026-09-20T20:30:04.936223Z  INFO uscreen: 1854: Settings saved to Ok("/home/netto/.config/uscreen/config.toml")
2026-09-20T22:30:04.973137+02:00 morpheus env[463278]: 2026-09-20T20:30:04.973109Z  INFO uscreen_config::storage: 226: Config written: bitrate = 60000 (was 3000), height = 800 (was 720)
2026-09-20T22:30:04.979206+02:00 morpheus env[463278]: 2026-09-20T20:30:04.979195Z  INFO uscreen: 1854: Settings saved to Ok("/home/netto/.config/uscreen/config.toml")
2026-09-20T22:30:09.139944+02:00 morpheus env[463503]: [643B blob data]
2026-09-20T22:30:09.139944+02:00 morpheus env[463376]: [evdi-helper] 49.9 grabs/s (total 7932), mode:1 dpms:1 pending:1
2026-09-20T22:30:09.139944+02:00 morpheus env[463376]: [evdi-helper] cycle: request→ready avg 18.9ms (250 waited, 0 immediate), grab avg 0.9ms (250, 0 empty)
2026-09-20T22:30:09.139944+02:00 morpheus env[463376]: [evdi-helper] capture→fifo p50 45.7ms p95 60.6ms (150 frames)
2026-09-20T22:30:09.643121+02:00 morpheus env[463503]: frame= 6795 fps= 29 q=-0.0 size=N/A time=00:03:50.66 bitrate=N/A speed=   1x
2026-09-20T22:30:09.643121+02:00 morpheus env[463278]: 2026-09-20T20:30:09.643091Z  INFO uscreen::capture::cli_encoder: 355: Encoder: 150 access units in 5.0s, 0.5 MB/s (3892 kbps)
2026-09-20T22:30:09.676186+02:00 morpheus env[463278]: 2026-09-20T20:30:09.676160Z  INFO uscreen::latency: 377: Latency packet-ready→render-ACK (host clock): p50 16.9ms  p95 19.0ms  max 29.6ms  (142 samples, 1 in flight, 0 aged out)
2026-09-20T22:30:09.676186+02:00 morpheus env[463278]: 2026-09-20T20:30:09.676174Z  INFO uscreen::latency: 389: Latency tablet arrival→render-callback (tablet clock): p50 12.2ms  p95 13.3ms  (142 samples)
2026-09-20T22:30:14.152940+02:00 morpheus env[463503]: [643B blob data]
2026-09-20T22:30:14.152940+02:00 morpheus env[463376]: [evdi-helper] 36.1 grabs/s (total 8113), mode:1 dpms:1 pending:1
2026-09-20T22:30:14.152940+02:00 morpheus env[463376]: [evdi-helper] cycle: request→ready avg 26.6ms (181 waited, 0 immediate), grab avg 0.9ms (181, 0 empty)
2026-09-20T22:30:14.152940+02:00 morpheus env[463376]: [evdi-helper] capture→fifo p50 54.4ms p95 65.8ms (151 frames)
2026-09-20T22:30:14.676367+02:00 morpheus env[463503]: frame= 6936 fps= 29 q=-0.0 size=N/A time=00:03:55.36 bitrate=N/A speed=   1x
2026-09-20T22:30:14.676367+02:00 morpheus env[463278]: 2026-09-20T20:30:14.676341Z  INFO uscreen::latency: 377: Latency packet-ready→render-ACK (host clock): p50 17.1ms  p95 19.9ms  max 28.6ms  (150 samples, 1 in flight, 0 aged out)
2026-09-20T22:30:14.676367+02:00 morpheus env[463278]: 2026-09-20T20:30:14.676361Z  INFO uscreen::latency: 389: Latency tablet arrival→render-callback (tablet clock): p50 12.4ms  p95 13.4ms  (150 samples)
2026-09-20T22:30:14.676367+02:00 morpheus env[463278]: 2026-09-20T20:30:14.676366Z  INFO uscreen::capture::cli_encoder: 355: Encoder: 151 access units in 5.0s, 0.5 MB/s (3760 kbps)
2026-09-20T22:30:19.157229+02:00 morpheus env[463503]: [724B blob data]
2026-09-20T22:30:19.157229+02:00 morpheus env[463376]: [evdi-helper] 33.4 grabs/s (total 8280), mode:1 dpms:1 pending:1
2026-09-20T22:30:19.157229+02:00 morpheus env[463376]: [evdi-helper] cycle: request→ready avg 28.9ms (167 waited, 0 immediate), grab avg 0.9ms (167, 0 empty)
2026-09-20T22:30:19.157229+02:00 morpheus env[463376]: [evdi-helper] capture→fifo p50 51.7ms p95 53.9ms (150 frames)
2026-09-20T22:30:19.676576+02:00 morpheus env[463503]: frame= 7091 fps= 29 q=-0.0 size=N/A time=00:04:00.53 bitrate=N/A speed=   1x
2026-09-20T22:30:19.676576+02:00 morpheus env[463278]: 2026-09-20T20:30:19.676547Z  INFO uscreen::latency: 377: Latency packet-ready→render-ACK (host clock): p50 16.9ms  p95 18.7ms  max 25.3ms  (150 samples, 1 in flight, 0 aged out)
2026-09-20T22:30:19.676576+02:00 morpheus env[463278]: 2026-09-20T20:30:19.676569Z  INFO uscreen::latency: 389: Latency tablet arrival→render-callback (tablet clock): p50 12.3ms  p95 13.1ms  (150 samples)
2026-09-20T22:30:19.676576+02:00 morpheus env[463278]: 2026-09-20T20:30:19.676573Z  INFO uscreen::capture::cli_encoder: 355: Encoder: 150 access units in 5.0s, 0.3 MB/s (2438 kbps)
2026-09-20T22:30:24.161394+02:00 morpheus env[463503]: [724B blob data]
2026-09-20T22:30:24.161394+02:00 morpheus env[463376]: [evdi-helper] 33.8 grabs/s (total 8449), mode:1 dpms:1 pending:1
2026-09-20T22:30:24.161394+02:00 morpheus env[463376]: [evdi-helper] cycle: request→ready avg 28.5ms (169 waited, 0 immediate), grab avg 1.0ms (169, 0 empty)
2026-09-20T22:30:24.161394+02:00 morpheus env[463376]: [evdi-helper] capture→fifo p50 47.7ms p95 56.7ms (150 frames)
2026-09-20T22:30:24.709382+02:00 morpheus env[463503]: frame= 7247 fps= 29 q=-0.0 size=N/A time=00:04:05.73 bitrate=N/A speed=   1x
2026-09-20T22:30:24.709382+02:00 morpheus env[463278]: 2026-09-20T20:30:24.709344Z  INFO uscreen::latency: 377: Latency packet-ready→render-ACK (host clock): p50 16.9ms  p95 18.0ms  max 28.4ms  (151 samples, 1 in flight, 0 aged out)
2026-09-20T22:30:24.709382+02:00 morpheus env[463278]: 2026-09-20T20:30:24.709360Z  INFO uscreen::latency: 389: Latency tablet arrival→render-callback (tablet clock): p50 12.3ms  p95 13.2ms  (151 samples)
2026-09-20T22:30:24.709382+02:00 morpheus env[463278]: 2026-09-20T20:30:24.709364Z  INFO uscreen::capture::cli_encoder: 355: Encoder: 151 access units in 5.0s, 0.3 MB/s (2063 kbps)
2026-09-20T22:30:29.165513+02:00 morpheus env[463503]: [643B blob data]
2026-09-20T22:30:29.165513+02:00 morpheus env[463376]: [evdi-helper] 34.0 grabs/s (total 8619), mode:1 dpms:1 pending:1
2026-09-20T22:30:29.165513+02:00 morpheus env[463376]: [evdi-helper] cycle: request→ready avg 28.3ms (170 waited, 0 immediate), grab avg 0.9ms (170, 0 empty)
2026-09-20T22:30:29.165513+02:00 morpheus env[463376]: [evdi-helper] capture→fifo p50 44.4ms p95 55.0ms (150 frames)
2026-09-20T22:30:29.709609+02:00 morpheus env[463503]: frame= 7387 fps= 30 q=-0.0 size=N/A time=00:04:10.40 bitrate=N/A speed=   1x
2026-09-20T22:30:29.709609+02:00 morpheus env[463278]: 2026-09-20T20:30:29.709569Z  INFO uscreen::latency: 377: Latency packet-ready→render-ACK (host clock): p50 16.9ms  p95 18.9ms  max 24.7ms  (150 samples, 1 in flight, 0 aged out)
2026-09-20T22:30:29.709609+02:00 morpheus env[463278]: 2026-09-20T20:30:29.709586Z  INFO uscreen::latency: 389: Latency tablet arrival→render-callback (tablet clock): p50 12.2ms  p95 13.0ms  (150 samples)
2026-09-20T22:30:29.709609+02:00 morpheus env[463278]: 2026-09-20T20:30:29.709589Z  INFO uscreen::capture::cli_encoder: 355: Encoder: 150 access units in 5.0s, 0.5 MB/s (3982 kbps)
2026-09-20T22:30:34.169630+02:00 morpheus env[463503]: [724B blob data]
2026-09-20T22:30:34.169630+02:00 morpheus env[463376]: [evdi-helper] 34.8 grabs/s (total 8793), mode:1 dpms:1 pending:1
2026-09-20T22:30:34.169630+02:00 morpheus env[463376]: [evdi-helper] cycle: request→ready avg 27.7ms (174 waited, 0 immediate), grab avg 0.9ms (174, 0 empty)
2026-09-20T22:30:34.169630+02:00 morpheus env[463376]: [evdi-helper] capture→fifo p50 40.4ms p95 50.5ms (150 frames)
2026-09-20T22:30:34.743408+02:00 morpheus env[463503]: frame= 7540 fps= 30 q=-0.0 size=N/A time=00:04:15.50 bitrate=N/A speed=   1x
2026-09-20T22:30:34.743408+02:00 morpheus env[463278]: 2026-09-20T20:30:34.743381Z  INFO uscreen::latency: 377: Latency packet-ready→render-ACK (host clock): p50 16.8ms  p95 18.6ms  max 28.7ms  (151 samples, 1 in flight, 0 aged out)
2026-09-20T22:30:34.743408+02:00 morpheus env[463278]: 2026-09-20T20:30:34.743400Z  INFO uscreen::latency: 389: Latency tablet arrival→render-callback (tablet clock): p50 12.3ms  p95 13.2ms  (151 samples)
2026-09-20T22:30:34.743408+02:00 morpheus env[463278]: 2026-09-20T20:30:34.743404Z  INFO uscreen::capture::cli_encoder: 355: Encoder: 151 access units in 5.0s, 0.4 MB/s (3297 kbps)
2026-09-20T22:30:39.182010+02:00 morpheus env[463503]: [724B blob data]
2026-09-20T22:30:39.182010+02:00 morpheus env[463376]: [evdi-helper] 51.5 grabs/s (total 9051), mode:1 dpms:1 pending:1
2026-09-20T22:30:39.182010+02:00 morpheus env[463376]: [evdi-helper] cycle: request→ready avg 18.4ms (258 waited, 0 immediate), grab avg 0.8ms (258, 0 empty)
2026-09-20T22:30:39.182010+02:00 morpheus env[463376]: [evdi-helper] capture→fifo p50 38.8ms p95 47.3ms (151 frames)
2026-09-20T22:30:39.776020+02:00 morpheus env[463503]: frame= 7694 fps= 30 q=-0.0 size=N/A time=00:04:20.63 bitrate=N/A speed=   1x
2026-09-20T22:30:39.776020+02:00 morpheus env[463278]: 2026-09-20T20:30:39.775992Z  INFO uscreen::latency: 377: Latency packet-ready→render-ACK (host clock): p50 17.0ms  p95 18.9ms  max 24.4ms  (151 samples, 1 in flight, 0 aged out)
2026-09-20T22:30:39.776020+02:00 morpheus env[463278]: 2026-09-20T20:30:39.776012Z  INFO uscreen::latency: 389: Latency tablet arrival→render-callback (tablet clock): p50 12.2ms  p95 13.1ms  (151 samples)
2026-09-20T22:30:39.776020+02:00 morpheus env[463278]: 2026-09-20T20:30:39.776017Z  INFO uscreen::capture::cli_encoder: 355: Encoder: 151 access units in 5.0s, 0.5 MB/s (3605 kbps)
2026-09-20T22:30:44.185532+02:00 morpheus env[463503]: [724B blob data]
2026-09-20T22:30:44.185532+02:00 morpheus env[463376]: [evdi-helper] 56.4 grabs/s (total 9333), mode:1 dpms:1 pending:1
2026-09-20T22:30:44.185532+02:00 morpheus env[463376]: [evdi-helper] cycle: request→ready avg 16.7ms (282 waited, 0 immediate), grab avg 0.9ms (282, 0 empty)
2026-09-20T22:30:44.185532+02:00 morpheus env[463376]: [evdi-helper] capture→fifo p50 40.8ms p95 64.6ms (150 frames)
2026-09-20T22:30:44.776100+02:00 morpheus env[463503]: frame= 7847 fps= 30 q=-0.0 size=N/A time=00:04:25.73 bitrate=N/A speed=   1x
2026-09-20T22:30:44.776100+02:00 morpheus env[463278]: 2026-09-20T20:30:44.776074Z  INFO uscreen::latency: 377: Latency packet-ready→render-ACK (host clock): p50 16.7ms  p95 19.6ms  max 27.5ms  (150 samples, 1 in flight, 0 aged out)
2026-09-20T22:30:44.776100+02:00 morpheus env[463278]: 2026-09-20T20:30:44.776092Z  INFO uscreen::latency: 389: Latency tablet arrival→render-callback (tablet clock): p50 12.2ms  p95 13.2ms  (150 samples)
2026-09-20T22:30:44.776100+02:00 morpheus env[463278]: 2026-09-20T20:30:44.776097Z  INFO uscreen::capture::cli_encoder: 355: Encoder: 150 access units in 5.0s, 0.4 MB/s (2886 kbps)
2026-09-20T22:30:49.215532+02:00 morpheus env[463503]: [643B blob data]
2026-09-20T22:30:49.215532+02:00 morpheus env[463376]: [evdi-helper] 47.9 grabs/s (total 9574), mode:1 dpms:1 pending:1
2026-09-20T22:30:49.215532+02:00 morpheus env[463376]: [evdi-helper] cycle: request→ready avg 19.7ms (241 waited, 0 immediate), grab avg 1.0ms (241, 0 empty)
2026-09-20T22:30:49.215532+02:00 morpheus env[463376]: [evdi-helper] capture→fifo p50 37.2ms p95 54.6ms (151 frames)
2026-09-20T22:30:49.776279+02:00 morpheus env[463503]: [157B blob data]
2026-09-20T22:30:49.776279+02:00 morpheus env[463278]: 2026-09-20T20:30:49.776246Z  INFO uscreen::latency: 377: Latency packet-ready→render-ACK (host clock): p50 16.7ms  p95 19.3ms  max 24.4ms  (150 samples, 1 in flight, 0 aged out)
2026-09-20T22:30:49.776279+02:00 morpheus env[463278]: 2026-09-20T20:30:49.776262Z  INFO uscreen::latency: 389: Latency tablet arrival→render-callback (tablet clock): p50 12.2ms  p95 13.0ms  (150 samples)
2026-09-20T22:30:49.776279+02:00 morpheus env[463278]: 2026-09-20T20:30:49.776266Z  INFO uscreen::capture::cli_encoder: 355: Encoder: 150 access units in 5.0s, 0.4 MB/s (2830 kbps)
2026-09-20T22:30:54.219739+02:00 morpheus env[463503]: [643B blob data]
2026-09-20T22:30:54.219739+02:00 morpheus env[463376]: [evdi-helper] 48.0 grabs/s (total 9814), mode:1 dpms:1 pending:1
2026-09-20T22:30:54.219739+02:00 morpheus env[463376]: [evdi-helper] cycle: request→ready avg 19.7ms (240 waited, 0 immediate), grab avg 0.9ms (240, 0 empty)
2026-09-20T22:30:54.219739+02:00 morpheus env[463376]: [evdi-helper] capture→fifo p50 48.7ms p95 65.3ms (150 frames)
2026-09-20T22:30:54.776638+02:00 morpheus env[463503]: frame= 8142 fps= 30 q=-0.0 size=N/A time=00:04:35.56 bitrate=N/A speed=   1x
2026-09-20T22:30:54.776638+02:00 morpheus env[463278]: 2026-09-20T20:30:54.776605Z  INFO uscreen::latency: 377: Latency packet-ready→render-ACK (host clock): p50 16.9ms  p95 19.3ms  max 24.5ms  (150 samples, 1 in flight, 0 aged out)
2026-09-20T22:30:54.776638+02:00 morpheus env[463278]: 2026-09-20T20:30:54.776626Z  INFO uscreen::latency: 389: Latency tablet arrival→render-callback (tablet clock): p50 12.3ms  p95 13.3ms  (150 samples)
2026-09-20T22:30:54.776638+02:00 morpheus env[463278]: 2026-09-20T20:30:54.776631Z  INFO uscreen::capture::cli_encoder: 355: Encoder: 150 access units in 5.0s, 0.4 MB/s (2944 kbps)
2026-09-20T22:30:59.240885+02:00 morpheus env[463503]: [724B blob data]
2026-09-20T22:30:59.240885+02:00 morpheus env[463376]: [evdi-helper] 53.4 grabs/s (total 10082), mode:1 dpms:1 pending:1
2026-09-20T22:30:59.240885+02:00 morpheus env[463376]: [evdi-helper] cycle: request→ready avg 17.7ms (268 waited, 0 immediate), grab avg 0.9ms (268, 0 empty)
2026-09-20T22:30:59.240885+02:00 morpheus env[463376]: [evdi-helper] capture→fifo p50 45.1ms p95 62.1ms (151 frames)
2026-09-20T22:30:59.809329+02:00 morpheus env[463503]: frame= 8298 fps= 30 q=-0.0 size=N/A time=00:04:40.76 bitrate=N/A speed=   1x
2026-09-20T22:30:59.809329+02:00 morpheus env[463278]: 2026-09-20T20:30:59.809306Z  INFO uscreen::latency: 377: Latency packet-ready→render-ACK (host clock): p50 16.8ms  p95 18.8ms  max 25.5ms  (151 samples, 1 in flight, 0 aged out)
2026-09-20T22:30:59.809329+02:00 morpheus env[463278]: 2026-09-20T20:30:59.809321Z  INFO uscreen::latency: 389: Latency tablet arrival→render-callback (tablet clock): p50 12.2ms  p95 13.1ms  (151 samples)
2026-09-20T22:30:59.809329+02:00 morpheus env[463278]: 2026-09-20T20:30:59.809324Z  INFO uscreen::capture::cli_encoder: 355: Encoder: 151 access units in 5.0s, 0.4 MB/s (3215 kbps)
2026-09-20T22:31:04.249108+02:00 morpheus env[463503]: [643B blob data]
2026-09-20T22:31:04.249108+02:00 morpheus env[463376]: [evdi-helper] 49.9 grabs/s (total 10332), mode:1 dpms:1 pending:1
2026-09-20T22:31:04.249108+02:00 morpheus env[463376]: [evdi-helper] cycle: request→ready avg 19.0ms (250 waited, 0 immediate), grab avg 0.9ms (250, 0 empty)
2026-09-20T22:31:04.249108+02:00 morpheus env[463376]: [evdi-helper] capture→fifo p50 42.9ms p95 57.6ms (150 frames)
2026-09-20T22:31:04.809378+02:00 morpheus env[463503]: frame= 8441 fps= 30 q=-0.0 size=N/A time=00:04:45.53 bitrate=N/A speed=   1x
2026-09-20T22:31:04.809378+02:00 morpheus env[463278]: 2026-09-20T20:31:04.809343Z  INFO uscreen::latency: 377: Latency packet-ready→render-ACK (host clock): p50 17.1ms  p95 18.5ms  max 25.5ms  (150 samples, 1 in flight, 0 aged out)
2026-09-20T22:31:04.809378+02:00 morpheus env[463278]: 2026-09-20T20:31:04.809361Z  INFO uscreen::latency: 389: Latency tablet arrival→render-callback (tablet clock): p50 12.4ms  p95 13.3ms  (150 samples)
2026-09-20T22:31:04.809378+02:00 morpheus env[463278]: 2026-09-20T20:31:04.809364Z  INFO uscreen::capture::cli_encoder: 355: Encoder: 150 access units in 5.0s, 0.3 MB/s (2149 kbps)
