To honour the JVM settings for this build a single-use Daemon process will be forked. For more on this, please refer to https://docs.gradle.org/8.5/userguide/gradle_daemon.html#sec:disabling_the_daemon in the Gradle documentation.
Daemon will be stopped at the end of the build 

> Configure project :app
WARNING: The option setting 'android.experimental.lint.version=8.3.2' is experimental.
Warning: SDK processing. This version only understands SDK XML versions up to 3 but an SDK XML file of version 4 was encountered. This can happen if you use versions of Android Studio and the command-line tools that were released at different times.

> Task :app:checkKotlinGradlePluginConfigurationErrors
> Task :app:generateDebugProfileIdentity UP-TO-DATE
> Task :app:preBuild UP-TO-DATE
> Task :app:preDebugBuild UP-TO-DATE
> Task :app:checkDebugAarMetadata UP-TO-DATE
> Task :app:generateDebugResValues UP-TO-DATE
> Task :app:mapDebugSourceSetPaths UP-TO-DATE
> Task :app:generateDebugResources UP-TO-DATE
> Task :app:mergeDebugResources UP-TO-DATE
> Task :app:packageDebugResources UP-TO-DATE
> Task :app:parseDebugLocalResources UP-TO-DATE
> Task :app:createDebugCompatibleScreenManifests UP-TO-DATE
> Task :app:extractDeepLinksDebug UP-TO-DATE
> Task :app:processDebugMainManifest UP-TO-DATE
> Task :app:processDebugManifest UP-TO-DATE
> Task :app:processDebugManifestForPackage UP-TO-DATE
> Task :app:processDebugResources UP-TO-DATE
> Task :app:compileDebugKotlin UP-TO-DATE
> Task :app:javaPreCompileDebug UP-TO-DATE
> Task :app:compileDebugJavaWithJavac NO-SOURCE
> Task :app:bundleDebugClassesToRuntimeJar UP-TO-DATE
> Task :app:bundleDebugClassesToCompileJar UP-TO-DATE
> Task :app:compileDebugUnitTestKotlin UP-TO-DATE
> Task :app:preDebugUnitTestBuild UP-TO-DATE
> Task :app:javaPreCompileDebugUnitTest UP-TO-DATE
> Task :app:compileDebugUnitTestJavaWithJavac NO-SOURCE
> Task :app:mergeDebugShaders UP-TO-DATE
> Task :app:compileDebugShaders NO-SOURCE
> Task :app:generateDebugAssets UP-TO-DATE
> Task :app:mergeDebugAssets UP-TO-DATE
> Task :app:packageDebugUnitTestForUnitTest UP-TO-DATE
> Task :app:generateDebugUnitTestConfig UP-TO-DATE
> Task :app:processDebugJavaRes UP-TO-DATE
> Task :app:processDebugUnitTestJavaRes UP-TO-DATE
> Task :app:testDebugUnitTest

com.blent.SettingsAccessibilityTest > t611_advancedControlsDiscloseWithoutApplyingDraftOrStartingCamera[27] FAILED
    androidx.test.espresso.AppNotIdleException at SettingsAccessibilityTest.kt:30

com.blent.SettingsAccessibilityTest > t509_modeAndOrientationSwitchesHaveDescriptiveAccessibleActions[27] FAILED
    androidx.test.espresso.AppNotIdleException at SettingsAccessibilityTest.kt:46

com.blent.SettingsAccessibilityTest > t611_settingsButtonHasAccessibleNameAndMinimumTouchTarget[27] FAILED
    androidx.test.espresso.AppNotIdleException at SettingsAccessibilityTest.kt:25

com.blent.SettingsAccessibilityTest > t611_advancedControlsDiscloseWithoutApplyingDraftOrStartingCamera FAILED
    androidx.test.espresso.AppNotIdleException at SettingsAccessibilityTest.kt:30

441 tests completed, 4 failed, 1 skipped

> Task :app:testDebugUnitTest FAILED

FAILURE: Build failed with an exception.

* What went wrong:
Execution failed for task ':app:testDebugUnitTest'.
> Process 'Gradle Test Executor 1' finished with non-zero exit value 143
  This problem might be caused by incorrect test process configuration.
  For more on test execution, please refer to https://docs.gradle.org/8.5/userguide/java_testing.html#sec:test_execution in the Gradle documentation.

* Try:
> Run with --stacktrace option to get the stack trace.
> Run with --info or --debug option to get more log output.
> Run with --scan to get full insights.
> Get more help at https://help.gradle.org.

BUILD FAILED in 5m 31s
27 actionable tasks: 2 executed, 25 up-to-date
