   Compiling uscreen v1.2.3 (/work/host)
    Finished `release` profile [optimized] target(s) in 9.81s
     Running unittests src/main.rs (/build/release/deps/uscreen-db0472d2673db434)

running 11 tests
test encoder::packet_tests::t402_delayed_bytes_survive_later_encode_and_encoder_retirement ... [libx264 @ 0x7198a8000d80] using cpu capabilities: MMX2 SSE2Fast SSSE3 SSE4.2 AVX FMA3 BMI2 AVX2 AVX512
[libx264 @ 0x7198a8000d80] profile Constrained Baseline, level 1.3, 4:2:0, 8-bit
[libx264 @ 0x7198a8000d80] frame I:1     Avg QP:17.00  size:   748
[libx264 @ 0x7198a8000d80] frame P:32    Avg QP:11.00  size:    45
[libx264 @ 0x7198a8000d80] mb I  I16..4: 100.0%  0.0%  0.0%
[libx264 @ 0x7198a8000d80] mb P  I16..4: 93.9%  0.0%  0.0%  P16..4:  6.1%  0.0%  0.0%  0.0%  0.0%    skip: 0.0%
[libx264 @ 0x7198a8000d80] coded y,uvDC,uvAC intra: 0.0% 0.2% 0.0% inter: 100.0% 100.0% 0.0%
[libx264 @ 0x7198a8000d80] i16 v,h,dc,p: 80%  0% 20%  0%
[libx264 @ 0x7198a8000d80] i8c dc,h,v,p: 100%  0%  0%  0%
[libx264 @ 0x7198a8000d80] kb/s:32.03
ok
test encoder::packet_tests::t402_delayed_large_packet_decodes_like_a_detached_copy ... [libx264 @ 0x7198a8000d80] using cpu capabilities: MMX2 SSE2Fast SSSE3 SSE4.2 AVX FMA3 BMI2 AVX2 AVX512
[libx264 @ 0x7198a8000d80] profile Constrained Baseline, level 5.0, 4:2:0, 8-bit
[libx264 @ 0x7198a8000d80] VBV underflow (frame 1, -5625504 bits)
[libx264 @ 0x7198a8000d80] frame I:1     Avg QP:50.89  size:167993
[libx264 @ 0x7198a8000d80] frame P:4     Avg QP:31.00  size:271320
[libx264 @ 0x7198a8000d80] mb I  I16..4: 100.0%  0.0%  0.0%
[libx264 @ 0x7198a8000d80] mb P  I16..4:  0.0%  0.0%  0.0%  P16..4: 50.8%  0.0%  0.0%  0.0%  0.0%    skip:49.2%
[libx264 @ 0x7198a8000d80] coded y,uvDC,uvAC intra: 100.0% 100.0% 100.0% inter: 47.6% 49.4% 47.0%
[libx264 @ 0x7198a8000d80] i16 v,h,dc,p:  7%  3% 89%  1%
[libx264 @ 0x7198a8000d80] i8c dc,h,v,p: 96%  3%  1%  1%
[libx264 @ 0x7198a8000d80] kb/s:120314.11
ok
test encoder::packet_tests::t402_large_encoded_packets_avoid_the_drain_payload_copy ... [libx264 @ 0x7198a8000d80] using cpu capabilities: MMX2 SSE2Fast SSSE3 SSE4.2 AVX FMA3 BMI2 AVX2 AVX512
[libx264 @ 0x7198a8000d80] profile Constrained Baseline, level 5.0, 4:2:0, 8-bit
[libx264 @ 0x7198a8000d80] frame I:1     Avg QP:50.98  size:169050
[libx264 @ 0x7198a8000d80] mb I  I16..4: 100.0%  0.0%  0.0%
[libx264 @ 0x7198a8000d80] coded y,uvDC,uvAC intra: 100.0% 100.0% 100.0%
[libx264 @ 0x7198a8000d80] i16 v,h,dc,p:  7%  3% 88%  1%
[libx264 @ 0x7198a8000d80] i8c dc,h,v,p: 96%  3%  1%  1%
[libx264 @ 0x7198a8000d80] kb/s:81143.99
ok
test encoder::packet_tests::t402_packet_storage_replay ... ignored, T402 optional microbenchmark; does not change production ownership
test encoder::storage::tests::t402_multiple_packets_keep_independent_charges_during_cancellation ... ok
test encoder::storage::tests::t402_publication_releases_unrelated_packet_owned_buffers ... ok
test encoder::storage::tests::t402_slow_broadcast_consumer_cancellation_releases_after_encoder_retirement ... ok
test encoder::storage::tests::t402_subrange_charges_complete_allocation_and_releases_once_after_retirement ... ok
test encoder::storage::tests::t402_tiny_buffer_views_detach_without_retaining_large_allocations ... ok
test encoder::storage::tests::t402_unknown_buffer_views_copy_and_detach ... ok
test encoder::storage_replay::t402_packet_boundary_replay ... ignored, T402 optional paired allocator/publication boundary benchmark

test result: ok. 9 passed; 0 failed; 2 ignored; 0 measured; 189 filtered out; finished in 0.04s
