simpleperf W kallsyms.cpp:163] Access to kernel symbol addresses is restricted. If possible, please do `echo 0 >/proc/sys/kernel/kptr_restrict` to fix this.
[ perf record: Woken up 128 times to write data ]
simpleperf I cmd_record.cpp:840] Recorded for 20.0002 seconds. Start post processing.
[ perf record: Captured and wrote 34.521 MB /tmp/blent-investigation/t598/motion-steady/host.data (543 samples) ]
simpleperf I cmd_record.cpp:941] Samples recorded: 1,291. Samples lost: 0.
strace: Process 290532 attached with 36 threads
strace: Process 290576 attached with 6 threads
strace: Process 290619 attached with 31 threads
strace: Process 607827 attached with 43 threads
strace: Process 608806 attached
strace: Process 608807 attached
strace: Process 608808 attached
strace: Process 608809 attached
strace: Process 608810 attached
strace: Process 608811 attached
strace: Process 608812 attached
strace: Process 608813 attached
strace: Process 608814 attached
strace: Process 608815 attached
strace: Process 608825 attached
strace: Process 608826 attached
strace: Process 608827 attached
strace: Process 608828 attached
strace: Process 608829 attached
strace: Process 608830 attached
strace: Process 608831 attached
strace: Process 290581 detached
strace: Process 290582 detached
strace: Process 607867 detached
strace: Process 607870 detached
strace: Process 607869 detached
strace: Process 607868 detached
strace: Process 607866 detached
strace: Process 607865 detached
strace: Process 607864 detached
strace: Process 607863 detached
strace: Process 607862 detached
strace: Process 607861 detached
strace: Process 607860 detached
strace: Process 607859 detached
strace: Process 607858 detached
strace: Process 607857 detached
strace: Process 607856 detached
strace: Process 607855 detached
strace: Process 607854 detached
strace: Process 607853 detached
strace: Process 607852 detached
strace: Process 607851 detached
strace: Process 607850 detached
strace: Process 607849 detached
strace: Process 607848 detached
strace: Process 607847 detached
strace: Process 607846 detached
strace: Process 607845 detached
strace: Process 607844 detached
strace: Process 607843 detached
strace: Process 607842 detached
strace: Process 607841 detached
strace: Process 607840 detached
strace: Process 607839 detached
strace: Process 607838 detached
strace: Process 607837 detached
strace: Process 607836 detached
strace: Process 607835 detached
strace: Process 607834 detached
strace: Process 607833 detached
strace: Process 607832 detached
strace: Process 607831 detached
strace: Process 607830 detached
strace: Process 607829 detached
strace: Process 607827 detached
strace: Process 291928 detached
strace: Process 291927 detached
strace: Process 291926 detached
strace: Process 291925 detached
strace: Process 291924 detached
strace: Process 291923 detached
strace: Process 291922 detached
strace: Process 291921 detached
strace: Process 291920 detached
strace: Process 291919 detached
strace: Process 291918 detached
strace: Process 291917 detached
strace: Process 291916 detached
strace: Process 291915 detached
strace: Process 291914 detached
strace: Process 291913 detached
strace: Process 291912 detached
strace: Process 291911 detached
strace: Process 291910 detached
strace: Process 291908 detached
strace: Process 291907 detached
strace: Process 291906 detached
strace: Process 291905 detached
strace: Process 291904 detached
strace: Process 291903 detached
strace: Process 291902 detached
strace: Process 291901 detached
strace: Process 291900 detached
strace: Process 291899 detached
strace: Process 291898 detached
strace: Process 290619 detached
strace: Process 290579 detached
strace: Process 290578 detached
strace: Process 290577 detached
strace: Process 290576 detached
strace: Process 290570 detached
strace: Process 290569 detached
strace: Process 290567 detached
strace: Process 290565 detached
strace: Process 290564 detached
strace: Process 290563 detached
strace: Process 290562 detached
strace: Process 290561 detached
strace: Process 290560 detached
strace: Process 290559 detached
strace: Process 290558 detached
strace: Process 290557 detached
strace: Process 290556 detached
strace: Process 290555 detached
strace: Process 290554 detached
strace: Process 290553 detached
strace: Process 290552 detached
strace: Process 290551 detached
strace: Process 290550 detached
strace: Process 290549 detached
strace: Process 290548 detached
strace: Process 290547 detached
strace: Process 290546 detached
strace: Process 290545 detached
strace: Process 290544 detached
strace: Process 290543 detached
strace: Process 290542 detached
strace: Process 290541 detached
strace: Process 290540 detached
strace: Process 290539 detached
strace: Process 290538 detached
strace: Process 290537 detached
strace: Process 290536 detached
strace: Process 290535 detached
strace: Process 290534 detached
strace: Process 290532 detached
