Native Windows policy and service contracts	Test portable policy without platform features	2026-09-26T19:08:12.1113346Z test result: ok. 47 passed; 0 failed; 0 ignored; 0 measured; 0 filtered out; finished in 0.07s
Native Windows policy and service contracts	Test portable policy without platform features	2026-09-26T19:08:12.1202636Z test result: ok. 0 passed; 0 failed; 0 ignored; 0 measured; 0 filtered out; finished in 0.00s
Native Windows policy and service contracts	Test portable policy without platform features	2026-09-26T19:08:12.1281914Z test result: ok. 0 passed; 0 failed; 0 ignored; 0 measured; 0 filtered out; finished in 0.00s
Native Windows policy and service contracts	Test portable policy without platform features	2026-09-26T19:08:12.1368479Z test result: ok. 0 passed; 0 failed; 0 ignored; 0 measured; 0 filtered out; finished in 0.00s
Native Windows policy and service contracts	Test portable policy without platform features	2026-09-26T19:08:12.1453794Z test result: ok. 0 passed; 0 failed; 0 ignored; 0 measured; 0 filtered out; finished in 0.00s
Native Windows policy and service contracts	Test portable policy without platform features	2026-09-26T19:08:12.1533788Z test result: ok. 0 passed; 0 failed; 0 ignored; 0 measured; 0 filtered out; finished in 0.00s
Native Windows policy and service contracts	Test portable policy without platform features	2026-09-26T19:08:12.1614664Z test result: ok. 0 passed; 0 failed; 0 ignored; 0 measured; 0 filtered out; finished in 0.00s
Native Windows policy and service contracts	Test portable policy without platform features	2026-09-26T19:08:12.1693911Z test result: ok. 0 passed; 0 failed; 0 ignored; 0 measured; 0 filtered out; finished in 0.00s
Native Windows policy and service contracts	Test portable policy without platform features	2026-09-26T19:08:13.0699882Z test result: ok. 0 passed; 0 failed; 0 ignored; 0 measured; 0 filtered out; finished in 0.00s
Native Windows policy and service contracts	Test native paths, ACLs, leases, jobs and preview applications	2026-09-26T19:10:15.5395460Z test result: ok. 62 passed; 0 failed; 0 ignored; 0 measured; 0 filtered out; finished in 5.45s
Native Windows policy and service contracts	Test native paths, ACLs, leases, jobs and preview applications	2026-09-26T19:10:15.5490673Z test result: ok. 0 passed; 0 failed; 0 ignored; 0 measured; 0 filtered out; finished in 0.00s
Native Windows policy and service contracts	Test native paths, ACLs, leases, jobs and preview applications	2026-09-26T19:10:15.5571289Z test result: ok. 0 passed; 0 failed; 0 ignored; 0 measured; 0 filtered out; finished in 0.00s
Native Windows policy and service contracts	Test native paths, ACLs, leases, jobs and preview applications	2026-09-26T19:10:15.6021748Z test result: ok. 2 passed; 0 failed; 0 ignored; 0 measured; 0 filtered out; finished in 0.04s
Native Windows policy and service contracts	Test native paths, ACLs, leases, jobs and preview applications	2026-09-26T19:10:15.6110816Z test result: ok. 0 passed; 0 failed; 0 ignored; 0 measured; 0 filtered out; finished in 0.00s
Native Windows policy and service contracts	Test native paths, ACLs, leases, jobs and preview applications	2026-09-26T19:10:15.6193627Z test result: ok. 0 passed; 0 failed; 0 ignored; 0 measured; 0 filtered out; finished in 0.00s
Native Windows policy and service contracts	Test native paths, ACLs, leases, jobs and preview applications	2026-09-26T19:10:15.6270740Z test result: ok. 0 passed; 0 failed; 0 ignored; 0 measured; 0 filtered out; finished in 0.00s
Native Windows policy and service contracts	Test native paths, ACLs, leases, jobs and preview applications	2026-09-26T19:10:15.6360273Z test result: ok. 0 passed; 0 failed; 0 ignored; 0 measured; 0 filtered out; finished in 0.00s
Native Windows policy and service contracts	Test native paths, ACLs, leases, jobs and preview applications	2026-09-26T19:10:15.6442539Z test result: ok. 0 passed; 0 failed; 0 ignored; 0 measured; 0 filtered out; finished in 0.00s
Native Windows policy and service contracts	Test native paths, ACLs, leases, jobs and preview applications	2026-09-26T19:10:15.6524274Z test result: ok. 0 passed; 0 failed; 0 ignored; 0 measured; 0 filtered out; finished in 0.00s
Native Windows policy and service contracts	Test native paths, ACLs, leases, jobs and preview applications	2026-09-26T19:10:15.6616430Z test result: ok. 2 passed; 0 failed; 0 ignored; 0 measured; 0 filtered out; finished in 0.00s
Native Windows policy and service contracts	Test native paths, ACLs, leases, jobs and preview applications	2026-09-26T19:10:15.6829460Z test result: ok. 3 passed; 0 failed; 0 ignored; 0 measured; 0 filtered out; finished in 0.01s
Native Windows policy and service contracts	Test native paths, ACLs, leases, jobs and preview applications	2026-09-26T19:10:15.6928528Z test result: ok. 0 passed; 0 failed; 0 ignored; 0 measured; 0 filtered out; finished in 0.00s
Native Windows policy and service contracts	Test native paths, ACLs, leases, jobs and preview applications	2026-09-26T19:10:15.7012121Z test result: ok. 0 passed; 0 failed; 0 ignored; 0 measured; 0 filtered out; finished in 0.00s
Native Windows policy and service contracts	Test native paths, ACLs, leases, jobs and preview applications	2026-09-26T19:10:15.8882713Z test result: ok. 4 passed; 0 failed; 0 ignored; 0 measured; 0 filtered out; finished in 0.18s
Native Windows policy and service contracts	Test native paths, ACLs, leases, jobs and preview applications	2026-09-26T19:10:17.4628021Z test result: ok. 1 passed; 0 failed; 0 ignored; 0 measured; 87 filtered out; finished in 0.40s
Native Windows policy and service contracts	Test native paths, ACLs, leases, jobs and preview applications	2026-09-26T19:10:18.2126105Z test commands::windows::tests::t493_resume_rejects_a_retired_child ... 
Native Windows policy and service contracts	Test native paths, ACLs, leases, jobs and preview applications	2026-09-26T19:10:18.2129201Z test commands::windows::tests::t493_resume_rejects_missing_and_different_thread_owners ... ok
Native Windows policy and service contracts	Test native paths, ACLs, leases, jobs and preview applications	2026-09-26T19:10:18.2129992Z test result: ok. 1 passed; 0 failed; 0 ignored; 0 measured; 87 filtered out; finished in 0.00s
Native Windows policy and service contracts	Test native paths, ACLs, leases, jobs and preview applications	2026-09-26T19:10:18.2238773Z test commands::windows::tests::t493_resume_rejects_missing_and_different_thread_owners ... ok
Native Windows policy and service contracts	Test native paths, ACLs, leases, jobs and preview applications	2026-09-26T19:10:18.4807542Z test platform::tests::t493_capabilities_never_imply_an_unimplemented_backend ... ok
Native Windows policy and service contracts	Test native paths, ACLs, leases, jobs and preview applications	2026-09-26T19:10:19.2048237Z test windows::programs::tests::t493_executable_search_preserves_unicode_and_rejects_shell_files ... ok
Native Windows policy and service contracts	Test native paths, ACLs, leases, jobs and preview applications	2026-09-26T19:10:19.2243280Z test windows::runtime::tests::t493_lease_retirement_preserves_a_replaced_owner_record ... ok
Native Windows policy and service contracts	Test native paths, ACLs, leases, jobs and preview applications	2026-09-26T19:10:19.2245390Z test windows::runtime::tests::t493_runtime_location_uses_the_native_local_known_folder ... ok
Native Windows policy and service contracts	Test native paths, ACLs, leases, jobs and preview applications	2026-09-26T19:10:19.2499996Z test windows::runtime::tests::t493_runtime_rejects_junctions_without_modifying_the_target ... ok
Native Windows policy and service contracts	Test native paths, ACLs, leases, jobs and preview applications	2026-09-26T19:10:19.2584973Z test windows::runtime::tests::t493_token_publish_failure_preserves_existing_state_and_cleans_temporary_file ... ok
Native Windows policy and service contracts	Test native paths, ACLs, leases, jobs and preview applications	2026-09-26T19:10:19.4739729Z test windows::runtime::tests::t493_tokens_are_fresh_atomic_and_private_in_the_owned_directory ... ok
Native Windows policy and service contracts	Test native paths, ACLs, leases, jobs and preview applications	2026-09-26T19:10:19.4756709Z test windows::security::tests::t493_private_acl_rejects_truncation_and_mutations ... ok
Native Windows policy and service contracts	Test native paths, ACLs, leases, jobs and preview applications	2026-09-26T19:10:19.4759980Z test windows::security::tests::t493_private_descriptor_requests_protection_and_owner_only_inheritance ... ok
Native Windows policy and service contracts	Test native paths, ACLs, leases, jobs and preview applications	2026-09-26T19:10:19.4760811Z test result: ok. 88 passed; 0 failed; 0 ignored; 0 measured; 0 filtered out; finished in 3.58s
Native Windows policy and service contracts	Test native paths, ACLs, leases, jobs and preview applications	2026-09-26T19:10:19.4861809Z test result: ok. 0 passed; 0 failed; 0 ignored; 0 measured; 0 filtered out; finished in 0.00s
Native Windows policy and service contracts	Test native paths, ACLs, leases, jobs and preview applications	2026-09-26T19:10:19.4942987Z test result: ok. 0 passed; 0 failed; 0 ignored; 0 measured; 0 filtered out; finished in 0.00s
Native Windows policy and service contracts	Test native paths, ACLs, leases, jobs and preview applications	2026-09-26T19:10:19.5023093Z test result: ok. 0 passed; 0 failed; 0 ignored; 0 measured; 0 filtered out; finished in 0.00s
Native Windows policy and service contracts	Test native paths, ACLs, leases, jobs and preview applications	2026-09-26T19:10:19.5103160Z test result: ok. 0 passed; 0 failed; 0 ignored; 0 measured; 0 filtered out; finished in 0.00s
Native Windows policy and service contracts	Test native paths, ACLs, leases, jobs and preview applications	2026-09-26T19:10:19.5212312Z test result: ok. 3 passed; 0 failed; 0 ignored; 0 measured; 0 filtered out; finished in 0.00s
Native Windows policy and service contracts	Test native paths, ACLs, leases, jobs and preview applications	2026-09-26T19:10:28.6559917Z test t529_owned_stream_drop_timeout_and_cancel_retire_descendants ... ok
Native Windows policy and service contracts	Test native paths, ACLs, leases, jobs and preview applications	2026-09-26T19:10:28.6718767Z test t529_owned_stream_preserves_large_input_output_and_eof ... ok
Native Windows policy and service contracts	Test native paths, ACLs, leases, jobs and preview applications	2026-09-26T19:10:28.6728112Z test t529_owned_stream_reports_start_failure ... ok
Native Windows policy and service contracts	Test native paths, ACLs, leases, jobs and preview applications	2026-09-26T19:10:28.6730382Z test t529_pipe_child ... ok
Native Windows policy and service contracts	Test native paths, ACLs, leases, jobs and preview applications	2026-09-26T19:10:28.6731226Z test result: ok. 4 passed; 0 failed; 0 ignored; 0 measured; 0 filtered out; finished in 9.14s
Native Windows policy and service contracts	Test native paths, ACLs, leases, jobs and preview applications	2026-09-26T19:10:31.7194866Z test t493_async_cancel_retires_descendants ... ok
Native Windows policy and service contracts	Test native paths, ACLs, leases, jobs and preview applications	2026-09-26T19:10:35.7384432Z test t493_async_timeout_retires_descendants ... ok
Native Windows policy and service contracts	Test native paths, ACLs, leases, jobs and preview applications	2026-09-26T19:10:35.7386846Z test t493_child ... ok
Native Windows policy and service contracts	Test native paths, ACLs, leases, jobs and preview applications	2026-09-26T19:10:35.7416393Z test t493_owned_process_checks_identity_before_retirement ... ok
Native Windows policy and service contracts	Test native paths, ACLs, leases, jobs and preview applications	2026-09-26T19:10:35.7443379Z test t493_runtime_directory_is_private_and_pinned ... ok
Native Windows policy and service contracts	Test native paths, ACLs, leases, jobs and preview applications	2026-09-26T19:10:35.7608802Z test t493_runtime_lease_rejects_second_owner_and_corrupt_records ... ok
Native Windows policy and service contracts	Test native paths, ACLs, leases, jobs and preview applications	2026-09-26T19:10:35.7628034Z test t493_runtime_rejects_relative_files_and_inherited_permissions ... ok
Native Windows policy and service contracts	Test native paths, ACLs, leases, jobs and preview applications	2026-09-26T19:10:39.7775455Z test t493_sync_timeout_retires_descendants ... ok
Native Windows policy and service contracts	Test native paths, ACLs, leases, jobs and preview applications	2026-09-26T19:10:39.7891980Z test t493_windows_config_does_not_depend_on_unix_environment ... ok
Native Windows policy and service contracts	Test native paths, ACLs, leases, jobs and preview applications	2026-09-26T19:10:39.8003920Z test t493_windows_store_round_trips_unicode_and_spaces ... ok
Native Windows policy and service contracts	Test native paths, ACLs, leases, jobs and preview applications	2026-09-26T19:10:39.8020398Z test t634_directory_rejects_an_existing_delete_handle ... ok
Native Windows policy and service contracts	Test native paths, ACLs, leases, jobs and preview applications	2026-09-26T19:10:39.8033096Z test t634_directory_removal_waits_for_the_last_owner ... ok
Native Windows policy and service contracts	Test native paths, ACLs, leases, jobs and preview applications	2026-09-26T19:10:39.8033790Z test result: ok. 12 passed; 0 failed; 0 ignored; 0 measured; 0 filtered out; finished in 11.12s
Native Windows policy and service contracts	Test native paths, ACLs, leases, jobs and preview applications	2026-09-26T19:10:39.9646046Z test result: ok. 16 passed; 0 failed; 0 ignored; 0 measured; 0 filtered out; finished in 0.15s
Native Windows policy and service contracts	Test native paths, ACLs, leases, jobs and preview applications	2026-09-26T19:10:39.9745667Z test result: ok. 0 passed; 0 failed; 0 ignored; 0 measured; 0 filtered out; finished in 0.00s
Native Windows policy and service contracts	Test native paths, ACLs, leases, jobs and preview applications	2026-09-26T19:10:40.1999302Z test result: ok. 0 passed; 0 failed; 0 ignored; 0 measured; 0 filtered out; finished in 0.00s
Native Windows policy and service contracts	Test native paths, ACLs, leases, jobs and preview applications	2026-09-26T19:10:40.5160402Z test result: ok. 0 passed; 0 failed; 0 ignored; 0 measured; 0 filtered out; finished in 0.00s
Native Windows policy and service contracts	Measure native Windows service contracts	2026-09-26T19:13:15.8849247Z test result: ok. 1 passed; 0 failed; 0 ignored; 0 measured; 87 filtered out; finished in 0.40s
Native Windows policy and service contracts	Measure native Windows service contracts	2026-09-26T19:13:16.6107937Z test commands::windows::tests::t493_resume_rejects_a_retired_child ... 
Native Windows policy and service contracts	Measure native Windows service contracts	2026-09-26T19:13:16.6110656Z test commands::windows::tests::t493_resume_rejects_missing_and_different_thread_owners ... ok
Native Windows policy and service contracts	Measure native Windows service contracts	2026-09-26T19:13:16.6111419Z test result: ok. 1 passed; 0 failed; 0 ignored; 0 measured; 87 filtered out; finished in 0.00s
Native Windows policy and service contracts	Measure native Windows service contracts	2026-09-26T19:13:16.6198185Z test commands::windows::tests::t493_resume_rejects_missing_and_different_thread_owners ... ok
Native Windows policy and service contracts	Measure native Windows service contracts	2026-09-26T19:13:16.8629483Z test platform::tests::t493_capabilities_never_imply_an_unimplemented_backend ... ok
Native Windows policy and service contracts	Measure native Windows service contracts	2026-09-26T19:13:17.6360094Z test windows::programs::tests::t493_executable_search_preserves_unicode_and_rejects_shell_files ... ok
Native Windows policy and service contracts	Measure native Windows service contracts	2026-09-26T19:13:17.6518476Z test windows::runtime::tests::t493_lease_retirement_preserves_a_replaced_owner_record ... ok
Native Windows policy and service contracts	Measure native Windows service contracts	2026-09-26T19:13:17.6521202Z test windows::runtime::tests::t493_runtime_location_uses_the_native_local_known_folder ... ok
Native Windows policy and service contracts	Measure native Windows service contracts	2026-09-26T19:13:17.6793871Z test windows::runtime::tests::t493_runtime_rejects_junctions_without_modifying_the_target ... ok
Native Windows policy and service contracts	Measure native Windows service contracts	2026-09-26T19:13:17.6868702Z test windows::runtime::tests::t493_token_publish_failure_preserves_existing_state_and_cleans_temporary_file ... ok
Native Windows policy and service contracts	Measure native Windows service contracts	2026-09-26T19:13:17.8481456Z test windows::runtime::tests::t493_tokens_are_fresh_atomic_and_private_in_the_owned_directory ... ok
Native Windows policy and service contracts	Measure native Windows service contracts	2026-09-26T19:13:17.8498582Z test windows::security::tests::t493_private_acl_rejects_truncation_and_mutations ... ok
Native Windows policy and service contracts	Measure native Windows service contracts	2026-09-26T19:13:17.8501828Z test windows::security::tests::t493_private_descriptor_requests_protection_and_owner_only_inheritance ... ok
Native Windows policy and service contracts	Measure native Windows service contracts	2026-09-26T19:13:17.8503044Z test result: ok. 88 passed; 0 failed; 0 ignored; 0 measured; 0 filtered out; finished in 3.52s
Native Windows policy and service contracts	Measure native Windows service contracts	2026-09-26T19:13:17.8608564Z test result: ok. 0 passed; 0 failed; 0 ignored; 0 measured; 0 filtered out; finished in 0.00s
Native Windows policy and service contracts	Measure native Windows service contracts	2026-09-26T19:13:17.8692094Z test result: ok. 0 passed; 0 failed; 0 ignored; 0 measured; 0 filtered out; finished in 0.00s
Native Windows policy and service contracts	Measure native Windows service contracts	2026-09-26T19:13:17.8774484Z test result: ok. 0 passed; 0 failed; 0 ignored; 0 measured; 0 filtered out; finished in 0.00s
Native Windows policy and service contracts	Measure native Windows service contracts	2026-09-26T19:13:17.8857381Z test result: ok. 0 passed; 0 failed; 0 ignored; 0 measured; 0 filtered out; finished in 0.00s
Native Windows policy and service contracts	Measure native Windows service contracts	2026-09-26T19:13:17.8970162Z test result: ok. 3 passed; 0 failed; 0 ignored; 0 measured; 0 filtered out; finished in 0.00s
Native Windows policy and service contracts	Measure native Windows service contracts	2026-09-26T19:13:27.0115660Z test t529_owned_stream_drop_timeout_and_cancel_retire_descendants ... ok
Native Windows policy and service contracts	Measure native Windows service contracts	2026-09-26T19:13:27.0269575Z test t529_owned_stream_preserves_large_input_output_and_eof ... ok
Native Windows policy and service contracts	Measure native Windows service contracts	2026-09-26T19:13:27.0278807Z test t529_owned_stream_reports_start_failure ... ok
Native Windows policy and service contracts	Measure native Windows service contracts	2026-09-26T19:13:27.0281091Z test t529_pipe_child ... ok
Native Windows policy and service contracts	Measure native Windows service contracts	2026-09-26T19:13:27.0282045Z test result: ok. 4 passed; 0 failed; 0 ignored; 0 measured; 0 filtered out; finished in 9.12s
Native Windows policy and service contracts	Measure native Windows service contracts	2026-09-26T19:13:30.0752152Z test t493_async_cancel_retires_descendants ... ok
Native Windows policy and service contracts	Measure native Windows service contracts	2026-09-26T19:13:34.0959848Z test t493_async_timeout_retires_descendants ... ok
Native Windows policy and service contracts	Measure native Windows service contracts	2026-09-26T19:13:34.0961706Z test t493_child ... ok
Native Windows policy and service contracts	Measure native Windows service contracts	2026-09-26T19:13:34.0989681Z test t493_owned_process_checks_identity_before_retirement ... ok
Native Windows policy and service contracts	Measure native Windows service contracts	2026-09-26T19:13:34.1016150Z test t493_runtime_directory_is_private_and_pinned ... ok
Native Windows policy and service contracts	Measure native Windows service contracts	2026-09-26T19:13:34.1206177Z test t493_runtime_lease_rejects_second_owner_and_corrupt_records ... ok
Native Windows policy and service contracts	Measure native Windows service contracts	2026-09-26T19:13:34.1225108Z test t493_runtime_rejects_relative_files_and_inherited_permissions ... ok
Native Windows policy and service contracts	Measure native Windows service contracts	2026-09-26T19:13:38.1353922Z test t493_sync_timeout_retires_descendants ... ok
Native Windows policy and service contracts	Measure native Windows service contracts	2026-09-26T19:13:38.1479566Z test t493_windows_config_does_not_depend_on_unix_environment ... ok
Native Windows policy and service contracts	Measure native Windows service contracts	2026-09-26T19:13:38.1610020Z test t493_windows_store_round_trips_unicode_and_spaces ... ok
Native Windows policy and service contracts	Measure native Windows service contracts	2026-09-26T19:13:38.1625757Z test t634_directory_rejects_an_existing_delete_handle ... ok
Native Windows policy and service contracts	Measure native Windows service contracts	2026-09-26T19:13:38.1637185Z test t634_directory_removal_waits_for_the_last_owner ... ok
Native Windows policy and service contracts	Measure native Windows service contracts	2026-09-26T19:13:38.1637954Z test result: ok. 12 passed; 0 failed; 0 ignored; 0 measured; 0 filtered out; finished in 11.12s
