2026-09-26T18:05:53.4838880Z ^[[1m^[[92m     Running^[[0m tests\windows_platform.rs (target\debug\deps\windows_platform-c82989a485b28dc8.exe)
2026-09-26T18:05:53.4955716Z 
2026-09-26T18:05:53.4956125Z running 10 tests
2026-09-26T18:05:56.5367617Z test t493_async_cancel_retires_descendants ... ok
2026-09-26T18:06:00.5646415Z test t493_async_timeout_retires_descendants ... ok
2026-09-26T18:06:00.5648225Z test t493_child ... ok
2026-09-26T18:06:00.5679640Z test t493_owned_process_checks_identity_before_retirement ... ok
2026-09-26T18:06:00.5729774Z test t493_runtime_directory_is_private_and_pinned ... FAILED
2026-09-26T18:06:00.6025689Z test t493_runtime_lease_rejects_second_owner_and_corrupt_records ... ok
2026-09-26T18:06:00.6045289Z test t493_runtime_rejects_relative_files_and_inherited_permissions ... ok
2026-09-26T18:06:04.6177113Z test t493_sync_timeout_retires_descendants ... ok
2026-09-26T18:06:04.6303432Z test t493_windows_config_does_not_depend_on_unix_environment ... ok
2026-09-26T18:06:04.6408604Z test t493_windows_store_round_trips_unicode_and_spaces ... ok
2026-09-26T18:06:04.6409668Z 
2026-09-26T18:06:04.6409850Z failures:
2026-09-26T18:06:04.6410096Z 
2026-09-26T18:06:04.6410493Z ---- t493_runtime_directory_is_private_and_pinned stdout ----
2026-09-26T18:06:04.6411141Z 
2026-09-26T18:06:04.6412042Z thread 't493_runtime_directory_is_private_and_pinned' (3464) panicked at common\tests\windows_platform.rs:135:5:
2026-09-26T18:06:04.6413655Z assertion failed: std::fs::rename(&path, root.path().join("moved")).is_err()
2026-09-26T18:06:04.6414863Z note: run with `RUST_BACKTRACE=1` environment variable to display a backtrace
2026-09-26T18:06:04.6415597Z 
2026-09-26T18:06:04.6415608Z 
2026-09-26T18:06:04.6415791Z failures:
2026-09-26T18:06:04.6416379Z     t493_runtime_directory_is_private_and_pinned
2026-09-26T18:06:04.6416974Z 
2026-09-26T18:06:04.6417742Z test result: FAILED. 9 passed; 1 failed; 0 ignored; 0 measured; 0 filtered out; finished in 11.15s
2026-09-26T18:06:04.6418867Z 
2026-09-26T18:06:04.6431027Z ^[[1m^[[91merror^[[0m: test failed, to rerun pass `-p blent-config --test windows_platform`
2026-09-26T18:06:04.7390637Z ##[error]Process completed with exit code 1.
