Native Windows policy and service contracts	Test portable policy without platform features	2026-09-26T19:28:15.0572154Z test result: ok. 47 passed; 0 failed; 0 ignored; 0 measured; 0 filtered out; finished in 0.06s
Native Windows policy and service contracts	Test portable policy without platform features	2026-09-26T19:28:15.0648763Z test result: ok. 0 passed; 0 failed; 0 ignored; 0 measured; 0 filtered out; finished in 0.00s
Native Windows policy and service contracts	Test portable policy without platform features	2026-09-26T19:28:15.0711986Z test result: ok. 0 passed; 0 failed; 0 ignored; 0 measured; 0 filtered out; finished in 0.00s
Native Windows policy and service contracts	Test portable policy without platform features	2026-09-26T19:28:15.0773686Z test result: ok. 0 passed; 0 failed; 0 ignored; 0 measured; 0 filtered out; finished in 0.00s
Native Windows policy and service contracts	Test portable policy without platform features	2026-09-26T19:28:15.0834341Z test result: ok. 0 passed; 0 failed; 0 ignored; 0 measured; 0 filtered out; finished in 0.00s
Native Windows policy and service contracts	Test portable policy without platform features	2026-09-26T19:28:15.0894316Z test result: ok. 0 passed; 0 failed; 0 ignored; 0 measured; 0 filtered out; finished in 0.00s
Native Windows policy and service contracts	Test portable policy without platform features	2026-09-26T19:28:15.0953767Z test result: ok. 0 passed; 0 failed; 0 ignored; 0 measured; 0 filtered out; finished in 0.00s
Native Windows policy and service contracts	Test portable policy without platform features	2026-09-26T19:28:15.1014059Z test result: ok. 0 passed; 0 failed; 0 ignored; 0 measured; 0 filtered out; finished in 0.00s
Native Windows policy and service contracts	Test portable policy without platform features	2026-09-26T19:28:16.2100920Z test result: ok. 0 passed; 0 failed; 0 ignored; 0 measured; 0 filtered out; finished in 0.00s
Native Windows policy and service contracts	Test native paths, ACLs, leases, jobs and preview applications	2026-09-26T19:29:55.5265881Z test pipe_encoder::tests::t529_encoder_exit_start_failure_and_missing_pipes_are_errors ... ok
Native Windows policy and service contracts	Test native paths, ACLs, leases, jobs and preview applications	2026-09-26T19:29:55.5266567Z test pipe_encoder::tests::t529_encoder_fixture ... ok
Native Windows policy and service contracts	Test native paths, ACLs, leases, jobs and preview applications	2026-09-26T19:29:55.5268704Z test pipe_encoder::tests::t529_invalid_encoder_settings_are_rejected_before_launch ... ok
Native Windows policy and service contracts	Test native paths, ACLs, leases, jobs and preview applications	2026-09-26T19:29:55.5397409Z test pipe_encoder::tests::t529_owned_input_flush_and_shutdown_are_repeatable ... ok
Native Windows policy and service contracts	Test native paths, ACLs, leases, jobs and preview applications	2026-09-26T19:29:59.9066842Z test pipe_encoder::tests::t529_partial_pipe_timeout_and_cancellation_retire_encoder ... ok
Native Windows policy and service contracts	Test native paths, ACLs, leases, jobs and preview applications	2026-09-26T19:29:59.9229157Z test pipe_encoder::tests::t529_shutdown_reports_an_unfinished_native_write_even_after_zero_exit ... ok
Native Windows policy and service contracts	Test native paths, ACLs, leases, jobs and preview applications	2026-09-26T19:30:00.0728547Z test pipe_encoder::tests::t529_stock_software_encoder_round_trips_fresh_sessions_and_geometry ... ok
Native Windows policy and service contracts	Test native paths, ACLs, leases, jobs and preview applications	2026-09-26T19:30:00.0731796Z test raw_transfer::tests::t635_bounded_bad_lengths_and_resize_never_touch_the_stream ... ok
Native Windows policy and service contracts	Test native paths, ACLs, leases, jobs and preview applications	2026-09-26T19:30:00.0734538Z test raw_transfer::tests::t635_cancelling_a_pending_frame_closes_the_stream ... ok
Native Windows policy and service contracts	Test native paths, ACLs, leases, jobs and preview applications	2026-09-26T19:30:00.0736565Z test raw_transfer::tests::t635_geometry_and_write_budget_are_bounded ... ok
Native Windows policy and service contracts	Test native paths, ACLs, leases, jobs and preview applications	2026-09-26T19:30:00.0740556Z test raw_transfer::tests::t635_partial_writes_preserve_complete_frame_boundaries ... ok
Native Windows policy and service contracts	Test native paths, ACLs, leases, jobs and preview applications	2026-09-26T19:30:00.0742931Z test raw_transfer::tests::t635_reader_exit_retires_the_writer ... ok
Native Windows policy and service contracts	Test native paths, ACLs, leases, jobs and preview applications	2026-09-26T19:30:00.0746070Z test raw_transfer::tests::t635_timeout_retires_partial_input_and_fresh_session_recovers ... ok
Native Windows policy and service contracts	Test native paths, ACLs, leases, jobs and preview applications	2026-09-26T19:30:00.0749075Z test raw_transfer::tests::t635_zero_writes_and_shutdown_failures_retire_input ... ok
Native Windows policy and service contracts	Test native paths, ACLs, leases, jobs and preview applications	2026-09-26T19:30:05.4076743Z test result: ok. 69 passed; 0 failed; 0 ignored; 0 measured; 0 filtered out; finished in 9.99s
Native Windows policy and service contracts	Test native paths, ACLs, leases, jobs and preview applications	2026-09-26T19:30:05.4160557Z test result: ok. 0 passed; 0 failed; 0 ignored; 0 measured; 0 filtered out; finished in 0.00s
Native Windows policy and service contracts	Test native paths, ACLs, leases, jobs and preview applications	2026-09-26T19:30:05.4224329Z test result: ok. 0 passed; 0 failed; 0 ignored; 0 measured; 0 filtered out; finished in 0.00s
Native Windows policy and service contracts	Test native paths, ACLs, leases, jobs and preview applications	2026-09-26T19:30:05.4696047Z test result: ok. 2 passed; 0 failed; 0 ignored; 0 measured; 0 filtered out; finished in 0.04s
Native Windows policy and service contracts	Test native paths, ACLs, leases, jobs and preview applications	2026-09-26T19:30:05.4764358Z test result: ok. 0 passed; 0 failed; 0 ignored; 0 measured; 0 filtered out; finished in 0.00s
Native Windows policy and service contracts	Test native paths, ACLs, leases, jobs and preview applications	2026-09-26T19:30:05.4825385Z test result: ok. 0 passed; 0 failed; 0 ignored; 0 measured; 0 filtered out; finished in 0.00s
Native Windows policy and service contracts	Test native paths, ACLs, leases, jobs and preview applications	2026-09-26T19:30:05.4886692Z test result: ok. 0 passed; 0 failed; 0 ignored; 0 measured; 0 filtered out; finished in 0.00s
Native Windows policy and service contracts	Test native paths, ACLs, leases, jobs and preview applications	2026-09-26T19:30:05.4947387Z test result: ok. 0 passed; 0 failed; 0 ignored; 0 measured; 0 filtered out; finished in 0.00s
Native Windows policy and service contracts	Test native paths, ACLs, leases, jobs and preview applications	2026-09-26T19:30:05.5008651Z test result: ok. 0 passed; 0 failed; 0 ignored; 0 measured; 0 filtered out; finished in 0.00s
Native Windows policy and service contracts	Test native paths, ACLs, leases, jobs and preview applications	2026-09-26T19:30:05.5070162Z test result: ok. 0 passed; 0 failed; 0 ignored; 0 measured; 0 filtered out; finished in 0.00s
Native Windows policy and service contracts	Test native paths, ACLs, leases, jobs and preview applications	2026-09-26T19:30:05.5142638Z test result: ok. 2 passed; 0 failed; 0 ignored; 0 measured; 0 filtered out; finished in 0.00s
Native Windows policy and service contracts	Test native paths, ACLs, leases, jobs and preview applications	2026-09-26T19:30:05.5307425Z test result: ok. 3 passed; 0 failed; 0 ignored; 0 measured; 0 filtered out; finished in 0.01s
Native Windows policy and service contracts	Test native paths, ACLs, leases, jobs and preview applications	2026-09-26T19:30:05.5375015Z test result: ok. 0 passed; 0 failed; 0 ignored; 0 measured; 0 filtered out; finished in 0.00s
Native Windows policy and service contracts	Test native paths, ACLs, leases, jobs and preview applications	2026-09-26T19:30:05.5436774Z test result: ok. 0 passed; 0 failed; 0 ignored; 0 measured; 0 filtered out; finished in 0.00s
Native Windows policy and service contracts	Test native paths, ACLs, leases, jobs and preview applications	2026-09-26T19:30:05.7157832Z test result: ok. 4 passed; 0 failed; 0 ignored; 0 measured; 0 filtered out; finished in 0.17s
Native Windows policy and service contracts	Test native paths, ACLs, leases, jobs and preview applications	2026-09-26T19:30:07.2619960Z test result: ok. 1 passed; 0 failed; 0 ignored; 0 measured; 87 filtered out; finished in 0.40s
Native Windows policy and service contracts	Test native paths, ACLs, leases, jobs and preview applications	2026-09-26T19:30:07.9873539Z test result: ok. 1 passed; 0 failed; 0 ignored; 0 measured; 87 filtered out; finished in 0.00s
Native Windows policy and service contracts	Test native paths, ACLs, leases, jobs and preview applications	2026-09-26T19:30:09.3726059Z test result: ok. 88 passed; 0 failed; 0 ignored; 0 measured; 0 filtered out; finished in 3.65s
Native Windows policy and service contracts	Test native paths, ACLs, leases, jobs and preview applications	2026-09-26T19:30:09.3810339Z test result: ok. 0 passed; 0 failed; 0 ignored; 0 measured; 0 filtered out; finished in 0.00s
Native Windows policy and service contracts	Test native paths, ACLs, leases, jobs and preview applications	2026-09-26T19:30:09.3871779Z test result: ok. 0 passed; 0 failed; 0 ignored; 0 measured; 0 filtered out; finished in 0.00s
Native Windows policy and service contracts	Test native paths, ACLs, leases, jobs and preview applications	2026-09-26T19:30:09.3932284Z test result: ok. 0 passed; 0 failed; 0 ignored; 0 measured; 0 filtered out; finished in 0.00s
Native Windows policy and service contracts	Test native paths, ACLs, leases, jobs and preview applications	2026-09-26T19:30:09.3992817Z test result: ok. 0 passed; 0 failed; 0 ignored; 0 measured; 0 filtered out; finished in 0.00s
Native Windows policy and service contracts	Test native paths, ACLs, leases, jobs and preview applications	2026-09-26T19:30:09.4077491Z test result: ok. 3 passed; 0 failed; 0 ignored; 0 measured; 0 filtered out; finished in 0.00s
Native Windows policy and service contracts	Test native paths, ACLs, leases, jobs and preview applications	2026-09-26T19:30:18.4834886Z test t529_owned_stream_drop_timeout_and_cancel_retire_descendants ... ok
Native Windows policy and service contracts	Test native paths, ACLs, leases, jobs and preview applications	2026-09-26T19:30:18.4965731Z test t529_owned_stream_preserves_large_input_output_and_eof ... ok
Native Windows policy and service contracts	Test native paths, ACLs, leases, jobs and preview applications	2026-09-26T19:30:18.4972902Z test t529_owned_stream_reports_start_failure ... ok
Native Windows policy and service contracts	Test native paths, ACLs, leases, jobs and preview applications	2026-09-26T19:30:18.4974140Z test t529_pipe_child ... ok
Native Windows policy and service contracts	Test native paths, ACLs, leases, jobs and preview applications	2026-09-26T19:30:18.4974719Z test result: ok. 4 passed; 0 failed; 0 ignored; 0 measured; 0 filtered out; finished in 9.08s
Native Windows policy and service contracts	Test native paths, ACLs, leases, jobs and preview applications	2026-09-26T19:30:29.6270991Z test result: ok. 12 passed; 0 failed; 0 ignored; 0 measured; 0 filtered out; finished in 11.12s
Native Windows policy and service contracts	Test native paths, ACLs, leases, jobs and preview applications	2026-09-26T19:30:29.9413258Z test result: ok. 16 passed; 0 failed; 0 ignored; 0 measured; 0 filtered out; finished in 0.30s
Native Windows policy and service contracts	Test native paths, ACLs, leases, jobs and preview applications	2026-09-26T19:30:29.9490687Z test result: ok. 0 passed; 0 failed; 0 ignored; 0 measured; 0 filtered out; finished in 0.00s
Native Windows policy and service contracts	Test native paths, ACLs, leases, jobs and preview applications	2026-09-26T19:30:30.1342517Z test result: ok. 0 passed; 0 failed; 0 ignored; 0 measured; 0 filtered out; finished in 0.00s
Native Windows policy and service contracts	Test native paths, ACLs, leases, jobs and preview applications	2026-09-26T19:30:30.3985581Z test result: ok. 0 passed; 0 failed; 0 ignored; 0 measured; 0 filtered out; finished in 0.00s
Native Windows policy and service contracts	Measure native Windows service contracts	2026-09-26T19:33:02.2020689Z test pipe_encoder::tests::t529_encoder_exit_start_failure_and_missing_pipes_are_errors ... ok
Native Windows policy and service contracts	Measure native Windows service contracts	2026-09-26T19:33:02.2021504Z test pipe_encoder::tests::t529_encoder_fixture ... ok
Native Windows policy and service contracts	Measure native Windows service contracts	2026-09-26T19:33:02.2023823Z test pipe_encoder::tests::t529_invalid_encoder_settings_are_rejected_before_launch ... ok
Native Windows policy and service contracts	Measure native Windows service contracts	2026-09-26T19:33:02.2260934Z test pipe_encoder::tests::t529_owned_input_flush_and_shutdown_are_repeatable ... ok
Native Windows policy and service contracts	Measure native Windows service contracts	2026-09-26T19:33:06.6122784Z test pipe_encoder::tests::t529_partial_pipe_timeout_and_cancellation_retire_encoder ... ok
Native Windows policy and service contracts	Measure native Windows service contracts	2026-09-26T19:33:06.6284669Z test pipe_encoder::tests::t529_shutdown_reports_an_unfinished_native_write_even_after_zero_exit ... ok
Native Windows policy and service contracts	Measure native Windows service contracts	2026-09-26T19:33:06.7420374Z test pipe_encoder::tests::t529_stock_software_encoder_round_trips_fresh_sessions_and_geometry ... ok
Native Windows policy and service contracts	Measure native Windows service contracts	2026-09-26T19:33:06.7422774Z test raw_transfer::tests::t635_bounded_bad_lengths_and_resize_never_touch_the_stream ... ok
Native Windows policy and service contracts	Measure native Windows service contracts	2026-09-26T19:33:06.7425928Z test raw_transfer::tests::t635_cancelling_a_pending_frame_closes_the_stream ... ok
Native Windows policy and service contracts	Measure native Windows service contracts	2026-09-26T19:33:06.7427405Z test raw_transfer::tests::t635_geometry_and_write_budget_are_bounded ... ok
Native Windows policy and service contracts	Measure native Windows service contracts	2026-09-26T19:33:06.7431747Z test raw_transfer::tests::t635_partial_writes_preserve_complete_frame_boundaries ... ok
Native Windows policy and service contracts	Measure native Windows service contracts	2026-09-26T19:33:06.7433855Z test raw_transfer::tests::t635_reader_exit_retires_the_writer ... ok
Native Windows policy and service contracts	Measure native Windows service contracts	2026-09-26T19:33:06.7437292Z test raw_transfer::tests::t635_timeout_retires_partial_input_and_fresh_session_recovers ... ok
Native Windows policy and service contracts	Measure native Windows service contracts	2026-09-26T19:33:06.7440079Z test raw_transfer::tests::t635_zero_writes_and_shutdown_failures_retire_input ... ok
Native Windows policy and service contracts	Measure native Windows service contracts	2026-09-26T19:33:12.0662374Z test result: ok. 69 passed; 0 failed; 0 ignored; 0 measured; 0 filtered out; finished in 10.04s
Native Windows policy and service contracts	Measure native Windows service contracts	2026-09-26T19:33:12.0750893Z test result: ok. 0 passed; 0 failed; 0 ignored; 0 measured; 0 filtered out; finished in 0.00s
Native Windows policy and service contracts	Measure native Windows service contracts	2026-09-26T19:33:12.0818381Z test result: ok. 0 passed; 0 failed; 0 ignored; 0 measured; 0 filtered out; finished in 0.00s
Native Windows policy and service contracts	Measure native Windows service contracts	2026-09-26T19:33:12.1328644Z test result: ok. 2 passed; 0 failed; 0 ignored; 0 measured; 0 filtered out; finished in 0.04s
Native Windows policy and service contracts	Measure native Windows service contracts	2026-09-26T19:33:12.1411131Z test result: ok. 0 passed; 0 failed; 0 ignored; 0 measured; 0 filtered out; finished in 0.00s
Native Windows policy and service contracts	Measure native Windows service contracts	2026-09-26T19:33:12.1481000Z test result: ok. 0 passed; 0 failed; 0 ignored; 0 measured; 0 filtered out; finished in 0.00s
Native Windows policy and service contracts	Measure native Windows service contracts	2026-09-26T19:33:12.1549447Z test result: ok. 0 passed; 0 failed; 0 ignored; 0 measured; 0 filtered out; finished in 0.00s
Native Windows policy and service contracts	Measure native Windows service contracts	2026-09-26T19:33:12.1618526Z test result: ok. 0 passed; 0 failed; 0 ignored; 0 measured; 0 filtered out; finished in 0.00s
Native Windows policy and service contracts	Measure native Windows service contracts	2026-09-26T19:33:12.1683462Z test result: ok. 0 passed; 0 failed; 0 ignored; 0 measured; 0 filtered out; finished in 0.00s
Native Windows policy and service contracts	Measure native Windows service contracts	2026-09-26T19:33:12.1750674Z test result: ok. 0 passed; 0 failed; 0 ignored; 0 measured; 0 filtered out; finished in 0.00s
Native Windows policy and service contracts	Measure native Windows service contracts	2026-09-26T19:33:12.1827295Z test result: ok. 2 passed; 0 failed; 0 ignored; 0 measured; 0 filtered out; finished in 0.00s
Native Windows policy and service contracts	Measure native Windows service contracts	2026-09-26T19:33:12.2005521Z test result: ok. 3 passed; 0 failed; 0 ignored; 0 measured; 0 filtered out; finished in 0.01s
Native Windows policy and service contracts	Measure native Windows service contracts	2026-09-26T19:33:12.2088235Z test result: ok. 0 passed; 0 failed; 0 ignored; 0 measured; 0 filtered out; finished in 0.00s
Native Windows policy and service contracts	Measure native Windows service contracts	2026-09-26T19:33:12.2154647Z test result: ok. 0 passed; 0 failed; 0 ignored; 0 measured; 0 filtered out; finished in 0.00s
Native Windows policy and service contracts	Measure native Windows service contracts	2026-09-26T19:33:12.3862939Z test result: ok. 4 passed; 0 failed; 0 ignored; 0 measured; 0 filtered out; finished in 0.16s
Native Windows policy and service contracts	Measure native Windows service contracts	2026-09-26T19:33:13.9534453Z test result: ok. 1 passed; 0 failed; 0 ignored; 0 measured; 87 filtered out; finished in 0.40s
Native Windows policy and service contracts	Measure native Windows service contracts	2026-09-26T19:33:14.6912921Z test result: ok. 1 passed; 0 failed; 0 ignored; 0 measured; 87 filtered out; finished in 0.00s
Native Windows policy and service contracts	Measure native Windows service contracts	2026-09-26T19:33:16.3760498Z test result: ok. 88 passed; 0 failed; 0 ignored; 0 measured; 0 filtered out; finished in 3.98s
Native Windows policy and service contracts	Measure native Windows service contracts	2026-09-26T19:33:16.3854216Z test result: ok. 0 passed; 0 failed; 0 ignored; 0 measured; 0 filtered out; finished in 0.00s
Native Windows policy and service contracts	Measure native Windows service contracts	2026-09-26T19:33:16.3921870Z test result: ok. 0 passed; 0 failed; 0 ignored; 0 measured; 0 filtered out; finished in 0.00s
Native Windows policy and service contracts	Measure native Windows service contracts	2026-09-26T19:33:16.3988531Z test result: ok. 0 passed; 0 failed; 0 ignored; 0 measured; 0 filtered out; finished in 0.00s
Native Windows policy and service contracts	Measure native Windows service contracts	2026-09-26T19:33:16.4055337Z test result: ok. 0 passed; 0 failed; 0 ignored; 0 measured; 0 filtered out; finished in 0.00s
Native Windows policy and service contracts	Measure native Windows service contracts	2026-09-26T19:33:16.4143257Z test result: ok. 3 passed; 0 failed; 0 ignored; 0 measured; 0 filtered out; finished in 0.00s
Native Windows policy and service contracts	Measure native Windows service contracts	2026-09-26T19:33:25.5170566Z test t529_owned_stream_drop_timeout_and_cancel_retire_descendants ... ok
Native Windows policy and service contracts	Measure native Windows service contracts	2026-09-26T19:33:25.5305487Z test t529_owned_stream_preserves_large_input_output_and_eof ... ok
Native Windows policy and service contracts	Measure native Windows service contracts	2026-09-26T19:33:25.5312626Z test t529_owned_stream_reports_start_failure ... ok
Native Windows policy and service contracts	Measure native Windows service contracts	2026-09-26T19:33:25.5313868Z test t529_pipe_child ... ok
Native Windows policy and service contracts	Measure native Windows service contracts	2026-09-26T19:33:25.5314412Z test result: ok. 4 passed; 0 failed; 0 ignored; 0 measured; 0 filtered out; finished in 9.11s
Native Windows policy and service contracts	Measure native Windows service contracts	2026-09-26T19:33:36.6471012Z test result: ok. 12 passed; 0 failed; 0 ignored; 0 measured; 0 filtered out; finished in 11.11s
