Native Windows policy and service contracts	Test native paths, ACLs, leases, jobs and preview applications	2026-09-26T19:02:36.6527799Z test result: ok. 62 passed; 0 failed; 0 ignored; 0 measured; 0 filtered out; finished in 5.39s
Native Windows policy and service contracts	Test native paths, ACLs, leases, jobs and preview applications	2026-09-26T19:02:36.6611134Z test result: ok. 0 passed; 0 failed; 0 ignored; 0 measured; 0 filtered out; finished in 0.00s
Native Windows policy and service contracts	Test native paths, ACLs, leases, jobs and preview applications	2026-09-26T19:02:36.6676900Z test result: ok. 0 passed; 0 failed; 0 ignored; 0 measured; 0 filtered out; finished in 0.00s
Native Windows policy and service contracts	Test native paths, ACLs, leases, jobs and preview applications	2026-09-26T19:02:36.7195077Z test result: ok. 2 passed; 0 failed; 0 ignored; 0 measured; 0 filtered out; finished in 0.05s
Native Windows policy and service contracts	Test native paths, ACLs, leases, jobs and preview applications	2026-09-26T19:02:36.7270677Z test result: ok. 0 passed; 0 failed; 0 ignored; 0 measured; 0 filtered out; finished in 0.00s
Native Windows policy and service contracts	Test native paths, ACLs, leases, jobs and preview applications	2026-09-26T19:02:36.7335963Z test result: ok. 0 passed; 0 failed; 0 ignored; 0 measured; 0 filtered out; finished in 0.00s
Native Windows policy and service contracts	Test native paths, ACLs, leases, jobs and preview applications	2026-09-26T19:02:36.7400467Z test result: ok. 0 passed; 0 failed; 0 ignored; 0 measured; 0 filtered out; finished in 0.00s
Native Windows policy and service contracts	Test native paths, ACLs, leases, jobs and preview applications	2026-09-26T19:02:36.7467833Z test result: ok. 0 passed; 0 failed; 0 ignored; 0 measured; 0 filtered out; finished in 0.00s
Native Windows policy and service contracts	Test native paths, ACLs, leases, jobs and preview applications	2026-09-26T19:02:36.7531200Z test result: ok. 0 passed; 0 failed; 0 ignored; 0 measured; 0 filtered out; finished in 0.00s
Native Windows policy and service contracts	Test native paths, ACLs, leases, jobs and preview applications	2026-09-26T19:02:36.7597692Z test result: ok. 0 passed; 0 failed; 0 ignored; 0 measured; 0 filtered out; finished in 0.00s
Native Windows policy and service contracts	Test native paths, ACLs, leases, jobs and preview applications	2026-09-26T19:02:36.7674648Z test result: ok. 2 passed; 0 failed; 0 ignored; 0 measured; 0 filtered out; finished in 0.00s
Native Windows policy and service contracts	Test native paths, ACLs, leases, jobs and preview applications	2026-09-26T19:02:36.7850583Z test result: ok. 3 passed; 0 failed; 0 ignored; 0 measured; 0 filtered out; finished in 0.01s
Native Windows policy and service contracts	Test native paths, ACLs, leases, jobs and preview applications	2026-09-26T19:02:36.7930547Z test result: ok. 0 passed; 0 failed; 0 ignored; 0 measured; 0 filtered out; finished in 0.00s
Native Windows policy and service contracts	Test native paths, ACLs, leases, jobs and preview applications	2026-09-26T19:02:36.7998024Z test result: ok. 0 passed; 0 failed; 0 ignored; 0 measured; 0 filtered out; finished in 0.00s
Native Windows policy and service contracts	Test native paths, ACLs, leases, jobs and preview applications	2026-09-26T19:02:36.9567346Z test result: ok. 4 passed; 0 failed; 0 ignored; 0 measured; 0 filtered out; finished in 0.15s
Native Windows policy and service contracts	Test native paths, ACLs, leases, jobs and preview applications	2026-09-26T19:02:38.5222727Z test result: ok. 1 passed; 0 failed; 0 ignored; 0 measured; 87 filtered out; finished in 0.40s
Native Windows policy and service contracts	Test native paths, ACLs, leases, jobs and preview applications	2026-09-26T19:02:39.2384254Z test result: ok. 1 passed; 0 failed; 0 ignored; 0 measured; 87 filtered out; finished in 0.00s
Native Windows policy and service contracts	Test native paths, ACLs, leases, jobs and preview applications	2026-09-26T19:02:40.2921450Z test windows::runtime::tests::t493_lease_retirement_preserves_a_replaced_owner_record ... FAILED
Native Windows policy and service contracts	Test native paths, ACLs, leases, jobs and preview applications	2026-09-26T19:02:40.2923639Z test windows::runtime::tests::t493_runtime_location_uses_the_native_local_known_folder ... ok
Native Windows policy and service contracts	Test native paths, ACLs, leases, jobs and preview applications	2026-09-26T19:02:40.3182454Z test windows::runtime::tests::t493_runtime_rejects_junctions_without_modifying_the_target ... FAILED
Native Windows policy and service contracts	Test native paths, ACLs, leases, jobs and preview applications	2026-09-26T19:02:40.3293516Z test windows::runtime::tests::t493_token_publish_failure_preserves_existing_state_and_cleans_temporary_file ... ok
Native Windows policy and service contracts	Test native paths, ACLs, leases, jobs and preview applications	2026-09-26T19:02:40.3369862Z test windows::runtime::tests::t493_tokens_are_fresh_atomic_and_private_in_the_owned_directory ... FAILED
Native Windows policy and service contracts	Test native paths, ACLs, leases, jobs and preview applications	2026-09-26T19:02:40.3386009Z ---- windows::runtime::tests::t493_lease_retirement_preserves_a_replaced_owner_record stdout ----
Native Windows policy and service contracts	Test native paths, ACLs, leases, jobs and preview applications	2026-09-26T19:02:40.3386993Z thread 'windows::runtime::tests::t493_lease_retirement_preserves_a_replaced_owner_record' (6316) panicked at common\src\windows\runtime_tests.rs:33:5:
Native Windows policy and service contracts	Test native paths, ACLs, leases, jobs and preview applications	2026-09-26T19:02:40.3387716Z assertion failed: user.matches(owner)
Native Windows policy and service contracts	Test native paths, ACLs, leases, jobs and preview applications	2026-09-26T19:02:40.3388768Z ---- windows::runtime::tests::t493_runtime_rejects_junctions_without_modifying_the_target stdout ----
Native Windows policy and service contracts	Test native paths, ACLs, leases, jobs and preview applications	2026-09-26T19:02:40.3389711Z thread 'windows::runtime::tests::t493_runtime_rejects_junctions_without_modifying_the_target' (1080) panicked at common\src\windows\runtime_tests.rs:102:5:
Native Windows policy and service contracts	Test native paths, ACLs, leases, jobs and preview applications	2026-09-26T19:02:40.3391828Z ---- windows::runtime::tests::t493_tokens_are_fresh_atomic_and_private_in_the_owned_directory stdout ----
Native Windows policy and service contracts	Test native paths, ACLs, leases, jobs and preview applications	2026-09-26T19:02:40.3393012Z thread 'windows::runtime::tests::t493_tokens_are_fresh_atomic_and_private_in_the_owned_directory' (2016) panicked at common\src\windows\runtime_tests.rs:33:5:
Native Windows policy and service contracts	Test native paths, ACLs, leases, jobs and preview applications	2026-09-26T19:02:40.3393720Z assertion failed: user.matches(owner)
Native Windows policy and service contracts	Test native paths, ACLs, leases, jobs and preview applications	2026-09-26T19:02:40.3394394Z     windows::runtime::tests::t493_lease_retirement_preserves_a_replaced_owner_record
Native Windows policy and service contracts	Test native paths, ACLs, leases, jobs and preview applications	2026-09-26T19:02:40.3395040Z     windows::runtime::tests::t493_runtime_rejects_junctions_without_modifying_the_target
Native Windows policy and service contracts	Test native paths, ACLs, leases, jobs and preview applications	2026-09-26T19:02:40.3395733Z     windows::runtime::tests::t493_tokens_are_fresh_atomic_and_private_in_the_owned_directory
Native Windows policy and service contracts	Test native paths, ACLs, leases, jobs and preview applications	2026-09-26T19:02:40.3396452Z test result: FAILED. 85 passed; 3 failed; 0 ignored; 0 measured; 0 filtered out; finished in 3.37s
