   Compiling blent v1.2.3 (/backups/disk2/projects/blent/host)
    Finished `test` profile [unoptimized + debuginfo] target(s) in 5.37s
     Running unittests src/main.rs (target/debug/deps/blent-fe4d675ee06359fb)

running 39 tests
test monitor::coverage_tests::t497_reconnected_inventory_and_failed_extra_admission_preserve_state ... ok
test monitor::credential_tests::t444_auth_retry_uses_current_key_with_bounded_background_delivery ... ok
test monitor::credential_tests::t444_changed_physical_identity_on_same_serial_retires_credentials ... ok
test monitor::credential_tests::t444_delivery_rotation_retry_and_known_route_migration_preserve_focus ... ok
test monitor::credential_tests::t444_failed_credential_delivery_retries_before_first_launch ... ok
test monitor::credential_tests::t444_failed_owned_job_retires_pending_route_and_rejects_late_completion ... ok
test monitor::credential_tests::t444_inflight_route_is_cancelled_before_replacement ... ok
test monitor::credential_tests::t444_replacement_removes_both_old_routes_before_slot_reuse ... ok
test monitor::credential_tests::t444_unwritable_token_publication_never_prepares_a_route ... ok
test monitor::credentials::tests::t444_slot_files_are_atomic_private_distinct_and_validate_input ... ok
test monitor::forwarding::tests::t557_conflicts_malformed_lists_and_backend_failures_never_rebind ... ok
test monitor::forwarding::tests::t557_extra_repair_uses_its_existing_slot_ports ... ok
test monitor::forwarding::tests::t557_periodic_repair_preserves_assignment_and_joins_existing_mutations ... ok
test monitor::forwarding::tests::t557_repairs_only_missing_routes_and_uses_no_rebind ... ok
test monitor::inventory_tests::t443_confirmed_empty_inventory_retires_assignment ... ok
test monitor::inventory_tests::t443_failed_exit_never_publishes_plausible_partial_inventory ... ok
test monitor::inventory_tests::t443_failed_inventory_preserves_assignment_and_accepted_lease ... ok
test monitor::launch_policy::tests::t445_aliases_replacement_and_late_jobs_have_distinct_launch_lifetimes ... ok
test monitor::launch_policy::tests::t445_missing_route_cancels_launch_before_pending_probes_finish ... ok
test monitor::launch_policy::tests::t445_pending_unknown_alias_observes_later_identity_without_double_launch ... ok
test monitor::launch_policy::tests::t445_registry_bounds_preserve_manual_fallback_and_existing_routes ... ok
test monitor::launch_tests::t445_forwarding_retry_keeps_the_first_launch_and_disabled_stays_manual ... ok
test monitor::launch_tests::t445_new_route_probe_preserves_launch_history_until_identity_is_known ... ok
test monitor::launch_tests::t445_same_attachment_never_reopens_after_route_repair_or_process_loss ... ok
test monitor::launch_tests::t445_synthetic_attachment_never_launches_a_real_android_activity ... ok
test monitor::launch_tests::t557_ready_attachment_repairs_lost_mappings_without_reopening_android ... ok
test monitor::launch_tests::t609_display_command_reports_spawn_and_exit_failure ... ok
test monitor::probe_tests::t413_package_probe_requires_known_exit_and_response_shape ... ok
test monitor::probe_tests::t413_unknown_initial_probe_is_not_eligible_and_absence_is_confirmed ... ok
test monitor::probe_tests::t413_unknown_package_probe_preserves_assignment_and_geometry ... ok
test monitor::route_tests::t705_conflicting_initial_routes_remain_foreign ... ok
test monitor::route_tests::t705_matching_external_and_replaced_routes_survive_retirement ... ok
test monitor::route_tests::t705_partial_preparation_retires_only_successfully_owned_routes ... ok
test monitor::route_tests::t705_repaired_routes_are_owned_and_retired ... ok
test monitor::test_support::t420_token_retry_does_not_launch_over_another_foreground_app ... ok
test monitor::test_support::t431_inflight_mutation_does_not_consume_token_backoff ... ok
test monitor::test_support::t431_reassignment_rejects_late_recovery_and_cancels_work ... ok
test monitor::tests::t388_route_follows_adb_transport_not_physical_identity ... ok
test monitor::tests::t390_promoting_an_extra_retires_its_previous_slot ... ok

test result: ok. 39 passed; 0 failed; 0 ignored; 0 measured; 352 filtered out; finished in 5.45s
