Starting systemd-udevd version 255.4-1ubuntu8.17
T700-control-without-EVDI
total 0
crw-------    1 root     root      226,   0 Sep 27 23:14 card0

X.Org X Server 1.21.1.11
X Protocol Version 11, Revision 0
Current Operating System: Linux (none) 7.0.0-34-generic #34~24.04.1-Ubuntu SMP PREEMPT_DYNAMIC Fri Sep  4 15:38:29 UTC 2 x86_64
Kernel command line: console=ttyS0 rdinit=/init loglevel=4 initrd=initrd
xorg-server 2:21.1.12-1ubuntu1.6 (For technical support please see http://www.ubuntu.com/support)
Current version of pixman: 0.42.2
	Before reporting problems, check http://wiki.x.org
	to make sure that you have the latest version.
Markers: (--) probed, (**) from config file, (==) default setting,
	(++) from command line, (!!) notice, (II) informational,
	(WW) warning, (EE) error, (NI) not implemented, (??) unknown.
(++) Log file: "/var/log/Xorg.log", Time: Sun Sep 27 23:14:34 2026
(==) Using config file: "/etc/X11/xorg.conf"
T700 before-hotplug Xorg=0
xf86: remove device 0 /sys/devices/pci0000:00/0000:00:01.0/simple-framebuffer.0/drm/card0
failed to find screen to remove
Xorg: ../../../../dix/privates.c:382: dixRegisterPrivateKey: Assertion `!global_keys[type].created' failed.
(EE)
(EE) Backtrace:
(EE) 0: /usr/lib/xorg/Xorg (OsLookupColor+0x14c) [0x651a391ca0cc]
(EE) 1: /lib/x86_64-linux-gnu/libc.so.6 (__sigaction+0x50) [0x78708aeb5330]
(EE) 2: /lib/x86_64-linux-gnu/libc.so.6 (pthread_kill+0x11c) [0x78708af0ec0c]
(EE) 3: /lib/x86_64-linux-gnu/libc.so.6 (gsignal+0x1e) [0x78708aeb527e]
(EE) 4: /lib/x86_64-linux-gnu/libc.so.6 (abort+0xdf) [0x78708ae988ff]
(EE) unw_get_proc_name failed: no unwind info found [-10]
(EE) 5: /lib/x86_64-linux-gnu/libc.so.6 (?+0x0) [0x78708ae9881b]
(EE) 6: /lib/x86_64-linux-gnu/libc.so.6 (__assert_fail+0x47) [0x78708aeab517]
(EE) 7: /usr/lib/xorg/Xorg (dixRegisterPrivateKey+0x1e4) [0x651a3906c444]
(EE) 8: /usr/lib/xorg/modules/libglamoregl.so (glamor_init+0xcb) [0x78708a6ee70b]
(EE) unw_get_proc_name failed: no unwind info found [-10]
(EE) 9: /usr/lib/xorg/modules/drivers/modesetting_drv.so (?+0x0) [0x78708a72e7d8]
(EE) unw_get_proc_name failed: no unwind info found [-10]
(EE) 10: /usr/lib/xorg/modules/drivers/modesetting_drv.so (?+0x0) [0x78708a72435f]
(EE) 11: /usr/lib/xorg/Xorg (AddGPUScreen+0x100) [0x651a3904af10]
(EE) 12: /usr/lib/xorg/Xorg (xf86PlatformMatchDriver+0xad0) [0x651a390aa8f0]
(EE) 13: /usr/lib/xorg/Xorg (xf86PlatformDeviceCheckBusID+0x288) [0x651a390b09f8]
(EE) 14: /usr/lib/xorg/Xorg (config_fini+0x1072) [0x651a390acc62]
(EE) 15: /usr/lib/xorg/Xorg (config_fini+0x1650) [0x651a390ad240]
(EE) 16: /usr/lib/xorg/Xorg (OsCleanup+0x64a) [0x651a391cab9a]
(EE) 17: /usr/lib/xorg/Xorg (WaitForSomething+0x185) [0x651a391c34f5]
(EE) 18: /usr/lib/xorg/Xorg (SendErrorToClient+0x11a) [0x651a3904a86a]
(EE) 19: /usr/lib/xorg/Xorg (InitFonts+0x3ca) [0x651a3904eeda]
(EE) 20: /lib/x86_64-linux-gnu/libc.so.6 (__libc_init_first+0x8a) [0x78708ae9a1ca]
(EE) 21: /lib/x86_64-linux-gnu/libc.so.6 (__libc_start_main+0x8b) [0x78708ae9a28b]
(EE) 22: /usr/lib/xorg/Xorg (_start+0x25) [0x651a39037395]
(EE)
(EE)
Fatal server error:
(EE) Caught signal 6 (Aborted). Server aborting
(EE)
(EE)
Please consult the The X.Org Foundation support
	 at http://wiki.x.org
 for help.
(EE) Please also check the log file at "/var/log/Xorg.log" for additional information.
(EE)
(EE) Server terminated with error (1). Closing log file.
T700 Xorg exited
[     1.958] (WW) Failed to open protocol names file /usr/lib/xorg/protocol.txt
[     1.958]
X.Org X Server 1.21.1.11
X Protocol Version 11, Revision 0
[     1.959] Current Operating System: Linux (none) 7.0.0-34-generic #34~24.04.1-Ubuntu SMP PREEMPT_DYNAMIC Fri Sep  4 15:38:29 UTC 2 x86_64
[     1.959] Kernel command line: console=ttyS0 rdinit=/init loglevel=4 initrd=initrd
[     1.959] xorg-server 2:21.1.12-1ubuntu1.6 (For technical support please see http://www.ubuntu.com/support)
[     1.959] Current version of pixman: 0.42.2
[     1.959] 	Before reporting problems, check http://wiki.x.org
	to make sure that you have the latest version.
[     1.960] Markers: (--) probed, (**) from config file, (==) default setting,
	(++) from command line, (!!) notice, (II) informational,
	(WW) warning, (EE) error, (NI) not implemented, (??) unknown.
[     1.961] (++) Log file: "/var/log/Xorg.log", Time: Sun Sep 27 23:14:34 2026
[     1.961] (==) Using config file: "/etc/X11/xorg.conf"
[     1.961] (==) No Layout section.  Using the first Screen section.
[     1.961] (==) No screen section available. Using defaults.
[     1.961] (**) |-->Screen "Default Screen Section" (0)
[     1.961] (**) |   |-->Monitor "<default monitor>"
[     1.961] (==) No monitor specified for screen "Default Screen Section".
	Using a default monitor configuration.
[     1.961] (**) Option "AutoAddDevices" "false"
[     1.961] (**) Option "AutoAddGPU" "true"
[     1.961] (**) Allowing byte-swapped clients
[     1.961] (**) Not automatically adding devices
[     1.961] (==) Automatically enabling devices
[     1.961] (**) Automatically adding GPU devices
[     1.961] (==) Automatically binding GPU devices
[     1.961] (==) Max clients allowed: 256, resource mask: 0x1fffff
[     1.961] (WW) The directory "/usr/share/fonts/X11/misc" does not exist.
[     1.961] 	Entry deleted from font path.
[     1.961] (WW) The directory "/usr/share/fonts/X11/cyrillic" does not exist.
[     1.961] 	Entry deleted from font path.
[     1.961] (WW) The directory "/usr/share/fonts/X11/100dpi/" does not exist.
[     1.961] 	Entry deleted from font path.
[     1.961] (WW) The directory "/usr/share/fonts/X11/75dpi/" does not exist.
[     1.961] 	Entry deleted from font path.
[     1.961] (WW) The directory "/usr/share/fonts/X11/Type1" does not exist.
[     1.961] 	Entry deleted from font path.
[     1.961] (WW) The directory "/usr/share/fonts/X11/100dpi" does not exist.
[     1.961] 	Entry deleted from font path.
[     1.961] (WW) The directory "/usr/share/fonts/X11/75dpi" does not exist.
[     1.961] 	Entry deleted from font path.
[     1.961] (==) FontPath set to:
	built-ins
[     1.961] (==) ModulePath set to "/usr/lib/xorg/modules"
[     1.961] (==) |-->Input Device "<default pointer>"
[     1.961] (==) |-->Input Device "<default keyboard>"
[     1.961] (==) No Layout section. Using the default mouse configuration.
[     1.961] (==) No Layout section. Using the default keyboard configuration.
[     1.961] (II) Loader magic: 0x651a39248020
[     1.961] (II) Module ABI versions:
[     1.961] 	X.Org ANSI C Emulation: 0.4
[     1.961] 	X.Org Video Driver: 25.2
[     1.961] 	X.Org XInput driver : 24.4
[     1.961] 	X.Org Server Extension : 10.0
[     1.961] (EE) dbus-core: error connecting to system bus: org.freedesktop.DBus.Error.FileNotFound (Failed to connect to socket /run/dbus/system_bus_socket: No such file or directory)
[     1.961] (--) using VT number 2

[     1.961] (II) systemd-logind: logind integration requires -keeptty and -keeptty was not provided, disabling logind integration
[     1.961] (II) xfree86: Adding drm device (/dev/dri/card0)
[     1.961] (II) Platform probe for /sys/devices/pci0000:00/0000:00:01.0/simple-framebuffer.0/drm/card0
[     1.965] (--) PCI:*(0@0:1:0) 1af4:1050:1af4:1100 rev 1, Mem @ 0x80000000/8388608, 0x380000000000/16384, 0x80811000/4096, BIOS @ 0x????????/131072
[     1.965] (II) LoadModule: "glx"
[     1.965] (II) Loading /usr/lib/xorg/modules/extensions/libglx.so
[     1.965] (II) Module glx: vendor="X.Org Foundation"
[     1.965] 	compiled for 1.21.1.11, module version = 1.0.0
[     1.965] 	ABI class: X.Org Server Extension, version 10.0
[     1.965] (==) Matched modesetting as autoconfigured driver 0
[     1.965] (==) Matched fbdev as autoconfigured driver 1
[     1.965] (==) Matched vesa as autoconfigured driver 2
[     1.965] (==) Assigned the driver to the xf86ConfigLayout
[     1.965] (II) LoadModule: "modesetting"
[     1.965] (II) Loading /usr/lib/xorg/modules/drivers/modesetting_drv.so
[     1.965] (II) Module modesetting: vendor="X.Org Foundation"
[     1.965] 	compiled for 1.21.1.11, module version = 1.21.1
[     1.965] 	Module class: X.Org Video Driver
[     1.965] 	ABI class: X.Org Video Driver, version 25.2
[     1.965] (II) LoadModule: "fbdev"
[     1.965] (WW) Warning, couldn't open module fbdev
[     1.965] (EE) Failed to load module "fbdev" (module does not exist, 0)
[     1.965] (II) LoadModule: "vesa"
[     1.965] (WW) Warning, couldn't open module vesa
[     1.965] (EE) Failed to load module "vesa" (module does not exist, 0)
[     1.965] (==) Matched modesetting as autoconfigured driver 0
[     1.965] (==) Matched fbdev as autoconfigured driver 1
[     1.965] (==) Matched vesa as autoconfigured driver 2
[     1.965] (==) Assigned the driver to the xf86ConfigLayout
[     1.965] (II) LoadModule: "modesetting"
[     1.965] (II) Loading /usr/lib/xorg/modules/drivers/modesetting_drv.so
[     1.966] (II) Module modesetting: vendor="X.Org Foundation"
[     1.966] 	compiled for 1.21.1.11, module version = 1.21.1
[     1.966] 	Module class: X.Org Video Driver
[     1.966] 	ABI class: X.Org Video Driver, version 25.2
[     1.966] (II) UnloadModule: "modesetting"
[     1.966] (II) Unloading modesetting
[     1.966] (II) Failed to load module "modesetting" (already loaded, 0)
[     1.966] (II) LoadModule: "fbdev"
[     1.966] (WW) Warning, couldn't open module fbdev
[     1.966] (EE) Failed to load module "fbdev" (module does not exist, 0)
[     1.966] (II) LoadModule: "vesa"
[     1.966] (WW) Warning, couldn't open module vesa
[     1.966] (EE) Failed to load module "vesa" (module does not exist, 0)
[     1.966] (II) LoadModule: "mouse"
[     1.966] (WW) Warning, couldn't open module mouse
[     1.966] (EE) Failed to load module "mouse" (module does not exist, 0)
[     1.966] (II) LoadModule: "kbd"
[     1.966] (WW) Warning, couldn't open module kbd
[     1.966] (EE) Failed to load module "kbd" (module does not exist, 0)
[     1.966] (II) modesetting: Driver for Modesetting Kernel Drivers: kms
[     1.966] (WW) xf86OpenConsole: setsid failed: Operation not permitted
[     1.966] (II) modeset(0): using drv /dev/dri/card0
[     1.966] (II) modeset(0): Creating default Display subsection in Screen section
	"Default Screen Section" for depth/fbbpp 24/32
[     1.966] (==) modeset(0): Depth 24, (==) framebuffer bpp 32
[     1.966] (==) modeset(0): RGB weight 888
[     1.966] (==) modeset(0): Default visual is TrueColor
[     1.966] (II) Loading sub module "glamoregl"
[     1.966] (II) LoadModule: "glamoregl"
[     1.966] (II) Loading /usr/lib/xorg/modules/libglamoregl.so
[     1.968] (II) Module glamoregl: vendor="X.Org Foundation"
[     1.968] 	compiled for 1.21.1.11, module version = 1.0.1
[     1.968] 	ABI class: X.Org ANSI C Emulation, version 0.4
[     2.007] (II) modeset(0): Refusing to try glamor on llvmpipe
[     2.007] (II) modeset(0): glamor initialization failed
[     2.007] (II) modeset(0): ShadowFB: preferred NO, enabled NO
[     2.007] (II) modeset(0): Output None-1 has no monitor section
[     2.007] (II) modeset(0): EDID for output None-1
[     2.007] (II) modeset(0): Printing probed modes for output None-1
[     2.007] (II) modeset(0): Modeline "1280x800"x60.0   61.44  1280 1280 1280 1280  800 800 800 800 (48.0 kHz eP)
[     2.008] (II) modeset(0): Output None-1 connected
[     2.008] (II) modeset(0): Using exact sizes for initial modes
[     2.008] (II) modeset(0): Output None-1 using initial mode 1280x800 +0+0
[     2.008] (==) modeset(0): Using gamma correction (1.0, 1.0, 1.0)
[     2.008] (==) modeset(0): DPI set to (96, 96)
[     2.008] (II) Loading sub module "fb"
[     2.008] (II) LoadModule: "fb"
[     2.008] (II) Module "fb" already built-in
[     2.008] (==) modeset(0): Backing store enabled
[     2.008] (==) modeset(0): Silken mouse enabled
[     2.008] (II) modeset(0): Initializing kms color map for depth 24, 8 bpc.
[     2.008] (==) modeset(0): DPMS enabled
[     2.008] (II) Initializing extension Generic Event Extension
[     2.008] (II) Initializing extension SHAPE
[     2.008] (II) Initializing extension MIT-SHM
[     2.008] (II) Initializing extension XInputExtension
[     2.008] (II) Initializing extension XTEST
[     2.008] (II) Initializing extension BIG-REQUESTS
[     2.008] (II) Initializing extension SYNC
[     2.008] (II) Initializing extension XKEYBOARD
[     2.008] (II) Initializing extension XC-MISC
[     2.008] (II) Initializing extension SECURITY
[     2.008] (II) Initializing extension XFIXES
[     2.008] (II) Initializing extension RENDER
[     2.008] (II) Initializing extension RANDR
[     2.008] (II) Initializing extension COMPOSITE
[     2.008] (II) Initializing extension DAMAGE
[     2.008] (II) Initializing extension MIT-SCREEN-SAVER
[     2.008] (II) Initializing extension DOUBLE-BUFFER
[     2.008] (II) Initializing extension RECORD
[     2.008] (II) Initializing extension DPMS
[     2.008] (II) Initializing extension Present
[     2.008] (II) Initializing extension DRI3
[     2.008] (II) Initializing extension X-Resource
[     2.008] (II) Initializing extension XVideo
[     2.008] (II) Initializing extension XVideo-MotionCompensation
[     2.008] (II) Initializing extension SELinux
[     2.008] (II) SELinux: Disabled on system
[     2.008] (II) Initializing extension GLX
[     2.008] (II) AIGLX: Screen 0 is not DRI2 capable
[     2.008] (II) IGLX: Loaded and initialized swrast
[     2.008] (II) GLX: Initialized DRISWRAST GL provider for screen 0
[     2.008] (II) Initializing extension XFree86-VidModeExtension
[     2.008] (II) Initializing extension XFree86-DGA
[     2.008] (II) Initializing extension XFree86-DRI
[     2.008] (II) Initializing extension DRI2
[     2.009] (II) modeset(0): Damage tracking initialized
[     2.009] (II) modeset(0): Setting screen physical size to 338 x 211
[     2.019] (II) LoadModule: "mouse"
[     2.019] (WW) Warning, couldn't open module mouse
[     2.019] (EE) Failed to load module "mouse" (module does not exist, 0)
[     2.019] (EE) No input driver matching `mouse'
[     2.019] (II) Falling back to input driver `libinput'
[     2.019] (II) LoadModule: "libinput"
[     2.019] (WW) Warning, couldn't open module libinput
[     2.019] (EE) Failed to load module "libinput" (module does not exist, 0)
[     2.019] (II) LoadModule: "kbd"
[     2.019] (WW) Warning, couldn't open module kbd
[     2.019] (EE) Failed to load module "kbd" (module does not exist, 0)
[     2.019] (EE) No input driver matching `kbd'
[     2.019] (II) Falling back to input driver `libinput'
[     2.019] (II) LoadModule: "libinput"
[     2.019] (WW) Warning, couldn't open module libinput
[     2.019] (EE) Failed to load module "libinput" (module does not exist, 0)
[     2.033] (EE) dbus-core: error connecting to system bus: org.freedesktop.DBus.Error.FileNotFound (Failed to connect to socket /run/dbus/system_bus_socket: No such file or directory)
[     5.979] (II) config/udev: removing GPU device /sys/devices/pci0000:00/0000:00:01.0/simple-framebuffer.0/drm/card0 /dev/dri/card0
[     5.979] xf86: remove device 0 /sys/devices/pci0000:00/0000:00:01.0/simple-framebuffer.0/drm/card0
[     5.979] failed to find screen to remove
[     6.001] (II) config/udev: removing GPU device /sys/devices/pci0000:00/0000:00:01.0/drm/card1 /dev/dri/card1
[     6.001] (II) config/udev: Adding drm device (/dev/dri/card1)
[     6.001] (II) xfree86: Adding drm device (/dev/dri/card1)
[     6.001] (II) Platform probe for /sys/devices/pci0000:00/0000:00:01.0/drm/card1
[     6.001] (II) LoadModule: "modesetting"
[     6.001] (II) Loading /usr/lib/xorg/modules/drivers/modesetting_drv.so
[     6.001] (II) Module modesetting: vendor="X.Org Foundation"
[     6.001] 	compiled for 1.21.1.11, module version = 1.21.1
[     6.001] 	Module class: X.Org Video Driver
[     6.001] 	ABI class: X.Org Video Driver, version 25.2
[     6.001] (II) UnloadModule: "modesetting"
[     6.001] (II) Unloading modesetting
[     6.001] (II) Failed to load module "modesetting" (already loaded, 0)
[     6.001] (II) modeset(G0): using drv /dev/dri/card1
[     6.002] (==) modeset(G0): Depth 24, (==) framebuffer bpp 32
[     6.002] (==) modeset(G0): RGB weight 888
[     6.002] (==) modeset(G0): Default visual is TrueColor
[     6.002] (II) Loading sub module "glamoregl"
[     6.002] (II) LoadModule: "glamoregl"
[     6.002] (II) Loading /usr/lib/xorg/modules/libglamoregl.so
[     6.002] (II) Module glamoregl: vendor="X.Org Foundation"
[     6.002] 	compiled for 1.21.1.11, module version = 1.0.1
[     6.002] 	ABI class: X.Org ANSI C Emulation, version 0.4
[     6.006] (II) modeset(G0): glamor X acceleration enabled on virgl (AMD Radeon RX 6600 XT (radeonsi, navi23, ACO, DRM 3....)
[     6.006] (II) modeset(G0): glamor initialized
[     6.006] (II) modeset(G0): Output Virtual-1-1 has no monitor section
[     6.007] (==) modeset(G0): Using gamma correction (1.0, 1.0, 1.0)
[     6.007] (==) modeset(G0): DPI set to (96, 96)
[     6.007] (II) Loading sub module "fb"
[     6.007] (II) LoadModule: "fb"
[     6.007] (II) Module "fb" already built-in
[     6.009] (EE)
[     6.009] (EE) Backtrace:
[     6.010] (EE) 0: /usr/lib/xorg/Xorg (OsLookupColor+0x14c) [0x651a391ca0cc]
[     6.010] (EE) 1: /lib/x86_64-linux-gnu/libc.so.6 (__sigaction+0x50) [0x78708aeb5330]
[     6.011] (EE) 2: /lib/x86_64-linux-gnu/libc.so.6 (pthread_kill+0x11c) [0x78708af0ec0c]
[     6.012] (EE) 3: /lib/x86_64-linux-gnu/libc.so.6 (gsignal+0x1e) [0x78708aeb527e]
[     6.013] (EE) 4: /lib/x86_64-linux-gnu/libc.so.6 (abort+0xdf) [0x78708ae988ff]
[     6.014] (EE) unw_get_proc_name failed: no unwind info found [-10]
[     6.015] (EE) 5: /lib/x86_64-linux-gnu/libc.so.6 (?+0x0) [0x78708ae9881b]
[     6.015] (EE) 6: /lib/x86_64-linux-gnu/libc.so.6 (__assert_fail+0x47) [0x78708aeab517]
[     6.016] (EE) 7: /usr/lib/xorg/Xorg (dixRegisterPrivateKey+0x1e4) [0x651a3906c444]
[     6.016] (EE) 8: /usr/lib/xorg/modules/libglamoregl.so (glamor_init+0xcb) [0x78708a6ee70b]
[     6.017] (EE) unw_get_proc_name failed: no unwind info found [-10]
[     6.017] (EE) 9: /usr/lib/xorg/modules/drivers/modesetting_drv.so (?+0x0) [0x78708a72e7d8]
[     6.018] (EE) unw_get_proc_name failed: no unwind info found [-10]
[     6.018] (EE) 10: /usr/lib/xorg/modules/drivers/modesetting_drv.so (?+0x0) [0x78708a72435f]
[     6.018] (EE) 11: /usr/lib/xorg/Xorg (AddGPUScreen+0x100) [0x651a3904af10]
[     6.019] (EE) 12: /usr/lib/xorg/Xorg (xf86PlatformMatchDriver+0xad0) [0x651a390aa8f0]
[     6.019] (EE) 13: /usr/lib/xorg/Xorg (xf86PlatformDeviceCheckBusID+0x288) [0x651a390b09f8]
[     6.020] (EE) 14: /usr/lib/xorg/Xorg (config_fini+0x1072) [0x651a390acc62]
[     6.020] (EE) 15: /usr/lib/xorg/Xorg (config_fini+0x1650) [0x651a390ad240]
[     6.020] (EE) 16: /usr/lib/xorg/Xorg (OsCleanup+0x64a) [0x651a391cab9a]
[     6.021] (EE) 17: /usr/lib/xorg/Xorg (WaitForSomething+0x185) [0x651a391c34f5]
[     6.022] (EE) 18: /usr/lib/xorg/Xorg (SendErrorToClient+0x11a) [0x651a3904a86a]
[     6.022] (EE) 19: /usr/lib/xorg/Xorg (InitFonts+0x3ca) [0x651a3904eeda]
[     6.022] (EE) 20: /lib/x86_64-linux-gnu/libc.so.6 (__libc_init_first+0x8a) [0x78708ae9a1ca]
[     6.023] (EE) 21: /lib/x86_64-linux-gnu/libc.so.6 (__libc_start_main+0x8b) [0x78708ae9a28b]
[     6.024] (EE) 22: /usr/lib/xorg/Xorg (_start+0x25) [0x651a39037395]
[     6.024] (EE)
[     6.024] (EE)
Fatal server error:
[     6.024] (EE) Caught signal 6 (Aborted). Server aborting
[     6.025] (EE)
[     6.025] (EE)
Please consult the The X.Org Foundation support
	 at http://wiki.x.org
 for help.
[     6.025] (EE) Please also check the log file at "/var/log/Xorg.log" for additional information.
[     6.026] (EE)
[     6.026] (EE) Server terminated with error (1). Closing log file.
name of display:    :0
version number:    11.0
vendor string:    The X.Org Foundation
vendor release number:    12101011
X.Org version: 21.1.11
maximum request size:  16777212 bytes
motion buffer size:  256
bitmap unit, bit order, padding:    32, LSBFirst, 32
image byte order:    LSBFirst
number of supported pixmap formats:    7
supported pixmap formats:
    depth 1, bits_per_pixel 1, scanline_pad 32
[    6.232218] reboot: Power down
