Starting systemd-udevd version 255.4-1ubuntu8.17
total 0
crw-------    1 root     root      226,   0 Sep 27 23:11 card0
crw-------    1 root     root      226,   1 Sep 27 23:11 card1
crw-------    1 root     root      226,   2 Sep 27 23:11 card2
crw-------    1 root     root      226, 128 Sep 27 23:11 renderD128

X.Org X Server 1.21.1.11
X Protocol Version 11, Revision 0
Current Operating System: Linux (none) 7.0.0-34-generic #34~24.04.1-Ubuntu SMP PREEMPT_DYNAMIC Fri Sep  4 15:38:29 UTC 2 x86_64
Kernel command line: console=ttyS0 rdinit=/init loglevel=4 initrd=initrd
xorg-server 2:21.1.12-1ubuntu1.6 (For technical support please see http://www.ubuntu.com/support)
Current version of pixman: 0.42.2
	Before reporting problems, check http://wiki.x.org
	to make sure that you have the latest version.
Markers: (--) probed, (**) from config file, (==) default setting,
	(++) from command line, (!!) notice, (II) informational,
	(WW) warning, (EE) error, (NI) not implemented, (??) unknown.
(++) Log file: "/var/log/Xorg.log", Time: Sun Sep 27 23:11:53 2026
(==) Using config file: "/etc/X11/xorg.conf"
MESA-LOADER: failed to retrieve device information
MESA-LOADER: failed to retrieve device information
MESA-LOADER: failed to retrieve device information
MESA-LOADER: failed to retrieve device information
MESA-LOADER: failed to retrieve device information
MESA-LOADER: failed to retrieve device information
MESA-LOADER: failed to retrieve device information
MESA-LOADER: failed to retrieve device information
MESA-LOADER: failed to retrieve device information
T700 before-hotplug Xorg=0
T700 Xorg survived
[     2.017] (WW) Failed to open protocol names file /usr/lib/xorg/protocol.txt
[     2.018]
X.Org X Server 1.21.1.11
X Protocol Version 11, Revision 0
[     2.019] Current Operating System: Linux (none) 7.0.0-34-generic #34~24.04.1-Ubuntu SMP PREEMPT_DYNAMIC Fri Sep  4 15:38:29 UTC 2 x86_64
[     2.019] Kernel command line: console=ttyS0 rdinit=/init loglevel=4 initrd=initrd
[     2.019] xorg-server 2:21.1.12-1ubuntu1.6 (For technical support please see http://www.ubuntu.com/support)
[     2.019] Current version of pixman: 0.42.2
[     2.019] 	Before reporting problems, check http://wiki.x.org
	to make sure that you have the latest version.
[     2.019] Markers: (--) probed, (**) from config file, (==) default setting,
	(++) from command line, (!!) notice, (II) informational,
	(WW) warning, (EE) error, (NI) not implemented, (??) unknown.
[     2.021] (++) Log file: "/var/log/Xorg.log", Time: Sun Sep 27 23:11:53 2026
[     2.021] (==) Using config file: "/etc/X11/xorg.conf"
[     2.021] (==) No Layout section.  Using the first Screen section.
[     2.021] (==) No screen section available. Using defaults.
[     2.021] (**) |-->Screen "Default Screen Section" (0)
[     2.021] (**) |   |-->Monitor "<default monitor>"
[     2.021] (==) No monitor specified for screen "Default Screen Section".
	Using a default monitor configuration.
[     2.021] (**) Option "AutoAddDevices" "false"
[     2.021] (**) Option "AutoAddGPU" "true"
[     2.021] (**) Allowing byte-swapped clients
[     2.021] (**) Not automatically adding devices
[     2.021] (==) Automatically enabling devices
[     2.021] (**) Automatically adding GPU devices
[     2.021] (==) Automatically binding GPU devices
[     2.021] (==) Max clients allowed: 256, resource mask: 0x1fffff
[     2.021] (WW) The directory "/usr/share/fonts/X11/misc" does not exist.
[     2.021] 	Entry deleted from font path.
[     2.021] (WW) The directory "/usr/share/fonts/X11/cyrillic" does not exist.
[     2.021] 	Entry deleted from font path.
[     2.021] (WW) The directory "/usr/share/fonts/X11/100dpi/" does not exist.
[     2.021] 	Entry deleted from font path.
[     2.021] (WW) The directory "/usr/share/fonts/X11/75dpi/" does not exist.
[     2.021] 	Entry deleted from font path.
[     2.021] (WW) The directory "/usr/share/fonts/X11/Type1" does not exist.
[     2.021] 	Entry deleted from font path.
[     2.021] (WW) The directory "/usr/share/fonts/X11/100dpi" does not exist.
[     2.021] 	Entry deleted from font path.
[     2.021] (WW) The directory "/usr/share/fonts/X11/75dpi" does not exist.
[     2.021] 	Entry deleted from font path.
[     2.021] (==) FontPath set to:
	built-ins
[     2.021] (==) ModulePath set to "/usr/lib/xorg/modules"
[     2.021] (==) |-->Input Device "<default pointer>"
[     2.021] (==) |-->Input Device "<default keyboard>"
[     2.021] (==) No Layout section. Using the default mouse configuration.
[     2.021] (==) No Layout section. Using the default keyboard configuration.
[     2.021] (II) Loader magic: 0x635ef90a3020
[     2.021] (II) Module ABI versions:
[     2.021] 	X.Org ANSI C Emulation: 0.4
[     2.021] 	X.Org Video Driver: 25.2
[     2.021] 	X.Org XInput driver : 24.4
[     2.021] 	X.Org Server Extension : 10.0
[     2.021] (EE) dbus-core: error connecting to system bus: org.freedesktop.DBus.Error.FileNotFound (Failed to connect to socket /run/dbus/system_bus_socket: No such file or directory)
[     2.021] (--) using VT number 2

[     2.021] (II) systemd-logind: logind integration requires -keeptty and -keeptty was not provided, disabling logind integration
[     2.022] (II) xfree86: Adding drm device (/dev/dri/card1)
[     2.022] (II) Platform probe for /sys/devices/pci0000:00/0000:00:01.0/drm/card1
[     2.035] (II) xfree86: Adding drm device (/dev/dri/card0)
[     2.035] (II) Platform probe for /sys/devices/platform/evdi.0/drm/card0
[     2.036] (II) xfree86: Adding drm device (/dev/dri/card2)
[     2.036] (II) Platform probe for /sys/devices/platform/evdi.1/drm/card2
[     2.037] (--) PCI:*(0@0:1:0) 1af4:1050:1af4:1100 rev 1, Mem @ 0x80000000/8388608, 0x380000000000/16384, 0x80811000/4096, BIOS @ 0x????????/131072
[     2.037] (II) LoadModule: "glx"
[     2.037] (II) Loading /usr/lib/xorg/modules/extensions/libglx.so
[     2.038] (II) Module glx: vendor="X.Org Foundation"
[     2.038] 	compiled for 1.21.1.11, module version = 1.0.0
[     2.038] 	ABI class: X.Org Server Extension, version 10.0
[     2.038] (==) Matched modesetting as autoconfigured driver 0
[     2.038] (==) Matched fbdev as autoconfigured driver 1
[     2.038] (==) Matched vesa as autoconfigured driver 2
[     2.038] (==) Assigned the driver to the xf86ConfigLayout
[     2.038] (II) LoadModule: "modesetting"
[     2.038] (II) Loading /usr/lib/xorg/modules/drivers/modesetting_drv.so
[     2.038] (II) Module modesetting: vendor="X.Org Foundation"
[     2.038] 	compiled for 1.21.1.11, module version = 1.21.1
[     2.038] 	Module class: X.Org Video Driver
[     2.038] 	ABI class: X.Org Video Driver, version 25.2
[     2.038] (II) LoadModule: "fbdev"
[     2.038] (WW) Warning, couldn't open module fbdev
[     2.038] (EE) Failed to load module "fbdev" (module does not exist, 0)
[     2.038] (II) LoadModule: "vesa"
[     2.038] (WW) Warning, couldn't open module vesa
[     2.038] (EE) Failed to load module "vesa" (module does not exist, 0)
[     2.038] (==) Matched modesetting as autoconfigured driver 0
[     2.038] (==) Matched fbdev as autoconfigured driver 1
[     2.038] (==) Matched vesa as autoconfigured driver 2
[     2.038] (==) Assigned the driver to the xf86ConfigLayout
[     2.038] (II) LoadModule: "modesetting"
[     2.038] (II) Loading /usr/lib/xorg/modules/drivers/modesetting_drv.so
[     2.038] (II) Module modesetting: vendor="X.Org Foundation"
[     2.038] 	compiled for 1.21.1.11, module version = 1.21.1
[     2.038] 	Module class: X.Org Video Driver
[     2.038] 	ABI class: X.Org Video Driver, version 25.2
[     2.038] (II) UnloadModule: "modesetting"
[     2.038] (II) Unloading modesetting
[     2.038] (II) Failed to load module "modesetting" (already loaded, 0)
[     2.038] (II) LoadModule: "fbdev"
[     2.038] (WW) Warning, couldn't open module fbdev
[     2.038] (EE) Failed to load module "fbdev" (module does not exist, 0)
[     2.038] (II) LoadModule: "vesa"
[     2.038] (WW) Warning, couldn't open module vesa
[     2.038] (EE) Failed to load module "vesa" (module does not exist, 0)
[     2.038] (II) LoadModule: "mouse"
[     2.038] (WW) Warning, couldn't open module mouse
[     2.038] (EE) Failed to load module "mouse" (module does not exist, 0)
[     2.038] (II) LoadModule: "kbd"
[     2.038] (WW) Warning, couldn't open module kbd
[     2.038] (EE) Failed to load module "kbd" (module does not exist, 0)
[     2.038] (II) modesetting: Driver for Modesetting Kernel Drivers: kms
[     2.038] (WW) xf86OpenConsole: setsid failed: Operation not permitted
[     2.049] (II) modeset(0): using drv /dev/dri/card1
[     2.049] (II) modeset(G0): using drv /dev/dri/card0
[     2.049] (II) modeset(G1): using drv /dev/dri/card2
[     2.049] (II) modeset(0): Creating default Display subsection in Screen section
	"Default Screen Section" for depth/fbbpp 24/32
[     2.049] (==) modeset(0): Depth 24, (==) framebuffer bpp 32
[     2.049] (==) modeset(0): RGB weight 888
[     2.049] (==) modeset(0): Default visual is TrueColor
[     2.049] (II) Loading sub module "glamoregl"
[     2.049] (II) LoadModule: "glamoregl"
[     2.049] (II) Loading /usr/lib/xorg/modules/libglamoregl.so
[     2.050] (II) Module glamoregl: vendor="X.Org Foundation"
[     2.050] 	compiled for 1.21.1.11, module version = 1.0.1
[     2.050] 	ABI class: X.Org ANSI C Emulation, version 0.4
[     2.066] (II) modeset(0): glamor X acceleration enabled on virgl (AMD Radeon RX 6600 XT (radeonsi, navi23, ACO, DRM 3....)
[     2.066] (II) modeset(0): glamor initialized
[     2.066] (==) modeset(0): VariableRefresh: disabled
[     2.066] (==) modeset(0): AsyncFlipSecondaries: disabled
[     2.066] (II) modeset(0): Output Virtual-1 has no monitor section
[     2.067] (II) modeset(0): EDID for output Virtual-1
[     2.067] (II) modeset(0): Manufacturer: RHT  Model: 1234  Serial#: 0
[     2.067] (II) modeset(0): Year: 2014  Week: 42
[     2.067] (II) modeset(0): EDID Version: 1.4
[     2.067] (II) modeset(0): Digital Display Input
[     2.067] (II) modeset(0): 8 bits per channel
[     2.067] (II) modeset(0): Digital interface is DisplayPort
[     2.067] (II) modeset(0): Max Image Size [cm]: horiz.: 32  vert.: 20
[     2.067] (II) modeset(0): Gamma: 2.20
[     2.067] (II) modeset(0): No DPMS capabilities specified
[     2.067] (II) modeset(0): Supported color encodings: RGB 4:4:4
[     2.067] (II) modeset(0): Default color space is primary color space
[     2.067] (II) modeset(0): First detailed timing is preferred mode
[     2.067] (II) modeset(0): Preferred mode is native pixel format and refresh rate
[     2.067] (II) modeset(0): redX: 0.640 redY: 0.330   greenX: 0.300 greenY: 0.600
[     2.067] (II) modeset(0): blueX: 0.150 blueY: 0.060   whiteX: 0.312 whiteY: 0.329
[     2.067] (II) modeset(0): Supported established timings:
[     2.067] (II) modeset(0): 640x480@60Hz
[     2.067] (II) modeset(0): 800x600@60Hz
[     2.067] (II) modeset(0): 1024x768@60Hz
[     2.067] (II) modeset(0): Manufacturer's mask: 0
[     2.067] (II) modeset(0): Supported standard timings:
[     2.067] (II) modeset(0): #0: hsize: 2048  vsize 1152  refresh: 60  vid: 49377
[     2.067] (II) modeset(0): #1: hsize: 1920  vsize 1080  refresh: 60  vid: 49361
[     2.067] (II) modeset(0): #2: hsize: 1920  vsize 1200  refresh: 60  vid: 209
[     2.067] (II) modeset(0): #3: hsize: 1600  vsize 1200  refresh: 60  vid: 16553
[     2.067] (II) modeset(0): #4: hsize: 1680  vsize 1050  refresh: 60  vid: 179
[     2.067] (II) modeset(0): #5: hsize: 1440  vsize 900  refresh: 60  vid: 149
[     2.067] (II) modeset(0): #6: hsize: 1280  vsize 1024  refresh: 60  vid: 32897
[     2.067] (II) modeset(0): #7: hsize: 1280  vsize 960  refresh: 60  vid: 16513
[     2.067] (II) modeset(0): Supported detailed timing:
[     2.067] (II) modeset(0): clock: 107.3 MHz   Image Size:  325 x 203 mm
[     2.067] (II) modeset(0): h_active: 1280  h_sync: 1600  h_sync_end 1638 h_blank_end 1728 h_border: 0
[     2.067] (II) modeset(0): v_active: 800  v_sync: 804  v_sync_end 808 v_blanking: 828 v_border: 0
[     2.067] (II) modeset(0): Established timings III: (not decoded)
[     2.067] (II) modeset(0): Ranges: V min: 50 V max: 125 Hz, H min: 30 H max: 160 kHz,
[     2.067] (II) modeset(0): Monitor name: QEMU Monitor
[     2.067] (II) modeset(0): Number of EDID sections to follow: 1
[     2.067] (II) modeset(0): EDID (in hex):
[     2.067] (II) modeset(0): 	00ffffffffffff004914341200000000
[     2.067] (II) modeset(0): 	2a180104a520147806ee91a3544c9926
[     2.067] (II) modeset(0): 	0f5054210800e1c0d1c0d100a940b300
[     2.067] (II) modeset(0): 	950081808140ea2900c051201c304026
[     2.067] (II) modeset(0): 	444045cb10000018000000f7000a0040
[     2.067] (II) modeset(0): 	82002820000000000000000000fd0032
[     2.067] (II) modeset(0): 	7d1ea0ff010a202020202020000000fc
[     2.067] (II) modeset(0): 	0051454d55204d6f6e69746f720a013a
[     2.067] (II) modeset(0): 	02030b00467d6560591f610000001000
[     2.067] (II) modeset(0): 	00000000000000000000000000000000
[     2.067] (II) modeset(0): 	10000000000000000000000000000000
[     2.067] (II) modeset(0): 	00001000000000000000000000000000
[     2.067] (II) modeset(0): 	00000000100000000000000000000000
[     2.067] (II) modeset(0): 	00000000000010000000000000000000
[     2.067] (II) modeset(0): 	00000000000000001000000000000000
[     2.067] (II) modeset(0): 	0000000000000000000000000000002f
[     2.067] (II) modeset(0): Printing probed modes for output Virtual-1
[     2.067] (II) modeset(0): Modeline "1280x800"x75.0  107.30  1280 1600 1638 1728  800 804 808 828 -hsync -vsync (62.1 kHz eP)
[     2.067] (II) modeset(0): Modeline "5120x2160"x50.0  742.50  5120 6216 6304 6600  2160 2168 2178 2250 +hsync +vsync (112.5 kHz e)
[     2.067] (II) modeset(0): Modeline "4096x2160"x50.0  594.00  4096 5064 5152 5280  2160 2168 2178 2250 +hsync +vsync (112.5 kHz e)
[     2.067] (II) modeset(0): Modeline "3840x2160"x60.0  594.00  3840 4016 4104 4400  2160 2168 2178 2250 +hsync +vsync (135.0 kHz e)
[     2.067] (II) modeset(0): Modeline "3840x2160"x50.0  594.00  3840 4896 4984 5280  2160 2168 2178 2250 +hsync +vsync (112.5 kHz e)
[     2.067] (II) modeset(0): Modeline "3840x2160"x59.9  593.41  3840 4016 4104 4400  2160 2168 2178 2250 +hsync +vsync (134.9 kHz e)
[     2.067] (II) modeset(0): Modeline "1920x1440"x60.0  234.00  1920 2048 2256 2600  1440 1441 1444 1500 -hsync +vsync (90.0 kHz e)
[     2.067] (II) modeset(0): Modeline "2560x1080"x50.0  185.62  2560 3108 3152 3300  1080 1084 1089 1125 +hsync +vsync (56.2 kHz e)
[     2.067] (II) modeset(0): Modeline "1856x1392"x60.0  218.25  1856 1952 2176 2528  1392 1393 1396 1439 -hsync +vsync (86.3 kHz e)
[     2.067] (II) modeset(0): Modeline "1792x1344"x60.0  204.75  1792 1920 2120 2448  1344 1345 1348 1394 -hsync +vsync (83.6 kHz e)
[     2.067] (II) modeset(0): Modeline "2048x1152"x60.0  162.00  2048 2074 2154 2250  1152 1153 1156 1200 +hsync +vsync (72.0 kHz e)
[     2.067] (II) modeset(0): Modeline "1920x1200"x59.9  193.25  1920 2056 2256 2592  1200 1203 1209 1245 -hsync +vsync (74.6 kHz e)
[     2.067] (II) modeset(0): Modeline "1920x1080"x60.0  148.50  1920 2008 2052 2200  1080 1084 1089 1125 -hsync -vsync (67.5 kHz e)
[     2.067] (II) modeset(0): Modeline "1920x1080"x50.0  148.50  1920 2448 2492 2640  1080 1084 1089 1125 +hsync +vsync (56.2 kHz e)
[     2.067] (II) modeset(0): Modeline "1600x1200"x60.0  162.00  1600 1664 1856 2160  1200 1201 1204 1250 +hsync +vsync (75.0 kHz e)
[     2.067] (II) modeset(0): Modeline "1680x1050"x60.0  146.25  1680 1784 1960 2240  1050 1053 1059 1089 -hsync +vsync (65.3 kHz e)
[     2.067] (II) modeset(0): Modeline "1400x1050"x60.0  121.75  1400 1488 1632 1864  1050 1053 1057 1089 -hsync +vsync (65.3 kHz e)
[     2.067] (II) modeset(0): Modeline "1280x1024"x60.0  108.00  1280 1328 1440 1688  1024 1025 1028 1066 +hsync +vsync (64.0 kHz e)
[     2.067] (II) modeset(0): Modeline "1440x900"x59.9  106.50  1440 1520 1672 1904  900 903 909 934 -hsync +vsync (55.9 kHz e)
[     2.067] (II) modeset(0): Modeline "1280x960"x60.0  108.00  1280 1376 1488 1800  960 961 964 1000 +hsync +vsync (60.0 kHz e)
[     2.067] (II) modeset(0): Modeline "1360x768"x60.0   85.50  1360 1424 1536 1792  768 771 777 795 +hsync +vsync (47.7 kHz e)
[     2.067] (II) modeset(0): Modeline "1280x768"x59.9   79.50  1280 1344 1472 1664  768 771 778 798 -hsync +vsync (47.8 kHz e)
[     2.067] (II) modeset(0): Modeline "1024x768"x60.0   65.00  1024 1048 1184 1344  768 771 777 806 -hsync -vsync (48.4 kHz e)
[     2.067] (II) modeset(0): Modeline "800x600"x60.3   40.00  800 840 968 1056  600 601 605 628 +hsync +vsync (37.9 kHz e)
[     2.067] (II) modeset(0): Modeline "640x480"x60.0   25.20  640 656 752 800  480 490 492 525 -hsync -vsync (31.5 kHz e)
[     2.067] (II) modeset(0): Modeline "640x480"x59.9   25.18  640 656 752 800  480 490 492 525 -hsync -vsync (31.5 kHz e)
[     2.067] (II) modeset(0): Output Virtual-1 connected
[     2.067] (II) modeset(0): Using exact sizes for initial modes
[     2.067] (II) modeset(0): Output Virtual-1 using initial mode 1280x800 +0+0
[     2.067] (==) modeset(0): Using gamma correction (1.0, 1.0, 1.0)
[     2.067] (==) modeset(0): DPI set to (96, 96)
[     2.067] (II) Loading sub module "fb"
[     2.067] (II) LoadModule: "fb"
[     2.067] (II) Module "fb" already built-in
[     2.067] (==) modeset(G0): Depth 24, (==) framebuffer bpp 32
[     2.067] (==) modeset(G0): RGB weight 888
[     2.067] (==) modeset(G0): Default visual is TrueColor
[     2.067] (II) Loading sub module "glamoregl"
[     2.067] (II) LoadModule: "glamoregl"
[     2.067] (II) Loading /usr/lib/xorg/modules/libglamoregl.so
[     2.067] (II) Module glamoregl: vendor="X.Org Foundation"
[     2.067] 	compiled for 1.21.1.11, module version = 1.0.1
[     2.067] 	ABI class: X.Org ANSI C Emulation, version 0.4
[     2.091] (II) modeset(G0): Refusing to try glamor on llvmpipe
[     2.092] (II) modeset(G0): glamor initialization failed
[     2.092] (II) modeset(G0): ShadowFB: preferred NO, enabled NO
[     2.092] (II) modeset(G0): Output DVI-I-1-1 has no monitor section
[     2.092] (II) modeset(G0): EDID for output DVI-I-1-1
[     2.092] (==) modeset(G0): Using gamma correction (1.0, 1.0, 1.0)
[     2.092] (==) modeset(G0): DPI set to (96, 96)
[     2.092] (II) Loading sub module "fb"
[     2.092] (II) LoadModule: "fb"
[     2.092] (II) Module "fb" already built-in
[     2.092] (==) modeset(G1): Depth 24, (==) framebuffer bpp 32
[     2.092] (==) modeset(G1): RGB weight 888
[     2.092] (==) modeset(G1): Default visual is TrueColor
[     2.092] (II) Loading sub module "glamoregl"
[     2.092] (II) LoadModule: "glamoregl"
[     2.092] (II) Loading /usr/lib/xorg/modules/libglamoregl.so
[     2.092] (II) Module glamoregl: vendor="X.Org Foundation"
[     2.092] 	compiled for 1.21.1.11, module version = 1.0.1
[     2.092] 	ABI class: X.Org ANSI C Emulation, version 0.4
[     2.101] (II) modeset(G1): Refusing to try glamor on llvmpipe
[     2.101] (II) modeset(G1): glamor initialization failed
[     2.101] (II) modeset(G1): ShadowFB: preferred NO, enabled NO
[     2.101] (II) modeset(G1): Output DVI-I-2-2 has no monitor section
[     2.101] (II) modeset(G1): EDID for output DVI-I-2-2
[     2.101] (==) modeset(G1): Using gamma correction (1.0, 1.0, 1.0)
[     2.101] (==) modeset(G1): DPI set to (96, 96)
[     2.101] (II) Loading sub module "fb"
[     2.101] (II) LoadModule: "fb"
[     2.101] (II) Module "fb" already built-in
[     2.111] (==) modeset(0): Backing store enabled
[     2.111] (==) modeset(0): Silken mouse enabled
[     2.115] (II) modeset(0): Initializing kms color map for depth 24, 8 bpc.
[     2.115] (==) modeset(0): DPMS enabled
[     2.115] (II) modeset(0): [DRI2] Setup complete
[     2.115] (II) modeset(0): [DRI2]   DRI driver: virtio_gpu
[     2.115] (II) modeset(0): [DRI2]   VDPAU driver: virtio_gpu
[     2.115] (==) modeset(G0): Backing store enabled
[     2.115] (==) modeset(G0): Silken mouse enabled
[     2.115] (II) modeset(G0): Initializing kms color map for depth 24, 8 bpc.
[     2.115] (==) modeset(G0): DPMS enabled
[     2.115] (==) modeset(G1): Backing store enabled
[     2.115] (==) modeset(G1): Silken mouse enabled
[     2.115] (II) modeset(G1): Initializing kms color map for depth 24, 8 bpc.
[     2.115] (==) modeset(G1): DPMS enabled
[     2.115] (II) Initializing extension Generic Event Extension
[     2.115] (II) Initializing extension SHAPE
[     2.115] (II) Initializing extension MIT-SHM
[     2.115] (II) Initializing extension XInputExtension
[     2.115] (II) Initializing extension XTEST
[     2.115] (II) Initializing extension BIG-REQUESTS
[     2.115] (II) Initializing extension SYNC
[     2.115] (II) Initializing extension XKEYBOARD
[     2.115] (II) Initializing extension XC-MISC
[     2.115] (II) Initializing extension SECURITY
[     2.115] (II) Initializing extension XFIXES
[     2.115] (II) Initializing extension RENDER
[     2.115] (II) Initializing extension RANDR
[     2.115] (II) Initializing extension COMPOSITE
[     2.115] (II) Initializing extension DAMAGE
[     2.115] (II) Initializing extension MIT-SCREEN-SAVER
[     2.115] (II) Initializing extension DOUBLE-BUFFER
[     2.115] (II) Initializing extension RECORD
[     2.115] (II) Initializing extension DPMS
[     2.115] (II) Initializing extension Present
[     2.115] (II) Initializing extension DRI3
[     2.115] (II) Initializing extension X-Resource
[     2.115] (II) Initializing extension XVideo
[     2.115] (II) Initializing extension XVideo-MotionCompensation
[     2.115] (II) Initializing extension SELinux
[     2.115] (II) SELinux: Disabled on system
[     2.116] (II) Initializing extension GLX
[     2.118] (II) AIGLX: Loaded and initialized virtio_gpu
[     2.118] (II) GLX: Initialized DRI2 GL provider for screen 0
[     2.118] (II) Initializing extension XFree86-VidModeExtension
[     2.118] (II) Initializing extension XFree86-DGA
[     2.118] (II) Initializing extension XFree86-DRI
[     2.118] (II) Initializing extension DRI2
[     2.118] (II) modeset(G0): Damage tracking initialized
[     2.119] (II) modeset(G1): Damage tracking initialized
[     2.119] (II) modeset(0): Damage tracking initialized
[     2.119] (II) modeset(0): Setting screen physical size to 338 x 211
[     2.128] (II) LoadModule: "mouse"
[     2.128] (WW) Warning, couldn't open module mouse
[     2.128] (EE) Failed to load module "mouse" (module does not exist, 0)
[     2.128] (EE) No input driver matching `mouse'
[     2.128] (II) Falling back to input driver `libinput'
[     2.128] (II) LoadModule: "libinput"
[     2.128] (WW) Warning, couldn't open module libinput
[     2.128] (EE) Failed to load module "libinput" (module does not exist, 0)
[     2.128] (II) LoadModule: "kbd"
[     2.128] (WW) Warning, couldn't open module kbd
[     2.128] (EE) Failed to load module "kbd" (module does not exist, 0)
[     2.128] (EE) No input driver matching `kbd'
[     2.128] (II) Falling back to input driver `libinput'
[     2.128] (II) LoadModule: "libinput"
[     2.128] (WW) Warning, couldn't open module libinput
[     2.128] (EE) Failed to load module "libinput" (module does not exist, 0)
[     2.142] (EE) dbus-core: error connecting to system bus: org.freedesktop.DBus.Error.FileNotFound (Failed to connect to socket /run/dbus/system_bus_socket: No such file or directory)
name of display:    :0
version number:    11.0
vendor string:    The X.Org Foundation
vendor release number:    12101011
X.Org version: 21.1.11
maximum request size:  16777212 bytes
motion buffer size:  256
bitmap unit, bit order, padding:    32, LSBFirst, 32
image byte order:    LSBFirst
number of supported pixmap formats:    7
supported pixmap formats:
    depth 1, bits_per_pixel 1, scanline_pad 32
[   11.244367] reboot: Power down
xf86: remove device 0 /sys/devices/pci0000:00/0000:00:01.0/drm/card1
